[22:32:09.062] INF [diag] ── device.formats 全表：Back Ultra Wide Camera · 61 个 · activeFormat 已在用 ──
[22:32:09.062] INF [diag] #00 192x144|875704438|1-60 photoMax=192x144/4032x3024 binned=N
[22:32:09.062] INF [diag] #01 192x144|875704422|1-60 photoMax=192x144/4032x3024 binned=N
[22:32:09.062] INF [diag] #02 352x288|875704438|1-60 photoMax=352x288/3696x3024 binned=N
[22:32:09.062] INF [diag] #03 352x288|875704422|1-60 photoMax=352x288/3696x3024 binned=N
[22:32:09.062] INF [diag] #04 480x360|875704438|1-60 photoMax=480x360/4032x3024 binned=N
[22:32:09.062] INF [diag] #05 480x360|875704422|1-60 photoMax=480x360/4032x3024 binned=N
[22:32:09.062] INF [diag] #06 640x480|875704438|1-60 photoMax=640x480/4032x3024 binned=N
[22:32:09.062] INF [diag] #07 640x480|875704422|1-60 photoMax=640x480/4032x3024 binned=N
[22:32:09.062] INF [diag] #08 640x480|875704438|1-60 photoMax=640x480/2016x1512 binned=Y
[22:32:09.062] INF [diag] #09 640x480|875704422|1-60 photoMax=640x480/2016x1512 binned=Y
[22:32:09.062] INF [diag] #10 960x540|875704438|1-60 photoMax=960x540/4224x2376 binned=N
[22:32:09.062] INF [diag] #11 960x540|875704422|1-60 photoMax=960x540/4224x2376 binned=N
[22:32:09.062] INF [diag] #12 1024x768|875704438|1-60 photoMax=1024x768/4032x3024 binned=N
[22:32:09.062] INF [diag] #13 1024x768|875704422|1-60 photoMax=1024x768/4032x3024 binned=N
[22:32:09.062] INF [diag] #14 1280x720|875704438|1-30 photoMax=1280x720/4224x2376 binned=N
[22:32:09.062] INF [diag] #15 1280x720|875704422|1-30 photoMax=1280x720/4224x2376 binned=N
[22:32:09.062] INF [diag] #16 1280x720|2016686640|1-30 photoMax=1280x720/4224x2376 binned=N
[22:32:09.062] INF [diag] #17 1280x720|875704438|1-60 photoMax=1280x720/4224x2376 binned=N
[22:32:09.062] INF [diag] #18 1280x720|875704422|1-60 photoMax=1280x720/4224x2376 binned=N
[22:32:09.062] INF [diag] #19 1280x720|2016686640|1-60 photoMax=1280x720/4224x2376 binned=N
[22:32:09.062] INF [diag] #20 1280x720|875704438|1-60 photoMax=1280x720/2112x1188 binned=Y
[22:32:09.062] INF [diag] #21 1280x720|875704422|1-60 photoMax=1280x720/2112x1188 binned=Y
[22:32:09.062] INF [diag] #22 1280x720|875704438|1-240 photoMax=1280x720 binned=Y
[22:32:09.062] INF [diag] #23 1280x720|875704422|1-240 photoMax=1280x720 binned=Y
[22:32:09.062] INF [diag] #24 1440x1080|875704438|1-60 photoMax=1440x1080/2016x1512 binned=Y
[22:32:09.062] INF [diag] #25 1440x1080|875704422|1-60 photoMax=1440x1080/2016x1512 binned=Y
[22:32:09.062] INF [diag] #26 1920x1080|875704438|1-30 photoMax=1920x1080/4224x2376 binned=N
[22:32:09.062] INF [diag] #27 1920x1080|875704422|1-30 photoMax=1920x1080/4224x2376 binned=N
[22:32:09.062] INF [diag] #28 1920x1080|2016686640|1-30 photoMax=1920x1080/4224x2376 binned=N
[22:32:09.062] INF [diag] #29 1920x1080|2016686642|1-30 photoMax=1920x1080/4224x2376 binned=N
[22:32:09.062] INF [diag] #30 1920x1080|875704438|1-60 photoMax=1920x1080/4224x2376 binned=N
[22:32:09.062] INF [diag] #31 1920x1080|875704422|1-60 photoMax=1920x1080/4224x2376 binned=N
[22:32:09.062] INF [diag] #32 1920x1080|2016686640|1-60 photoMax=1920x1080/4224x2376 binned=N
[22:32:09.062] INF [diag] #33 1920x1080|2016686642|1-60 photoMax=1920x1080/4224x2376 binned=N
[22:32:09.062] INF [diag] #34 1920x1080|875704438|1-60 photoMax=1920x1080/2112x1188 binned=Y
[22:32:09.062] INF [diag] #35 1920x1080|875704422|1-60 photoMax=1920x1080/2112x1188 binned=Y
[22:32:09.062] INF [diag] #36 1920x1080|875704438|1-120 photoMax=1920x1080 binned=N
[22:32:09.062] INF [diag] #37 1920x1080|875704422|1-120 photoMax=1920x1080 binned=N
[22:32:09.062] INF [diag] #38 1920x1080|875704438|1-240 photoMax=1920x1080 binned=Y
[22:32:09.062] INF [diag] #39 1920x1080|875704422|1-240 photoMax=1920x1080 binned=Y
[22:32:09.062] INF [diag] #40 1920x1440|2016686642|1-30 photoMax=1920x1440/4032x3024 binned=N
[22:32:09.062] INF [diag] #41 1920x1440|875704438|1-60 photoMax=1920x1440/4032x3024 binned=N
[22:32:09.062] INF [diag] #42 1920x1440|875704422|1-60 photoMax=1920x1440/4032x3024 binned=N
[22:32:09.062] INF [diag] #43 1920x1440|2016686640|1-60 photoMax=1920x1440/4032x3024 binned=N
[22:32:09.062] INF [diag] #44 1920x1440|2016686642|1-60 photoMax=1920x1440/4032x3024 binned=N
[22:32:09.062] INF [diag] #45 1920x1440|875704438|1-60 photoMax=1920x1440/2016x1512 binned=Y
[22:32:09.062] INF [diag] #46 1920x1440|875704422|1-60 photoMax=1920x1440/2016x1512 binned=Y
[22:32:09.062] INF [diag] #47 2592x1944|875704438|1-30 photoMax=2592x1944/4032x3024 binned=N
[22:32:09.062] INF [diag] #48 2592x1944|875704422|1-30 photoMax=2592x1944/4032x3024 binned=N
[22:32:09.062] INF [diag] #49 3264x2448|875704438|1-30 photoMax=3264x2448/4032x3024 binned=N
[22:32:09.062] INF [diag] #50 3264x2448|875704422|1-30 photoMax=3264x2448/4032x3024 binned=N
[22:32:09.062] INF [diag] #51 3840x2160|875704438|1-30 photoMax=3840x2160/4224x2376 binned=N
[22:32:09.062] INF [diag] #52 3840x2160|875704422|1-30 photoMax=3840x2160/4224x2376 binned=N
[22:32:09.062] INF [diag] #53 3840x2160|2016686640|1-30 photoMax=3840x2160/4224x2376 binned=N
[22:32:09.062] INF [diag] #54 3840x2160|2016686642|1-30 photoMax=3840x2160/4224x2376 binned=N
[22:32:09.062] INF [diag] #55 3840x2160|875704438|1-60 photoMax=3840x2160 binned=N
[22:32:09.062] INF [diag] #56 3840x2160|875704422|1-60 photoMax=3840x2160 binned=N
[22:32:09.062] INF [diag] #57 3840x2160|2016686640|1-60 photoMax=3840x2160 binned=N
[22:32:09.062] INF [diag] #58 3840x2160|2016686642|1-60 photoMax=3840x2160 binned=N
[22:32:09.062] INF [diag] #59 4032x3024|875704438|1-30 photoMax=4032x3024/8064x6048 binned=N   ← 预热真跑命中（Live=true）
[22:32:09.062] INF [diag] #60 4032x3024|875704422|1-30 photoMax=4032x3024/8064x6048 binned=N
[22:32:09.062] INF [diag] ── device.formats 全表：Back Camera · 67 个 · activeFormat 已在用 ──
[22:32:09.062] INF [diag] #00 192x144|875704438|1-60 photoMax=192x144/4032x3024 binned=N
[22:32:09.062] INF [diag] #01 192x144|875704422|1-60 photoMax=192x144/4032x3024 binned=N
[22:32:09.062] INF [diag] #02 352x288|875704438|1-60 photoMax=352x288/3696x3024 binned=N
[22:32:09.062] INF [diag] #03 352x288|875704422|1-60 photoMax=352x288/3696x3024 binned=N
[22:32:09.062] INF [diag] #04 480x360|875704438|1-60 photoMax=480x360/4032x3024 binned=N
[22:32:09.062] INF [diag] #05 480x360|875704422|1-60 photoMax=480x360/4032x3024 binned=N
[22:32:09.062] INF [diag] #06 640x480|875704438|1-60 photoMax=640x480/4032x3024 binned=N
[22:32:09.062] INF [diag] #07 640x480|875704422|1-60 photoMax=640x480/4032x3024 binned=N
[22:32:09.062] INF [diag] #08 640x480|875704438|1-60 photoMax=640x480/2016x1512 binned=Y
[22:32:09.062] INF [diag] #09 640x480|875704422|1-60 photoMax=640x480/2016x1512 binned=Y
[22:32:09.062] INF [diag] #10 960x540|875704438|1-60 photoMax=960x540/4224x2376 binned=N
[22:32:09.062] INF [diag] #11 960x540|875704422|1-60 photoMax=960x540/4224x2376 binned=N
[22:32:09.062] INF [diag] #12 1024x768|875704438|1-60 photoMax=1024x768/4032x3024 binned=N
[22:32:09.062] INF [diag] #13 1024x768|875704422|1-60 photoMax=1024x768/4032x3024 binned=N
[22:32:09.062] INF [diag] #14 1280x720|875704438|1-30 photoMax=1280x720/4224x2376 binned=N
[22:32:09.062] INF [diag] #15 1280x720|875704422|1-30 photoMax=1280x720/4224x2376 binned=N
[22:32:09.062] INF [diag] #16 1280x720|2016686640|1-30 photoMax=1280x720/4224x2376 binned=N
[22:32:09.062] INF [diag] #17 1280x720|875704438|1-60 photoMax=1280x720/4224x2376 binned=N
[22:32:09.062] INF [diag] #18 1280x720|875704422|1-60 photoMax=1280x720/4224x2376 binned=N
[22:32:09.062] INF [diag] #19 1280x720|2016686640|1-60 photoMax=1280x720/4224x2376 binned=N
[22:32:09.062] INF [diag] #20 1280x720|875704438|1-60 photoMax=1280x720/2112x1188 binned=Y
[22:32:09.063] INF [diag] #21 1280x720|875704422|1-60 photoMax=1280x720/2112x1188 binned=Y
[22:32:09.063] INF [diag] #22 1280x720|875704438|1-240 photoMax=1280x720 binned=Y
[22:32:09.063] INF [diag] #23 1280x720|875704422|1-240 photoMax=1280x720 binned=Y
[22:32:09.063] INF [diag] #24 1440x1080|875704438|1-60 photoMax=1440x1080/2016x1512 binned=Y
[22:32:09.063] INF [diag] #25 1440x1080|875704422|1-60 photoMax=1440x1080/2016x1512 binned=Y
[22:32:09.063] INF [diag] #26 1920x1080|875704438|1-30 photoMax=1920x1080/4224x2376 binned=N
[22:32:09.063] INF [diag] #27 1920x1080|875704422|1-30 photoMax=1920x1080/4224x2376 binned=N
[22:32:09.063] INF [diag] #28 1920x1080|2016686640|1-30 photoMax=1920x1080/4224x2376 binned=N
[22:32:09.063] INF [diag] #29 1920x1080|2016686642|1-30 photoMax=1920x1080/4224x2376 binned=N
[22:32:09.063] INF [diag] #30 1920x1080|875704438|1-60 photoMax=1920x1080/4224x2376 binned=N
[22:32:09.063] INF [diag] #31 1920x1080|875704422|1-60 photoMax=1920x1080/4224x2376 binned=N
[22:32:09.063] INF [diag] #32 1920x1080|2016686640|1-60 photoMax=1920x1080/4224x2376 binned=N
[22:32:09.063] INF [diag] #33 1920x1080|2016686642|1-60 photoMax=1920x1080/4224x2376 binned=N
[22:32:09.063] INF [diag] #34 1920x1080|875704438|1-60 photoMax=1920x1080/2112x1188 binned=Y
[22:32:09.063] INF [diag] #35 1920x1080|875704422|1-60 photoMax=1920x1080/2112x1188 binned=Y
[22:32:09.063] INF [diag] #36 1920x1080|875704438|1-120 photoMax=1920x1080 binned=N
[22:32:09.063] INF [diag] #37 1920x1080|875704422|1-120 photoMax=1920x1080 binned=N
[22:32:09.063] INF [diag] #38 1920x1080|2016686640|1-120 photoMax=1920x1080 binned=N
[22:32:09.063] INF [diag] #39 1920x1080|2016686642|1-120 photoMax=1920x1080 binned=N
[22:32:09.063] INF [diag] #40 1920x1080|875704438|1-240 photoMax=1920x1080 binned=Y
[22:32:09.063] INF [diag] #41 1920x1080|875704422|1-240 photoMax=1920x1080 binned=Y
[22:32:09.063] INF [diag] #42 1920x1440|2016686642|1-30 photoMax=1920x1440/4032x3024 binned=N
[22:32:09.063] INF [diag] #43 1920x1440|875704438|1-60 photoMax=1920x1440/4032x3024 binned=N
[22:32:09.063] INF [diag] #44 1920x1440|875704422|1-60 photoMax=1920x1440/4032x3024 binned=N
[22:32:09.063] INF [diag] #45 1920x1440|2016686640|1-60 photoMax=1920x1440/4032x3024 binned=N
[22:32:09.063] INF [diag] #46 1920x1440|2016686642|1-60 photoMax=1920x1440/4032x3024 binned=N
[22:32:09.063] INF [diag] #47 1920x1440|875704438|1-60 photoMax=1920x1440/2016x1512 binned=Y
[22:32:09.063] INF [diag] #48 1920x1440|875704422|1-60 photoMax=1920x1440/2016x1512 binned=Y
[22:32:09.063] INF [diag] #49 2592x1944|875704438|1-30 photoMax=2592x1944/4032x3024 binned=N
[22:32:09.063] INF [diag] #50 2592x1944|875704422|1-30 photoMax=2592x1944/4032x3024 binned=N
[22:32:09.063] INF [diag] #51 3264x2448|875704438|1-30 photoMax=3264x2448/4032x3024 binned=N
[22:32:09.063] INF [diag] #52 3264x2448|875704422|1-30 photoMax=3264x2448/4032x3024 binned=N
[22:32:09.063] INF [diag] #53 3840x2160|875704438|1-30 photoMax=3840x2160/4224x2376 binned=N
[22:32:09.063] INF [diag] #54 3840x2160|875704422|1-30 photoMax=3840x2160/4224x2376 binned=N
[22:32:09.063] INF [diag] #55 3840x2160|2016686640|1-30 photoMax=3840x2160/4224x2376 binned=N
[22:32:09.063] INF [diag] #56 3840x2160|2016686642|1-30 photoMax=3840x2160/4224x2376 binned=N
[22:32:09.063] INF [diag] #57 3840x2160|875704438|1-60 photoMax=3840x2160 binned=N
[22:32:09.063] INF [diag] #58 3840x2160|875704422|1-60 photoMax=3840x2160 binned=N
[22:32:09.063] INF [diag] #59 3840x2160|2016686640|1-60 photoMax=3840x2160 binned=N
[22:32:09.063] INF [diag] #60 3840x2160|2016686642|1-60 photoMax=3840x2160 binned=N
[22:32:09.063] INF [diag] #61 3840x2160|875704438|1-120 photoMax=3840x2160 binned=N
[22:32:09.063] INF [diag] #62 3840x2160|875704422|1-120 photoMax=3840x2160 binned=N
[22:32:09.063] INF [diag] #63 3840x2160|2016686640|1-120 photoMax=3840x2160 binned=N
[22:32:09.063] INF [diag] #64 3840x2160|2016686642|1-120 photoMax=3840x2160 binned=N
[22:32:09.063] INF [diag] #65 4032x3024|875704438|1-30 photoMax=4032x3024/8064x6048 binned=N   ← 预热真跑命中（Live=true）
[22:32:09.063] INF [diag] #66 4032x3024|875704422|1-30 photoMax=4032x3024/8064x6048 binned=N
[22:32:09.063] INF [diag] ── device.formats 全表：Back Telephoto Camera · 61 个 · activeFormat 已在用 ──
[22:32:09.063] INF [diag] #00 192x144|875704438|1-60 photoMax=192x144/4032x3024 binned=N
[22:32:09.063] INF [diag] #01 192x144|875704422|1-60 photoMax=192x144/4032x3024 binned=N
[22:32:09.063] INF [diag] #02 352x288|875704438|1-60 photoMax=352x288/3696x3024 binned=N
[22:32:09.063] INF [diag] #03 352x288|875704422|1-60 photoMax=352x288/3696x3024 binned=N
[22:32:09.063] INF [diag] #04 480x360|875704438|1-60 photoMax=480x360/4032x3024 binned=N
[22:32:09.063] INF [diag] #05 480x360|875704422|1-60 photoMax=480x360/4032x3024 binned=N
[22:32:09.063] INF [diag] #06 640x480|875704438|1-60 photoMax=640x480/4032x3024 binned=N
[22:32:09.063] INF [diag] #07 640x480|875704422|1-60 photoMax=640x480/4032x3024 binned=N
[22:32:09.063] INF [diag] #08 640x480|875704438|1-60 photoMax=640x480/2016x1512 binned=Y
[22:32:09.063] INF [diag] #09 640x480|875704422|1-60 photoMax=640x480/2016x1512 binned=Y
[22:32:09.063] INF [diag] #10 960x540|875704438|1-60 photoMax=960x540/4224x2376 binned=N
[22:32:09.063] INF [diag] #11 960x540|875704422|1-60 photoMax=960x540/4224x2376 binned=N
[22:32:09.063] INF [diag] #12 1024x768|875704438|1-60 photoMax=1024x768/4032x3024 binned=N
[22:32:09.063] INF [diag] #13 1024x768|875704422|1-60 photoMax=1024x768/4032x3024 binned=N
[22:32:09.063] INF [diag] #14 1280x720|875704438|1-30 photoMax=1280x720/4224x2376 binned=N
[22:32:09.063] INF [diag] #15 1280x720|875704422|1-30 photoMax=1280x720/4224x2376 binned=N
[22:32:09.063] INF [diag] #16 1280x720|2016686640|1-30 photoMax=1280x720/4224x2376 binned=N
[22:32:09.063] INF [diag] #17 1280x720|875704438|1-60 photoMax=1280x720/4224x2376 binned=N
[22:32:09.063] INF [diag] #18 1280x720|875704422|1-60 photoMax=1280x720/4224x2376 binned=N
[22:32:09.063] INF [diag] #19 1280x720|2016686640|1-60 photoMax=1280x720/4224x2376 binned=N
[22:32:09.063] INF [diag] #20 1280x720|875704438|1-60 photoMax=1280x720/2112x1188 binned=Y
[22:32:09.063] INF [diag] #21 1280x720|875704422|1-60 photoMax=1280x720/2112x1188 binned=Y
[22:32:09.063] INF [diag] #22 1280x720|875704438|1-240 photoMax=1280x720 binned=Y
[22:32:09.063] INF [diag] #23 1280x720|875704422|1-240 photoMax=1280x720 binned=Y
[22:32:09.063] INF [diag] #24 1440x1080|875704438|1-60 photoMax=1440x1080/2016x1512 binned=Y
[22:32:09.063] INF [diag] #25 1440x1080|875704422|1-60 photoMax=1440x1080/2016x1512 binned=Y
[22:32:09.063] INF [diag] #26 1920x1080|875704438|1-30 photoMax=1920x1080/4224x2376 binned=N
[22:32:09.063] INF [diag] #27 1920x1080|875704422|1-30 photoMax=1920x1080/4224x2376 binned=N
[22:32:09.063] INF [diag] #28 1920x1080|2016686640|1-30 photoMax=1920x1080/4224x2376 binned=N
[22:32:09.064] INF [diag] #29 1920x1080|2016686642|1-30 photoMax=1920x1080/4224x2376 binned=N
[22:32:09.064] INF [diag] #30 1920x1080|875704438|1-60 photoMax=1920x1080/4224x2376 binned=N
[22:32:09.064] INF [diag] #31 1920x1080|875704422|1-60 photoMax=1920x1080/4224x2376 binned=N
[22:32:09.064] INF [diag] #32 1920x1080|2016686640|1-60 photoMax=1920x1080/4224x2376 binned=N
[22:32:09.064] INF [diag] #33 1920x1080|2016686642|1-60 photoMax=1920x1080/4224x2376 binned=N
[22:32:09.064] INF [diag] #34 1920x1080|875704438|1-60 photoMax=1920x1080/2112x1188 binned=Y
[22:32:09.064] INF [diag] #35 1920x1080|875704422|1-60 photoMax=1920x1080/2112x1188 binned=Y
[22:32:09.064] INF [diag] #36 1920x1080|875704438|1-120 photoMax=1920x1080 binned=N
[22:32:09.064] INF [diag] #37 1920x1080|875704422|1-120 photoMax=1920x1080 binned=N
[22:32:09.064] INF [diag] #38 1920x1080|875704438|1-240 photoMax=1920x1080 binned=Y
[22:32:09.064] INF [diag] #39 1920x1080|875704422|1-240 photoMax=1920x1080 binned=Y
[22:32:09.064] INF [diag] #40 1920x1440|2016686642|1-30 photoMax=1920x1440/4032x3024 binned=N
[22:32:09.064] INF [diag] #41 1920x1440|875704438|1-60 photoMax=1920x1440/4032x3024 binned=N
[22:32:09.064] INF [diag] #42 1920x1440|875704422|1-60 photoMax=1920x1440/4032x3024 binned=N
[22:32:09.064] INF [diag] #43 1920x1440|2016686640|1-60 photoMax=1920x1440/4032x3024 binned=N
[22:32:09.064] INF [diag] #44 1920x1440|2016686642|1-60 photoMax=1920x1440/4032x3024 binned=N
[22:32:09.064] INF [diag] #45 1920x1440|875704438|1-60 photoMax=1920x1440/2016x1512 binned=Y
[22:32:09.064] INF [diag] #46 1920x1440|875704422|1-60 photoMax=1920x1440/2016x1512 binned=Y
[22:32:09.064] INF [diag] #47 2592x1944|875704438|1-30 photoMax=2592x1944/4032x3024 binned=N
[22:32:09.064] INF [diag] #48 2592x1944|875704422|1-30 photoMax=2592x1944/4032x3024 binned=N
[22:32:09.064] INF [diag] #49 3264x2448|875704438|1-30 photoMax=3264x2448/4032x3024 binned=N
[22:32:09.064] INF [diag] #50 3264x2448|875704422|1-30 photoMax=3264x2448/4032x3024 binned=N
[22:32:09.064] INF [diag] #51 3840x2160|875704438|1-30 photoMax=3840x2160/4224x2376 binned=N
[22:32:09.064] INF [diag] #52 3840x2160|875704422|1-30 photoMax=3840x2160/4224x2376 binned=N
[22:32:09.064] INF [diag] #53 3840x2160|2016686640|1-30 photoMax=3840x2160/4224x2376 binned=N
[22:32:09.064] INF [diag] #54 3840x2160|2016686642|1-30 photoMax=3840x2160/4224x2376 binned=N
[22:32:09.064] INF [diag] #55 3840x2160|875704438|1-60 photoMax=3840x2160 binned=N
[22:32:09.064] INF [diag] #56 3840x2160|875704422|1-60 photoMax=3840x2160 binned=N
[22:32:09.064] INF [diag] #57 3840x2160|2016686640|1-60 photoMax=3840x2160 binned=N
[22:32:09.064] INF [diag] #58 3840x2160|2016686642|1-60 photoMax=3840x2160 binned=N
[22:32:09.064] INF [diag] #59 4032x3024|875704438|1-30 photoMax=4032x3024 binned=N   ← 预热真跑命中（Live=true）
[22:32:09.064] INF [diag] #60 4032x3024|875704422|1-30 photoMax=4032x3024 binned=N
[22:32:09.064] INF [diag] ── device.formats 全表打印结束（三颗）──
[22:32:11.095] INF [diag] ── device.formats 全表：Back Ultra Wide Camera · 61 个 · activeFormat 已在用 ──
[22:32:11.095] INF [diag] #00 192x144|875704438|1-60 photoMax=192x144/4032x3024 binned=N
[22:32:11.095] INF [diag] #01 192x144|875704422|1-60 photoMax=192x144/4032x3024 binned=N
[22:32:11.095] INF [diag] #02 352x288|875704438|1-60 photoMax=352x288/3696x3024 binned=N
[22:32:11.095] INF [diag] #03 352x288|875704422|1-60 photoMax=352x288/3696x3024 binned=N
[22:32:11.095] INF [diag] #04 480x360|875704438|1-60 photoMax=480x360/4032x3024 binned=N
[22:32:11.095] INF [diag] #05 480x360|875704422|1-60 photoMax=480x360/4032x3024 binned=N
[22:32:11.095] INF [diag] #06 640x480|875704438|1-60 photoMax=640x480/4032x3024 binned=N
[22:32:11.095] INF [diag] #07 640x480|875704422|1-60 photoMax=640x480/4032x3024 binned=N
[22:32:11.095] INF [diag] #08 640x480|875704438|1-60 photoMax=640x480/2016x1512 binned=Y
[22:32:11.096] INF [diag] #09 640x480|875704422|1-60 photoMax=640x480/2016x1512 binned=Y
[22:32:11.096] INF [diag] #10 960x540|875704438|1-60 photoMax=960x540/4224x2376 binned=N
[22:32:11.096] INF [diag] #11 960x540|875704422|1-60 photoMax=960x540/4224x2376 binned=N
[22:32:11.096] INF [diag] #12 1024x768|875704438|1-60 photoMax=1024x768/4032x3024 binned=N
[22:32:11.096] INF [diag] #13 1024x768|875704422|1-60 photoMax=1024x768/4032x3024 binned=N
[22:32:11.096] INF [diag] #14 1280x720|875704438|1-30 photoMax=1280x720/4224x2376 binned=N
[22:32:11.096] INF [diag] #15 1280x720|875704422|1-30 photoMax=1280x720/4224x2376 binned=N
[22:32:11.096] INF [diag] #16 1280x720|2016686640|1-30 photoMax=1280x720/4224x2376 binned=N
[22:32:11.096] INF [diag] #17 1280x720|875704438|1-60 photoMax=1280x720/4224x2376 binned=N
[22:32:11.096] INF [diag] #18 1280x720|875704422|1-60 photoMax=1280x720/4224x2376 binned=N
[22:32:11.096] INF [diag] #19 1280x720|2016686640|1-60 photoMax=1280x720/4224x2376 binned=N
[22:32:11.096] INF [diag] #20 1280x720|875704438|1-60 photoMax=1280x720/2112x1188 binned=Y
[22:32:11.096] INF [diag] #21 1280x720|875704422|1-60 photoMax=1280x720/2112x1188 binned=Y
[22:32:11.096] INF [diag] #22 1280x720|875704438|1-240 photoMax=1280x720 binned=Y
[22:32:11.096] INF [diag] #23 1280x720|875704422|1-240 photoMax=1280x720 binned=Y
[22:32:11.096] INF [diag] #24 1440x1080|875704438|1-60 photoMax=1440x1080/2016x1512 binned=Y
[22:32:11.096] INF [diag] #25 1440x1080|875704422|1-60 photoMax=1440x1080/2016x1512 binned=Y
[22:32:11.096] INF [diag] #26 1920x1080|875704438|1-30 photoMax=1920x1080/4224x2376 binned=N
[22:32:11.096] INF [diag] #27 1920x1080|875704422|1-30 photoMax=1920x1080/4224x2376 binned=N
[22:32:11.096] INF [diag] #28 1920x1080|2016686640|1-30 photoMax=1920x1080/4224x2376 binned=N
[22:32:11.096] INF [diag] #29 1920x1080|2016686642|1-30 photoMax=1920x1080/4224x2376 binned=N
[22:32:11.096] INF [diag] #30 1920x1080|875704438|1-60 photoMax=1920x1080/4224x2376 binned=N
[22:32:11.096] INF [diag] #31 1920x1080|875704422|1-60 photoMax=1920x1080/4224x2376 binned=N
[22:32:11.096] INF [diag] #32 1920x1080|2016686640|1-60 photoMax=1920x1080/4224x2376 binned=N
[22:32:11.096] INF [diag] #33 1920x1080|2016686642|1-60 photoMax=1920x1080/4224x2376 binned=N
[22:32:11.096] INF [diag] #34 1920x1080|875704438|1-60 photoMax=1920x1080/2112x1188 binned=Y
[22:32:11.096] INF [diag] #35 1920x1080|875704422|1-60 photoMax=1920x1080/2112x1188 binned=Y
[22:32:11.096] INF [diag] #36 1920x1080|875704438|1-120 photoMax=1920x1080 binned=N
[22:32:11.096] INF [diag] #37 1920x1080|875704422|1-120 photoMax=1920x1080 binned=N
[22:32:11.097] INF [diag] #38 1920x1080|875704438|1-240 photoMax=1920x1080 binned=Y
[22:32:11.097] INF [diag] #39 1920x1080|875704422|1-240 photoMax=1920x1080 binned=Y
[22:32:11.097] INF [diag] #40 1920x1440|2016686642|1-30 photoMax=1920x1440/4032x3024 binned=N
[22:32:11.097] INF [diag] #41 1920x1440|875704438|1-60 photoMax=1920x1440/4032x3024 binned=N
[22:32:11.097] INF [diag] #42 1920x1440|875704422|1-60 photoMax=1920x1440/4032x3024 binned=N
[22:32:11.097] INF [diag] #43 1920x1440|2016686640|1-60 photoMax=1920x1440/4032x3024 binned=N
[22:32:11.097] INF [diag] #44 1920x1440|2016686642|1-60 photoMax=1920x1440/4032x3024 binned=N
[22:32:11.097] INF [diag] #45 1920x1440|875704438|1-60 photoMax=1920x1440/2016x1512 binned=Y
[22:32:11.097] INF [diag] #46 1920x1440|875704422|1-60 photoMax=1920x1440/2016x1512 binned=Y
[22:32:11.097] INF [diag] #47 2592x1944|875704438|1-30 photoMax=2592x1944/4032x3024 binned=N
[22:32:11.097] INF [diag] #48 2592x1944|875704422|1-30 photoMax=2592x1944/4032x3024 binned=N
[22:32:11.097] INF [diag] #49 3264x2448|875704438|1-30 photoMax=3264x2448/4032x3024 binned=N
[22:32:11.097] INF [diag] #50 3264x2448|875704422|1-30 photoMax=3264x2448/4032x3024 binned=N
[22:32:11.097] INF [diag] #51 3840x2160|875704438|1-30 photoMax=3840x2160/4224x2376 binned=N
[22:32:11.097] INF [diag] #52 3840x2160|875704422|1-30 photoMax=3840x2160/4224x2376 binned=N
[22:32:11.097] INF [diag] #53 3840x2160|2016686640|1-30 photoMax=3840x2160/4224x2376 binned=N
[22:32:11.097] INF [diag] #54 3840x2160|2016686642|1-30 photoMax=3840x2160/4224x2376 binned=N
[22:32:11.097] INF [diag] #55 3840x2160|875704438|1-60 photoMax=3840x2160 binned=N
[22:32:11.097] INF [diag] #56 3840x2160|875704422|1-60 photoMax=3840x2160 binned=N
[22:32:11.097] INF [diag] #57 3840x2160|2016686640|1-60 photoMax=3840x2160 binned=N
[22:32:11.097] INF [diag] #58 3840x2160|2016686642|1-60 photoMax=3840x2160 binned=N
[22:32:11.097] INF [diag] #59 4032x3024|875704438|1-30 photoMax=4032x3024/8064x6048 binned=N   ← 预热真跑命中（Live=true）
[22:32:11.097] INF [diag] #60 4032x3024|875704422|1-30 photoMax=4032x3024/8064x6048 binned=N
[22:32:11.097] INF [diag] ── device.formats 全表：Back Camera · 67 个 · activeFormat 已在用 ──
[22:32:11.097] INF [diag] #00 192x144|875704438|1-60 photoMax=192x144/4032x3024 binned=N
[22:32:11.097] INF [diag] #01 192x144|875704422|1-60 photoMax=192x144/4032x3024 binned=N
[22:32:11.097] INF [diag] #02 352x288|875704438|1-60 photoMax=352x288/3696x3024 binned=N
[22:32:11.097] INF [diag] #03 352x288|875704422|1-60 photoMax=352x288/3696x3024 binned=N
[22:32:11.097] INF [diag] #04 480x360|875704438|1-60 photoMax=480x360/4032x3024 binned=N
[22:32:11.097] INF [diag] #05 480x360|875704422|1-60 photoMax=480x360/4032x3024 binned=N
[22:32:11.097] INF [diag] #06 640x480|875704438|1-60 photoMax=640x480/4032x3024 binned=N
[22:32:11.097] INF [diag] #07 640x480|875704422|1-60 photoMax=640x480/4032x3024 binned=N
[22:32:11.097] INF [diag] #08 640x480|875704438|1-60 photoMax=640x480/2016x1512 binned=Y
[22:32:11.097] INF [diag] #09 640x480|875704422|1-60 photoMax=640x480/2016x1512 binned=Y
[22:32:11.097] INF [diag] #10 960x540|875704438|1-60 photoMax=960x540/4224x2376 binned=N
[22:32:11.097] INF [diag] #11 960x540|875704422|1-60 photoMax=960x540/4224x2376 binned=N
[22:32:11.097] INF [diag] #12 1024x768|875704438|1-60 photoMax=1024x768/4032x3024 binned=N
[22:32:11.097] INF [diag] #13 1024x768|875704422|1-60 photoMax=1024x768/4032x3024 binned=N
[22:32:11.098] INF [diag] #14 1280x720|875704438|1-30 photoMax=1280x720/4224x2376 binned=N
[22:32:11.098] INF [diag] #15 1280x720|875704422|1-30 photoMax=1280x720/4224x2376 binned=N
[22:32:11.098] INF [diag] #16 1280x720|2016686640|1-30 photoMax=1280x720/4224x2376 binned=N
[22:32:11.098] INF [diag] #17 1280x720|875704438|1-60 photoMax=1280x720/4224x2376 binned=N
[22:32:11.098] INF [diag] #18 1280x720|875704422|1-60 photoMax=1280x720/4224x2376 binned=N
[22:32:11.098] INF [diag] #19 1280x720|2016686640|1-60 photoMax=1280x720/4224x2376 binned=N
[22:32:11.098] INF [diag] #20 1280x720|875704438|1-60 photoMax=1280x720/2112x1188 binned=Y
[22:32:11.098] INF [diag] #21 1280x720|875704422|1-60 photoMax=1280x720/2112x1188 binned=Y
[22:32:11.098] INF [diag] #22 1280x720|875704438|1-240 photoMax=1280x720 binned=Y
[22:32:11.098] INF [diag] #23 1280x720|875704422|1-240 photoMax=1280x720 binned=Y
[22:32:11.098] INF [diag] #24 1440x1080|875704438|1-60 photoMax=1440x1080/2016x1512 binned=Y
[22:32:11.098] INF [diag] #25 1440x1080|875704422|1-60 photoMax=1440x1080/2016x1512 binned=Y
[22:32:11.099] INF [diag] #26 1920x1080|875704438|1-30 photoMax=1920x1080/4224x2376 binned=N
[22:32:11.099] INF [diag] #27 1920x1080|875704422|1-30 photoMax=1920x1080/4224x2376 binned=N
[22:32:11.099] INF [diag] #28 1920x1080|2016686640|1-30 photoMax=1920x1080/4224x2376 binned=N
[22:32:11.099] INF [diag] #29 1920x1080|2016686642|1-30 photoMax=1920x1080/4224x2376 binned=N
[22:32:11.099] INF [diag] #30 1920x1080|875704438|1-60 photoMax=1920x1080/4224x2376 binned=N
[22:32:11.099] INF [diag] #31 1920x1080|875704422|1-60 photoMax=1920x1080/4224x2376 binned=N
[22:32:11.099] INF [diag] #32 1920x1080|2016686640|1-60 photoMax=1920x1080/4224x2376 binned=N
[22:32:11.099] INF [diag] #33 1920x1080|2016686642|1-60 photoMax=1920x1080/4224x2376 binned=N
[22:32:11.099] INF [diag] #34 1920x1080|875704438|1-60 photoMax=1920x1080/2112x1188 binned=Y
[22:32:11.099] INF [diag] #35 1920x1080|875704422|1-60 photoMax=1920x1080/2112x1188 binned=Y
[22:32:11.099] INF [diag] #36 1920x1080|875704438|1-120 photoMax=1920x1080 binned=N
[22:32:11.099] INF [diag] #37 1920x1080|875704422|1-120 photoMax=1920x1080 binned=N
[22:32:11.099] INF [diag] #38 1920x1080|2016686640|1-120 photoMax=1920x1080 binned=N
[22:32:11.099] INF [diag] #39 1920x1080|2016686642|1-120 photoMax=1920x1080 binned=N
[22:32:11.099] INF [diag] #40 1920x1080|875704438|1-240 photoMax=1920x1080 binned=Y
[22:32:11.099] INF [diag] #41 1920x1080|875704422|1-240 photoMax=1920x1080 binned=Y
[22:32:11.099] INF [diag] #42 1920x1440|2016686642|1-30 photoMax=1920x1440/4032x3024 binned=N
[22:32:11.099] INF [diag] #43 1920x1440|875704438|1-60 photoMax=1920x1440/4032x3024 binned=N
[22:32:11.099] INF [diag] #44 1920x1440|875704422|1-60 photoMax=1920x1440/4032x3024 binned=N
[22:32:11.099] INF [diag] #45 1920x1440|2016686640|1-60 photoMax=1920x1440/4032x3024 binned=N
[22:32:11.099] INF [diag] #46 1920x1440|2016686642|1-60 photoMax=1920x1440/4032x3024 binned=N
[22:32:11.099] INF [diag] #47 1920x1440|875704438|1-60 photoMax=1920x1440/2016x1512 binned=Y
[22:32:11.099] INF [diag] #48 1920x1440|875704422|1-60 photoMax=1920x1440/2016x1512 binned=Y
[22:32:11.099] INF [diag] #49 2592x1944|875704438|1-30 photoMax=2592x1944/4032x3024 binned=N
[22:32:11.099] INF [diag] #50 2592x1944|875704422|1-30 photoMax=2592x1944/4032x3024 binned=N
[22:32:11.099] INF [diag] #51 3264x2448|875704438|1-30 photoMax=3264x2448/4032x3024 binned=N
[22:32:11.099] INF [diag] #52 3264x2448|875704422|1-30 photoMax=3264x2448/4032x3024 binned=N
[22:32:11.100] INF [diag] #53 3840x2160|875704438|1-30 photoMax=3840x2160/4224x2376 binned=N
[22:32:11.100] INF [diag] #54 3840x2160|875704422|1-30 photoMax=3840x2160/4224x2376 binned=N
[22:32:11.100] INF [diag] #55 3840x2160|2016686640|1-30 photoMax=3840x2160/4224x2376 binned=N
[22:32:11.100] INF [diag] #56 3840x2160|2016686642|1-30 photoMax=3840x2160/4224x2376 binned=N
[22:32:11.100] INF [diag] #57 3840x2160|875704438|1-60 photoMax=3840x2160 binned=N
[22:32:11.100] INF [diag] #58 3840x2160|875704422|1-60 photoMax=3840x2160 binned=N
[22:32:11.100] INF [diag] #59 3840x2160|2016686640|1-60 photoMax=3840x2160 binned=N
[22:32:11.100] INF [diag] #60 3840x2160|2016686642|1-60 photoMax=3840x2160 binned=N
[22:32:11.100] INF [diag] #61 3840x2160|875704438|1-120 photoMax=3840x2160 binned=N
[22:32:11.100] INF [diag] #62 3840x2160|875704422|1-120 photoMax=3840x2160 binned=N
[22:32:11.100] INF [diag] #63 3840x2160|2016686640|1-120 photoMax=3840x2160 binned=N
[22:32:11.100] INF [diag] #64 3840x2160|2016686642|1-120 photoMax=3840x2160 binned=N
[22:32:11.100] INF [diag] #65 4032x3024|875704438|1-30 photoMax=4032x3024/8064x6048 binned=N   ← 预热真跑命中（Live=true）
[22:32:11.100] INF [diag] #66 4032x3024|875704422|1-30 photoMax=4032x3024/8064x6048 binned=N
[22:32:11.100] INF [diag] ── device.formats 全表：Back Telephoto Camera · 61 个 · activeFormat 已在用 ──
[22:32:11.100] INF [diag] #00 192x144|875704438|1-60 photoMax=192x144/4032x3024 binned=N
[22:32:11.100] INF [diag] #01 192x144|875704422|1-60 photoMax=192x144/4032x3024 binned=N
[22:32:11.100] INF [diag] #02 352x288|875704438|1-60 photoMax=352x288/3696x3024 binned=N
[22:32:11.100] INF [diag] #03 352x288|875704422|1-60 photoMax=352x288/3696x3024 binned=N
[22:32:11.100] INF [diag] #04 480x360|875704438|1-60 photoMax=480x360/4032x3024 binned=N
[22:32:11.100] INF [diag] #05 480x360|875704422|1-60 photoMax=480x360/4032x3024 binned=N
[22:32:11.100] INF [diag] #06 640x480|875704438|1-60 photoMax=640x480/4032x3024 binned=N
[22:32:11.100] INF [diag] #07 640x480|875704422|1-60 photoMax=640x480/4032x3024 binned=N
[22:32:11.100] INF [diag] #08 640x480|875704438|1-60 photoMax=640x480/2016x1512 binned=Y
[22:32:11.100] INF [diag] #09 640x480|875704422|1-60 photoMax=640x480/2016x1512 binned=Y
[22:32:11.100] INF [diag] #10 960x540|875704438|1-60 photoMax=960x540/4224x2376 binned=N
[22:32:11.100] INF [diag] #11 960x540|875704422|1-60 photoMax=960x540/4224x2376 binned=N
[22:32:11.100] INF [diag] #12 1024x768|875704438|1-60 photoMax=1024x768/4032x3024 binned=N
[22:32:11.100] INF [diag] #13 1024x768|875704422|1-60 photoMax=1024x768/4032x3024 binned=N
[22:32:11.100] INF [diag] #14 1280x720|875704438|1-30 photoMax=1280x720/4224x2376 binned=N
[22:32:11.100] INF [diag] #15 1280x720|875704422|1-30 photoMax=1280x720/4224x2376 binned=N
[22:32:11.100] INF [diag] #16 1280x720|2016686640|1-30 photoMax=1280x720/4224x2376 binned=N
[22:32:11.100] INF [diag] #17 1280x720|875704438|1-60 photoMax=1280x720/4224x2376 binned=N
[22:32:11.100] INF [diag] #18 1280x720|875704422|1-60 photoMax=1280x720/4224x2376 binned=N
[22:32:11.100] INF [diag] #19 1280x720|2016686640|1-60 photoMax=1280x720/4224x2376 binned=N
[22:32:11.100] INF [diag] #20 1280x720|875704438|1-60 photoMax=1280x720/2112x1188 binned=Y
[22:32:11.100] INF [diag] #21 1280x720|875704422|1-60 photoMax=1280x720/2112x1188 binned=Y
[22:32:11.100] INF [diag] #22 1280x720|875704438|1-240 photoMax=1280x720 binned=Y
[22:32:11.100] INF [diag] #23 1280x720|875704422|1-240 photoMax=1280x720 binned=Y
[22:32:11.100] INF [diag] #24 1440x1080|875704438|1-60 photoMax=1440x1080/2016x1512 binned=Y
[22:32:11.100] INF [diag] #25 1440x1080|875704422|1-60 photoMax=1440x1080/2016x1512 binned=Y
[22:32:11.100] INF [diag] #26 1920x1080|875704438|1-30 photoMax=1920x1080/4224x2376 binned=N
[22:32:11.101] INF [diag] #27 1920x1080|875704422|1-30 photoMax=1920x1080/4224x2376 binned=N
[22:32:11.101] INF [diag] #28 1920x1080|2016686640|1-30 photoMax=1920x1080/4224x2376 binned=N
[22:32:11.101] INF [diag] #29 1920x1080|2016686642|1-30 photoMax=1920x1080/4224x2376 binned=N
[22:32:11.101] INF [diag] #30 1920x1080|875704438|1-60 photoMax=1920x1080/4224x2376 binned=N
[22:32:11.101] INF [diag] #31 1920x1080|875704422|1-60 photoMax=1920x1080/4224x2376 binned=N
[22:32:11.101] INF [diag] #32 1920x1080|2016686640|1-60 photoMax=1920x1080/4224x2376 binned=N
[22:32:11.101] INF [diag] #33 1920x1080|2016686642|1-60 photoMax=1920x1080/4224x2376 binned=N
[22:32:11.101] INF [diag] #34 1920x1080|875704438|1-60 photoMax=1920x1080/2112x1188 binned=Y
[22:32:11.101] INF [diag] #35 1920x1080|875704422|1-60 photoMax=1920x1080/2112x1188 binned=Y
[22:32:11.101] INF [diag] #36 1920x1080|875704438|1-120 photoMax=1920x1080 binned=N
[22:32:11.101] INF [diag] #37 1920x1080|875704422|1-120 photoMax=1920x1080 binned=N
[22:32:11.101] INF [diag] #38 1920x1080|875704438|1-240 photoMax=1920x1080 binned=Y
[22:32:11.101] INF [diag] #39 1920x1080|875704422|1-240 photoMax=1920x1080 binned=Y
[22:32:11.101] INF [diag] #40 1920x1440|2016686642|1-30 photoMax=1920x1440/4032x3024 binned=N
[22:32:11.101] INF [diag] #41 1920x1440|875704438|1-60 photoMax=1920x1440/4032x3024 binned=N
[22:32:11.101] INF [diag] #42 1920x1440|875704422|1-60 photoMax=1920x1440/4032x3024 binned=N
[22:32:11.101] INF [diag] #43 1920x1440|2016686640|1-60 photoMax=1920x1440/4032x3024 binned=N
[22:32:11.101] INF [diag] #44 1920x1440|2016686642|1-60 photoMax=1920x1440/4032x3024 binned=N
[22:32:11.101] INF [diag] #45 1920x1440|875704438|1-60 photoMax=1920x1440/2016x1512 binned=Y
[22:32:11.101] INF [diag] #46 1920x1440|875704422|1-60 photoMax=1920x1440/2016x1512 binned=Y
[22:32:11.101] INF [diag] #47 2592x1944|875704438|1-30 photoMax=2592x1944/4032x3024 binned=N
[22:32:11.101] INF [diag] #48 2592x1944|875704422|1-30 photoMax=2592x1944/4032x3024 binned=N
[22:32:11.101] INF [diag] #49 3264x2448|875704438|1-30 photoMax=3264x2448/4032x3024 binned=N
[22:32:11.101] INF [diag] #50 3264x2448|875704422|1-30 photoMax=3264x2448/4032x3024 binned=N
[22:32:11.101] INF [diag] #51 3840x2160|875704438|1-30 photoMax=3840x2160/4224x2376 binned=N
[22:32:11.101] INF [diag] #52 3840x2160|875704422|1-30 photoMax=3840x2160/4224x2376 binned=N
[22:32:11.101] INF [diag] #53 3840x2160|2016686640|1-30 photoMax=3840x2160/4224x2376 binned=N
[22:32:11.101] INF [diag] #54 3840x2160|2016686642|1-30 photoMax=3840x2160/4224x2376 binned=N
[22:32:11.101] INF [diag] #55 3840x2160|875704438|1-60 photoMax=3840x2160 binned=N
[22:32:11.101] INF [diag] #56 3840x2160|875704422|1-60 photoMax=3840x2160 binned=N
[22:32:11.101] INF [diag] #57 3840x2160|2016686640|1-60 photoMax=3840x2160 binned=N
[22:32:11.101] INF [diag] #58 3840x2160|2016686642|1-60 photoMax=3840x2160 binned=N
[22:32:11.101] INF [diag] #59 4032x3024|875704438|1-30 photoMax=4032x3024 binned=N   ← 预热真跑命中（Live=true）
[22:32:11.101] INF [diag] #60 4032x3024|875704422|1-30 photoMax=4032x3024 binned=N
[22:32:11.101] INF [diag] ── device.formats 全表打印结束（三颗）──
