LumenEdit 日志启动 2026-09-21 22:25:00
device=iPhone17,1  system=26.6.0
============================================================
[22:25:00.141] INF [render] CIContext 初始化完成，后端=Apple A18 Pro GPU
[22:25:00.174] INF [app] AppEnvironment 初始化完成，hud=true grid=true tone=true
[22:25:00.196] INF [ui] 相机页已装配
[22:25:00.218] DBG [perm] 刷新权限 camera=已授权 mic=已授权 albumAdd=未决定 albumRead=未决定
[22:25:00.218] DBG [thumb] 无相册读取权限，跳过最新照片缩略图
[22:25:00.218] DBG [perm] 刷新权限 camera=已授权 mic=已授权 albumAdd=未决定 albumRead=未决定
[22:25:00.223] INF [device] 格式已应用 Back Triple Camera 4032x3024 1-30fps 4:3 photoMax=4032x3024/5712x4284 fps=30
[22:25:00.223] INF [session] 采集格式命中**缓存**（跳过探测循环）：4032x3024 1-30fps 4:3 photoMax=4032x3024/5712x4284
[22:25:00.223] INF [photo] 照片编码格式：hvc1
[22:25:00.223] INF [session] 变焦拓扑：deviceType=AVCaptureDeviceTypeBuiltInTripleCamera · constituents=3 · 角色=[超广角,广角,长焦] · switchOver=[2.000, 10.000] · 原生阶梯=[1.000, 2.000, 10.000] · 档位=13→1.000 / 24→2.000 / 35→2.917 / 48→4.000 / 120→10.000 · 不可用=无 · zoomRange=[1.00, 189.00]
[22:25:00.223] INF [session] 手动参数能力：曝光(custom)=false / 白平衡(锁定增益)=false / 对焦(锁定位置)=false
[22:25:00.223] INF [session] 会话配置完成，Live Photo 支持=true
[22:25:00.223] INF [session] startRunning()
[22:25:00.226] INF [hardware] 相机控制按钮交互已挂载（无该按钮的设备上不会触发）
[22:25:00.228] INF [session] 预热跳过：3 颗镜头的格式都已在缓存里
[22:25:01.554] DBG [preview] 预览层已绑定会话
[22:25:01.631] INF [session] 预热跳过：3 颗镜头的格式都已在缓存里
[22:25:01.655] INF [resource] 模式 照片 · input 活 1（累计增/删 1/0） · output 活 1（累计增/删 1/0） · 内存 26.0MB
[22:25:01.662] DBG [preview] 点按对焦 view=(236,484) device=(0.62,0.44)
[22:25:01.663] DBG [device] 对焦点 → (0.62, 0.44)
[22:25:01.663] INF [session] 点按对焦后档位：曝光=自动 / 白平衡=自动 / 意图=曝光自动·白平衡自动
[22:25:01.670] DBG [ui] 会话就绪 · 焦段 24mm 已对齐（变焦 2.00×）
[22:25:02.765] INF [session] 切换模式 照片 → 视频
[22:25:02.838] WRN [resource] ⚠️ 资源超出预期（多出来的那个就是泄漏的形状）：模式 照片 · input 活 2（累计增/删 2/0） · output 活 1（累计增/删 1/0） · 内存 28.0MB · 预期 input ≤ 1 / output ≤ 1
[22:25:02.838] INF [session] 已加入麦克风输入
[22:25:02.891] INF [audio] 音频会话已激活（active=true category=AVAudioSessionCategoryPlayAndRecord mode=AVAudioSessionModeVideoRecording 48000Hz ch=1）
[22:25:02.892] WRN [resource] ⚠️ 资源超出预期（多出来的那个就是泄漏的形状）：模式 照片 · input 活 2（累计增/删 2/0） · output 活 0（累计增/删 1/1） · 内存 28.1MB · 预期 input ≤ 1 / output ≤ 1
[22:25:02.894] WRN [resource] ⚠️ 资源超出预期（多出来的那个就是泄漏的形状）：模式 照片 · input 活 2（累计增/删 2/0） · output 活 1（累计增/删 2/1） · 内存 28.1MB · 预期 input ≤ 1 / output ≤ 1
[22:25:03.538] INF [session] 切模式 commit 后瞬间档位：曝光=自动 / 白平衡=自动 / 快照=曝光自动·白平衡自动
[22:25:03.538] DBG [photo] 视频：录制链路不挂照片输出，跳过照片模板准备
[22:25:03.539] INF [session] 切模式后档位复查（视频）：曝光=自动 / 白平衡=自动 / 对焦意图=自动 / EV=+0.0
[22:25:03.540] INF [session] 切模式耗时 0.77s（视频；含 outputs 重配与参数重放）
[22:25:03.540] WRN [resource] ⚠️ 资源超出预期（多出来的那个就是泄漏的形状）：模式 照片 · input 活 2（累计增/删 2/0） · output 活 1（累计增/删 2/1） · 内存 28.0MB · 预期 input ≤ 1 / output ≤ 1
[22:25:03.543] INF [resource] 模式 视频 · input 活 2（累计增/删 2/0） · output 活 1（累计增/删 2/1） · 内存 28.0MB
[22:25:04.716] DBG [ui] 刻度条展开 → 后台预切换物理设备（为手动档铺路 · 无转场）
[22:25:04.716] DBG [ui] 刻度条展开（白平衡）
[22:25:04.716] DBG [ui] toast: 白平衡：自动（点右侧开关切手动）
[22:25:04.716] INF [session] 静默换形态（后台挂设备 · 无转场）→ 物理单摄（24 mm）
[22:25:05.234] INF [device] 格式已应用 Back Camera 1920x1440 1-30fps 4:3 photoMax=1920x1440/4032x3024 fps=30
[22:25:05.236] INF [session] 选用采集格式 1920x1440 1-30fps 4:3 photoMax=1920x1440/4032x3024，Live Photo 能力=false（候选共 41 个，已缓存并落盘）
[22:25:05.236] INF [session] 搬运：EV 已重放（+0.0）
[22:25:05.236] INF [session] 搬运：对焦显式降级 → 连续自动（预检 ⑤）
[22:25:05.236] INF [session] 换设备后新设备档位复查：曝光=自动 / 白平衡=自动 / 对焦=自动（显式降级） / EV=+0.0
[22:25:05.237] INF [session] 换设备完成（静默·无转场）→ 物理单摄（24 mm）；当前档位 24 mm；Live Photo 能力=false；耗时 0.52s
[22:25:05.237] INF [session] 静默换形态耗时 0.52s（命中格式缓存 ≈0.3~0.8s；每设备首次冷探测 4~5s）
[22:25:05.882] DBG [ui] 切手动白平衡档：初值取设备当前值 6239K
[22:25:05.882] DBG [ui] toast: 白平衡 已切手动（初值取当前画面值）· 左右滑动刻度调节
[22:25:05.884] INF [device] 手动白平衡档：6239K（色调跟随当前值 8）
[22:25:06.516] DBG [ui] 刻度条展开（ISO）
[22:25:06.516] DBG [ui] toast: ISO：自动（点右侧开关切手动）
[22:25:06.672] INF [resource] 模式 视频 · input 活 2（累计增/删 3/1） · output 活 1（累计增/删 2/1） · 内存 148.4MB
[22:25:07.232] DBG [ui] 切手动曝光档：初值 ISO 682 / 1/35s（设备当前值）
[22:25:07.232] DBG [ui] toast: ISO 已切手动（初值取当前画面值）· 左右滑动刻度调节
[22:25:07.234] INF [device] 手动曝光档：ISO 682 快门 1/35s
[22:25:08.184] DBG [ui] 对焦圆盘展开（入口：图标行「对焦」） · 连带收起 ISO 刻度条
[22:25:08.184] DBG [ui] toast: 手动对焦：拖动圆盘调焦（0.0 近 → ∞ 远） · ISO 刻度条已收起
[22:25:09.191] DBG [ui] 自动对焦已关 → 手动（当前值 0.23 锁定）
[22:25:09.191] DBG [ui] toast: 自动对焦已关：现在可以拖动圆盘手动调焦
[22:25:09.662] INF [resource] 模式 视频 · input 活 2（累计增/删 3/1） · output 活 1（累计增/删 2/1） · 内存 32.5MB
[22:25:09.979] DBG [preview] 点按对焦 view=(324,428) device=(0.55,0.29)
[22:25:09.979] DBG [ui] 对焦圆盘收起（点别处）
[22:25:09.979] DBG [ui] 手动对焦锁定中 + 对焦盘开着 → 点按仅测光（不解除手动档，防误触）
[22:25:09.979] DBG [device] 点按测光（对焦已锁定，不动焦）→ (0.55, 0.29)
[22:25:11.214] DBG [ui] 物理会话同镜头变焦 → 35 mm（zoom 1.46×）
[22:25:11.214] DBG [ui] toast: 焦段 35 mm · 变焦 1.46×
[22:25:11.757] DBG [ui] 刻度条展开（ISO）
[22:25:11.757] DBG [ui] toast: ISO：手动 681（左右滑动刻度）
[22:25:12.384] DBG [ui] 刻度条收起（ISO）
[22:25:12.384] DBG [ui] toast: ISO 刻度条已收起
[22:25:12.887] DBG [ui] 刻度条展开（白平衡）
[22:25:12.887] DBG [ui] toast: 白平衡：手动 6240K（左右滑动刻度）
[22:25:13.587] INF [device] 手动白平衡档：6300K（色调跟随当前值 8）
[22:25:13.616] INF [resource] 模式 视频 · input 活 2（累计增/删 3/1） · output 活 1（累计增/删 2/1） · 内存 32.0MB
[22:25:13.682] INF [device] 手动白平衡档：6400K（色调跟随当前值 8）
[22:25:13.766] INF [device] 手动白平衡档：6500K（色调跟随当前值 8）
[22:25:14.236] INF [device] 手动白平衡档：6400K（色调跟随当前值 8）
[22:25:14.299] INF [device] 手动白平衡档：6300K（色调跟随当前值 8）
[22:25:14.303] INF [resource] 模式 视频 · input 活 2（累计增/删 3/1） · output 活 1（累计增/删 2/1） · 内存 31.9MB
[22:25:14.616] INF [device] 手动白平衡档：6200K（色调跟随当前值 8）
[22:25:14.733] DBG [ui] 刻度条 白平衡 松手吸附到 6200K
[22:25:14.733] INF [device] 手动白平衡档：6200K（色调跟随当前值 8）
[22:25:15.035] DBG [ui] 刻度条展开（ISO）
[22:25:15.036] DBG [ui] toast: ISO：手动 681（左右滑动刻度）
[22:25:15.556] DBG [ui] 刻度条草稿 0.8s 未与硬件回读对齐 → 强制交回硬件真值（写值可能被 clamp 过）
[22:25:15.582] INF [device] 手动曝光档：ISO 800 快门 1/35s
[22:25:15.672] INF [resource] 模式 视频 · input 活 2（累计增/删 3/1） · output 活 1（累计增/删 2/1） · 内存 31.1MB
[22:25:15.673] INF [device] 手动曝光档：ISO 1000 快门 1/35s
[22:25:15.879] INF [device] 手动曝光档：ISO 1200 快门 1/35s
[22:25:16.098] INF [device] 手动曝光档：ISO 1600 快门 1/35s
[22:25:16.596] DBG [ui] 刻度条 ISO 松手吸附到 1600
[22:25:16.597] INF [device] 手动曝光档：ISO 1600 快门 1/35s
[22:25:16.660] INF [resource] 模式 视频 · input 活 2（累计增/删 3/1） · output 活 1（累计增/删 2/1） · 内存 30.9MB
[22:25:17.014] DBG [preview] 点按对焦 view=(39,326) device=(0.42,0.78)
[22:25:17.014] DBG [ui] 刻度条收起（点别处）
[22:25:17.014] INF [ui] 手动对焦锁定中 → 点按取景器：解除手动档并重新对焦（方案 A）
[22:25:17.014] DBG [ui] toast: 已解除手动对焦 · 正在重新对焦
[22:25:17.020] DBG [device] 对焦点 → (0.42, 0.78)
[22:25:17.021] INF [device] 手动曝光档：ISO 1598 快门 1/35s
[22:25:17.021] INF [session] 点按对焦后按意图重放手动曝光（ISO 1598 / 1/35s）
[22:25:17.021] INF [device] 手动白平衡档：6201K（色调跟随当前值 8）
[22:25:17.021] INF [session] 点按对焦后按意图重放手动白平衡（6201K）
[22:25:17.022] INF [session] 点按对焦后档位：曝光=手动 / 白平衡=手动 / 意图=曝光手动·白平衡手动
[22:25:18.187] INF [session] stopRunning()
[22:25:18.333] WRN [session] ⚠️ 直播会话被打断：后台不可用（良性 · 与预热无关）（raw 1）
[22:25:18.333] INF [session] 打断原因属良性（进后台）→ 不拆预热
[22:25:18.334] INF [audio] 音频会话已释放
[22:25:18.334] WRN [audio] 音频会话被系统中断（来电/闹钟等）
[22:25:23.340] INF [audio] 音频会话已激活（active=true category=AVAudioSessionCategoryPlayAndRecord mode=AVAudioSessionModeVideoRecording 48000Hz ch=1）
[22:25:23.340] INF [session] startRunning()
[22:25:23.597] INF [session] 预热跳过：当前模式 视频（缓存按模式分键）
[22:25:23.635] INF [resource] 模式 视频 · input 活 2（累计增/删 3/1） · output 活 1（累计增/删 2/1） · 内存 30.4MB
[22:25:23.656] DBG [ui] 会话就绪 · 焦段 35mm 已对齐（变焦 1.46×）
[22:25:23.931] DBG [ui] toast: 已呼出滤镜条 · 再上划一次呼出场景与风格
[22:25:24.477] DBG [ui] toast: 已呼出场景与风格 · 下划收起
[22:25:25.056] DBG [ui] toast: 已收起场景与风格
[22:25:25.526] DBG [ui] toast: 没有更多可收起的浮层
[22:25:25.586] DBG [ui] toast: 场景 街拍：白平衡建议 5000K · EV +0.0
[22:25:27.773] INF [resource] 模式 视频 · input 活 2（累计增/删 3/1） · output 活 1（累计增/删 2/1） · 内存 57.6MB
[22:25:30.005] DBG [ui] 刻度条展开（ISO）
[22:25:30.005] DBG [ui] toast: ISO：手动 297（左右滑动刻度）
[22:25:30.631] INF [device] 手动曝光档：ISO 400 快门 1/40s
[22:25:30.694] INF [device] 手动曝光档：ISO 500 快门 1/40s
[22:25:30.707] INF [resource] 模式 视频 · input 活 2（累计增/删 3/1） · output 活 1（累计增/删 2/1） · 内存 37.9MB
[22:25:30.931] INF [device] 手动曝光档：ISO 640 快门 1/40s
[22:25:30.977] DBG [ui] 刻度条 ISO 松手吸附到 640
[22:25:30.977] INF [device] 手动曝光档：ISO 640 快门 1/40s
[22:25:31.315] INF [device] 手动曝光档：ISO 800 快门 1/40s
[22:25:31.477] DBG [ui] 刻度条 ISO 松手吸附到 800
[22:25:31.477] INF [device] 手动曝光档：ISO 800 快门 1/40s
[22:25:31.638] INF [resource] 模式 视频 · input 活 2（累计增/删 3/1） · output 活 1（累计增/删 2/1） · 内存 37.5MB
[22:25:31.979] DBG [ui] 刻度条展开（白平衡）
[22:25:31.979] DBG [ui] toast: 白平衡：手动 6202K（左右滑动刻度）
[22:25:32.469] DBG [ui] 对焦圆盘展开（入口：图标行「对焦」） · 连带收起 白平衡 刻度条
[22:25:32.469] DBG [ui] toast: 手动对焦：拖动圆盘调焦（0.0 近 → ∞ 远） · 白平衡 刻度条已收起
[22:25:34.630] DBG [ui] 自动对焦已关 → 手动（当前值 0.36 锁定）
[22:25:34.630] DBG [ui] toast: 自动对焦已关：现在可以拖动圆盘手动调焦
[22:25:35.398] INF [resource] 模式 视频 · input 活 2（累计增/删 3/1） · output 活 1（累计增/删 2/1） · 内存 36.9MB
[22:25:35.491] INF [resource] 模式 视频 · input 活 2（累计增/删 3/1） · output 活 1（累计增/删 2/1） · 内存 36.9MB
[22:25:35.724] DBG [preview] 点按对焦 view=(281,442) device=(0.57,0.36)
[22:25:35.724] DBG [ui] 对焦圆盘收起（点别处）
[22:25:35.724] DBG [ui] 手动对焦锁定中 + 对焦盘开着 → 点按仅测光（不解除手动档，防误触）
[22:25:35.724] DBG [device] 点按测光（对焦已锁定，不动焦）→ (0.57, 0.36)
[22:25:36.471] INF [session] 切换模式 视频 → 照片
[22:25:36.476] INF [session] 已移除麦克风输入
[22:25:36.608] INF [audio] 音频会话已释放
[22:25:36.889] INF [session] 切模式 commit 后瞬间档位：曝光=手动 / 白平衡=手动 / 快照=曝光手动·白平衡手动
[22:25:36.890] INF [photo] 照片编码格式：hvc1
[22:25:36.890] INF [device] 手动曝光档：ISO 799 快门 1/40s
[22:25:36.890] INF [session] 切模式：手动曝光已按快照重放（ISO 799）
[22:25:36.890] INF [device] 手动白平衡档：6202K（色调跟随当前值 8）
[22:25:36.890] INF [session] 切模式：手动白平衡已按快照重放（6202K）
[22:25:36.891] INF [session] 切模式后档位复查（照片）：曝光=手动 / 白平衡=手动 / 对焦意图=手动 / EV=+0.0
[22:25:36.891] INF [session] 切模式耗时 0.42s（照片；含 outputs 重配与参数重放）
[22:25:36.947] INF [resource] 模式 照片 · input 活 1（累计增/删 3/2） · output 活 1（累计增/删 3/2） · 内存 36.8MB
[22:25:37.707] INF [session] 切换模式 照片 → 实况
[22:25:37.709] WRN [resource] ⚠️ 资源超出预期（多出来的那个就是泄漏的形状）：模式 照片 · input 活 2（累计增/删 4/2） · output 活 1（累计增/删 3/2） · 内存 37.0MB · 预期 input ≤ 1 / output ≤ 1
[22:25:37.709] INF [session] 已加入麦克风输入
[22:25:37.812] INF [audio] 音频会话已激活（active=true category=AVAudioSessionCategoryPlayAndRecord mode=AVAudioSessionModeVideoRecording 48000Hz ch=1）
[22:25:37.812] WRN [resource] ⚠️ 资源超出预期（多出来的那个就是泄漏的形状）：模式 照片 · input 活 2（累计增/删 4/2） · output 活 0（累计增/删 3/3） · 内存 37.1MB · 预期 input ≤ 1 / output ≤ 1
[22:25:37.814] WRN [resource] ⚠️ 资源超出预期（多出来的那个就是泄漏的形状）：模式 照片 · input 活 2（累计增/删 4/2） · output 活 1（累计增/删 4/3） · 内存 37.1MB · 预期 input ≤ 1 / output ≤ 1
[22:25:37.814] INF [photo] Live Photo 采集 不被支持，已保持关闭
[22:25:37.945] INF [session] 切模式 commit 后瞬间档位：曝光=手动 / 白平衡=手动 / 快照=曝光手动·白平衡手动
[22:25:37.946] INF [photo] 照片编码格式：hvc1
[22:25:37.946] INF [device] 手动曝光档：ISO 799 快门 1/40s
[22:25:37.946] INF [session] 切模式：手动曝光已按快照重放（ISO 799）
[22:25:37.946] INF [device] 手动白平衡档：6203K（色调跟随当前值 8）
[22:25:37.946] INF [session] 切模式：手动白平衡已按快照重放（6203K）
[22:25:37.947] INF [session] 切模式后档位复查（实况）：曝光=手动 / 白平衡=手动 / 对焦意图=手动 / EV=+0.0
[22:25:37.947] INF [session] 切模式耗时 0.24s（实况；含 outputs 重配与参数重放）
[22:25:38.687] DBG [ui] toast: Log 实况：当前录制 Log 视频，套用 LUT 导出实况照片在 P5 交付
[22:25:38.688] INF [session] 切换模式 实况 → Log 实况
[22:25:38.969] INF [session] 切模式 commit 后瞬间档位：曝光=手动 / 白平衡=手动 / 快照=曝光手动·白平衡手动
[22:25:38.969] DBG [photo] Log 实况：录制链路不挂照片输出，跳过照片模板准备
[22:25:38.969] INF [device] 手动曝光档：ISO 799 快门 1/40s
[22:25:38.969] INF [session] 切模式：手动曝光已按快照重放（ISO 799）
[22:25:38.970] INF [device] 手动白平衡档：6204K（色调跟随当前值 8）
[22:25:38.970] INF [session] 切模式：手动白平衡已按快照重放（6204K）
[22:25:38.973] INF [session] 切模式后档位复查（Log 实况）：曝光=手动 / 白平衡=手动 / 对焦意图=手动 / EV=+0.0
[22:25:38.973] INF [session] 切模式耗时 0.28s（Log 实况；含 outputs 重配与参数重放）
[22:25:39.640] INF [resource] 模式 Log 实况 · input 活 2（累计增/删 4/2） · output 活 1（累计增/删 5/4） · 内存 37.0MB
[22:25:39.696] INF [session] 切换模式 Log 实况 → 视频
[22:25:39.831] INF [session] 切模式 commit 后瞬间档位：曝光=手动 / 白平衡=手动 / 快照=曝光手动·白平衡手动
[22:25:39.831] DBG [photo] 视频：录制链路不挂照片输出，跳过照片模板准备
[22:25:39.831] INF [device] 手动曝光档：ISO 799 快门 1/40s
[22:25:39.831] INF [session] 切模式：手动曝光已按快照重放（ISO 799）
[22:25:39.831] INF [device] 手动白平衡档：6205K（色调跟随当前值 8）
[22:25:39.831] INF [session] 切模式：手动白平衡已按快照重放（6205K）
[22:25:39.832] INF [session] 切模式后档位复查（视频）：曝光=手动 / 白平衡=手动 / 对焦意图=手动 / EV=+0.0
[22:25:39.832] INF [session] 切模式耗时 0.14s（视频；含 outputs 重配与参数重放）
[22:25:40.729] INF [session] 切换模式 视频 → 照片
[22:25:40.730] INF [session] 已移除麦克风输入
[22:25:40.858] INF [audio] 音频会话已释放
[22:25:41.135] INF [session] 切模式 commit 后瞬间档位：曝光=手动 / 白平衡=手动 / 快照=曝光手动·白平衡手动
[22:25:41.136] INF [photo] 照片编码格式：hvc1
[22:25:41.136] INF [device] 手动曝光档：ISO 799 快门 1/40s
[22:25:41.136] INF [session] 切模式：手动曝光已按快照重放（ISO 799）
[22:25:41.136] INF [device] 手动白平衡档：6206K（色调跟随当前值 8）
[22:25:41.136] INF [session] 切模式：手动白平衡已按快照重放（6206K）
[22:25:41.137] INF [session] 切模式后档位复查（照片）：曝光=手动 / 白平衡=手动 / 对焦意图=手动 / EV=+0.0
[22:25:41.137] INF [session] 切模式耗时 0.41s（照片；含 outputs 重配与参数重放）
[22:25:42.667] INF [resource] 模式 照片 · input 活 1（累计增/删 4/3） · output 活 1（累计增/删 7/6） · 内存 36.6MB
[22:25:44.876] INF [session] stopRunning()
[22:27:54.281] INF [session] startRunning()
[22:27:54.478] INF [session] 预热跳过：3 颗镜头的格式都已在缓存里
[22:27:54.489] DBG [ui] 会话就绪 · 焦段 35mm 已对齐（变焦 1.46×）
[22:27:54.489] INF [resource] 模式 照片 · input 活 1（累计增/删 4/3） · output 活 1（累计增/删 7/6） · 内存 36.2MB
[22:27:55.047] INF [photo] 快门触发
[22:27:55.293] INF [photo] 拍摄完成 1920x1440 224431 字节
[22:27:56.559] INF [library] 照片已入库 id=0EED91BC-373F-4C97-9461-012022159DAD/L0/001 size=224431B
[22:27:56.580] DBG [thumb] 缩略图已更新（照片），180x240
[22:27:56.580] DBG [ui] toast: 已保存到相册
[22:27:56.665] INF [session] 预热跳过：3 颗镜头的格式都已在缓存里
[22:27:58.284] DBG [ui] 物理会话同镜头变焦 → 48 mm（zoom 2.00×）
[22:27:58.284] DBG [ui] toast: 焦段 48 mm · 变焦 2.00×
[22:27:58.699] INF [resource] 模式 照片 · input 活 1（累计增/删 4/3） · output 活 1（累计增/删 7/6） · 内存 39.2MB
[22:27:59.105] DBG [ui] toast: 已呼出滤镜条 · 再上划一次呼出场景与风格
[22:27:59.155] DBG [ui] 场景·风格条展开（入口：胶囊/箭头） · 连带收起 滤镜条
[22:27:59.155] DBG [ui] toast: 场景·风格已展开（街拍 · 纪实冷调） · 滤镜条已收起
[22:27:59.855] DBG [ui] toast: 已收起场景与风格
[22:28:00.539] DBG [ui] 物理会话同镜头变焦 → 35 mm（zoom 1.46×）
[22:28:00.539] DBG [ui] toast: 焦段 35 mm · 变焦 1.46×
[22:28:01.048] DBG [ui] 刻度条展开（ISO）
[22:28:01.048] DBG [ui] toast: ISO：手动 799（左右滑动刻度）
[22:28:01.639] INF [device] 手动曝光档：ISO 640 快门 1/40s
[22:28:01.722] INF [device] 手动曝光档：ISO 500 快门 1/40s
[22:28:01.728] INF [resource] 模式 照片 · input 活 1（累计增/删 4/3） · output 活 1（累计增/删 7/6） · 内存 40.4MB
[22:28:02.072] INF [device] 手动曝光档：ISO 640 快门 1/40s
[22:28:02.256] INF [device] 手动曝光档：ISO 800 快门 1/40s
[22:28:02.474] INF [device] 手动曝光档：ISO 1000 快门 1/40s
[22:28:02.772] DBG [ui] 刻度条 ISO 松手吸附到 1000
[22:28:02.774] INF [device] 手动曝光档：ISO 1000 快门 1/40s
[22:28:02.802] INF [resource] 模式 照片 · input 活 1（累计增/删 4/3） · output 活 1（累计增/删 7/6） · 内存 40.3MB
[22:28:07.676] INF [resource] 模式 照片 · input 活 1（累计增/删 4/3） · output 活 1（累计增/删 7/6） · 内存 38.7MB
[22:28:12.704] INF [resource] 模式 照片 · input 活 1（累计增/删 4/3） · output 活 1（累计增/删 7/6） · 内存 38.6MB
[22:28:17.676] INF [resource] 模式 照片 · input 活 1（累计增/删 4/3） · output 活 1（累计增/删 7/6） · 内存 38.6MB
[22:28:22.705] INF [resource] 模式 照片 · input 活 1（累计增/删 4/3） · output 活 1（累计增/删 7/6） · 内存 38.6MB
[22:28:27.674] INF [resource] 模式 照片 · input 活 1（累计增/删 4/3） · output 活 1（累计增/删 7/6） · 内存 38.6MB
[22:28:32.704] INF [resource] 模式 照片 · input 活 1（累计增/删 4/3） · output 活 1（累计增/删 7/6） · 内存 38.6MB
[22:28:37.676] INF [resource] 模式 照片 · input 活 1（累计增/删 4/3） · output 活 1（累计增/删 7/6） · 内存 38.6MB
[22:28:42.705] INF [resource] 模式 照片 · input 活 1（累计增/删 4/3） · output 活 1（累计增/删 7/6） · 内存 38.6MB
[22:28:47.676] INF [resource] 模式 照片 · input 活 1（累计增/删 4/3） · output 活 1（累计增/删 7/6） · 内存 38.6MB
[22:28:52.705] INF [resource] 模式 照片 · input 活 1（累计增/删 4/3） · output 活 1（累计增/删 7/6） · 内存 38.6MB
[22:28:57.676] INF [resource] 模式 照片 · input 活 1（累计增/删 4/3） · output 活 1（累计增/删 7/6） · 内存 38.6MB
[22:29:02.706] INF [resource] 模式 照片 · input 活 1（累计增/删 4/3） · output 活 1（累计增/删 7/6） · 内存 38.6MB
[22:29:06.966] WRN [session] ⚠️ 直播会话被打断：后台不可用（良性 · 与预热无关）（raw 1）
[22:29:06.966] INF [session] 打断原因属良性（进后台）→ 不拆预热
[22:29:07.595] INF [resource] 模式 照片 · input 活 1（累计增/删 4/3） · output 活 1（累计增/删 7/6） · 内存 38.6MB
[22:29:13.657] INF [session] 预热跳过：3 颗镜头的格式都已在缓存里
[22:29:13.686] DBG [ui] 会话就绪 · 焦段 35mm 已对齐（变焦 1.46×）
[22:29:15.613] INF [session] stopRunning()
[22:30:15.621] INF [session] startRunning()
[22:30:15.907] INF [session] 预热跳过：3 颗镜头的格式都已在缓存里
[22:30:15.952] INF [resource] 模式 照片 · input 活 1（累计增/删 4/3） · output 活 1（累计增/删 7/6） · 内存 41.1MB
[22:30:15.959] DBG [ui] 会话就绪 · 焦段 35mm 已对齐（变焦 1.46×）
[22:30:16.705] DBG [ui] 刻度条收起（点别处）
[22:30:16.705] INF [session] 切换模式 照片 → 实况
[22:30:16.709] WRN [resource] ⚠️ 资源超出预期（多出来的那个就是泄漏的形状）：模式 照片 · input 活 2（累计增/删 5/3） · output 活 1（累计增/删 7/6） · 内存 41.1MB · 预期 input ≤ 1 / output ≤ 1
[22:30:16.709] INF [session] 已加入麦克风输入
[22:30:16.811] INF [audio] 音频会话已激活（active=true category=AVAudioSessionCategoryPlayAndRecord mode=AVAudioSessionModeVideoRecording 48000Hz ch=1）
[22:30:16.814] WRN [resource] ⚠️ 资源超出预期（多出来的那个就是泄漏的形状）：模式 照片 · input 活 2（累计增/删 5/3） · output 活 0（累计增/删 7/7） · 内存 41.6MB · 预期 input ≤ 1 / output ≤ 1
[22:30:16.819] WRN [resource] ⚠️ 资源超出预期（多出来的那个就是泄漏的形状）：模式 照片 · input 活 2（累计增/删 5/3） · output 活 1（累计增/删 8/7） · 内存 41.6MB · 预期 input ≤ 1 / output ≤ 1
[22:30:16.819] INF [photo] Live Photo 采集 不被支持，已保持关闭
[22:30:16.938] INF [session] 切模式 commit 后瞬间档位：曝光=手动 / 白平衡=手动 / 快照=曝光手动·白平衡手动
[22:30:16.938] INF [photo] 照片编码格式：hvc1
[22:30:16.938] INF [device] 手动曝光档：ISO 1000 快门 1/40s
[22:30:16.938] INF [session] 切模式：手动曝光已按快照重放（ISO 1000）
[22:30:16.938] INF [device] 手动白平衡档：6207K（色调跟随当前值 8）
[22:30:16.938] INF [session] 切模式：手动白平衡已按快照重放（6207K）
[22:30:16.939] INF [session] 切模式后档位复查（实况）：曝光=手动 / 白平衡=手动 / 对焦意图=手动 / EV=+0.0
[22:30:16.939] INF [session] 切模式耗时 0.23s（实况；含 outputs 重配与参数重放）
[22:30:17.147] DBG [ui] toast: Log 实况：当前录制 Log 视频，套用 LUT 导出实况照片在 P5 交付
[22:30:17.147] INF [session] 切换模式 实况 → Log 实况
[22:30:17.426] INF [session] 切模式 commit 后瞬间档位：曝光=手动 / 白平衡=手动 / 快照=曝光手动·白平衡手动
[22:30:17.426] DBG [photo] Log 实况：录制链路不挂照片输出，跳过照片模板准备
[22:30:17.427] INF [device] 手动曝光档：ISO 1000 快门 1/40s
[22:30:17.427] INF [session] 切模式：手动曝光已按快照重放（ISO 1000）
[22:30:17.427] INF [device] 手动白平衡档：6208K（色调跟随当前值 8）
[22:30:17.427] INF [session] 切模式：手动白平衡已按快照重放（6208K）
[22:30:17.429] INF [session] 切模式后档位复查（Log 实况）：曝光=手动 / 白平衡=手动 / 对焦意图=手动 / EV=+0.0
[22:30:17.429] INF [session] 切模式耗时 0.28s（Log 实况；含 outputs 重配与参数重放）
[22:30:17.688] INF [session] 切换模式 Log 实况 → 视频
[22:30:17.820] INF [session] 切模式 commit 后瞬间档位：曝光=手动 / 白平衡=手动 / 快照=曝光手动·白平衡手动
[22:30:17.820] DBG [photo] 视频：录制链路不挂照片输出，跳过照片模板准备
[22:30:17.820] INF [device] 手动曝光档：ISO 1000 快门 1/40s
[22:30:17.820] INF [session] 切模式：手动曝光已按快照重放（ISO 1000）
[22:30:17.820] INF [device] 手动白平衡档：6209K（色调跟随当前值 8）
[22:30:17.820] INF [session] 切模式：手动白平衡已按快照重放（6209K）
[22:30:17.821] INF [session] 切模式后档位复查（视频）：曝光=手动 / 白平衡=手动 / 对焦意图=手动 / EV=+0.0
[22:30:17.821] INF [session] 切模式耗时 0.13s（视频；含 outputs 重配与参数重放）
[22:30:17.852] INF [resource] 模式 视频 · input 活 2（累计增/删 5/3） · output 活 1（累计增/删 10/9） · 内存 41.5MB
[22:30:18.352] DBG [ui] toast: Log 实况：当前录制 Log 视频，套用 LUT 导出实况照片在 P5 交付
[22:30:18.353] INF [session] 切换模式 视频 → Log 实况
[22:30:18.488] INF [session] 切模式 commit 后瞬间档位：曝光=手动 / 白平衡=手动 / 快照=曝光手动·白平衡手动
[22:30:18.488] DBG [photo] Log 实况：录制链路不挂照片输出，跳过照片模板准备
[22:30:18.488] INF [device] 手动曝光档：ISO 1000 快门 1/40s
[22:30:18.488] INF [session] 切模式：手动曝光已按快照重放（ISO 1000）
[22:30:18.488] INF [device] 手动白平衡档：6210K（色调跟随当前值 8）
[22:30:18.488] INF [session] 切模式：手动白平衡已按快照重放（6210K）
[22:30:18.489] INF [session] 切模式后档位复查（Log 实况）：曝光=手动 / 白平衡=手动 / 对焦意图=手动 / EV=+0.0
[22:30:18.489] INF [session] 切模式耗时 0.14s（Log 实况；含 outputs 重配与参数重放）
[22:30:19.067] INF [session] 切换模式 Log 实况 → 实况
[22:30:19.069] INF [photo] Live Photo 采集 不被支持，已保持关闭
[22:30:19.358] INF [session] 切模式 commit 后瞬间档位：曝光=手动 / 白平衡=手动 / 快照=曝光手动·白平衡手动
[22:30:19.358] INF [photo] 照片编码格式：hvc1
[22:30:19.358] INF [device] 手动曝光档：ISO 1000 快门 1/40s
[22:30:19.358] INF [session] 切模式：手动曝光已按快照重放（ISO 1000）
[22:30:19.359] INF [device] 手动白平衡档：6211K（色调跟随当前值 7）
[22:30:19.359] INF [session] 切模式：手动白平衡已按快照重放（6211K）
[22:30:19.361] INF [session] 切模式后档位复查（实况）：曝光=手动 / 白平衡=手动 / 对焦意图=手动 / EV=+0.0
[22:30:19.361] INF [session] 切模式耗时 0.29s（实况；含 outputs 重配与参数重放）
[22:30:19.387] INF [session] 切换模式 实况 → 照片
[22:30:19.388] INF [session] 已移除麦克风输入
[22:30:19.519] INF [audio] 音频会话已释放
[22:30:19.654] INF [session] 切模式 commit 后瞬间档位：曝光=手动 / 白平衡=手动 / 快照=曝光手动·白平衡手动
[22:30:19.654] INF [photo] 照片编码格式：hvc1
[22:30:19.655] INF [device] 手动曝光档：ISO 272 快门 1/50s
[22:30:19.655] INF [session] 切模式：手动曝光已按快照重放（ISO 272）
[22:30:19.655] INF [device] 手动白平衡档：6211K（色调跟随当前值 7）
[22:30:19.655] INF [session] 切模式：手动白平衡已按快照重放（6211K）
[22:30:19.656] INF [session] 切模式后档位复查（照片）：曝光=手动 / 白平衡=手动 / 对焦意图=手动 / EV=+0.0
[22:30:19.656] INF [session] 切模式耗时 0.27s（照片；含 outputs 重配与参数重放）
[22:30:19.675] INF [resource] 模式 照片 · input 活 1（累计增/删 5/4） · output 活 1（累计增/删 13/12） · 内存 41.8MB
[22:30:20.434] INF [session] 切换模式 照片 → 实况
[22:30:20.437] WRN [resource] ⚠️ 资源超出预期（多出来的那个就是泄漏的形状）：模式 照片 · input 活 2（累计增/删 6/4） · output 活 1（累计增/删 13/12） · 内存 41.3MB · 预期 input ≤ 1 / output ≤ 1
[22:30:20.437] INF [session] 已加入麦克风输入
[22:30:20.532] INF [audio] 音频会话已激活（active=true category=AVAudioSessionCategoryPlayAndRecord mode=AVAudioSessionModeVideoRecording 48000Hz ch=1）
[22:30:20.533] WRN [resource] ⚠️ 资源超出预期（多出来的那个就是泄漏的形状）：模式 照片 · input 活 2（累计增/删 6/4） · output 活 0（累计增/删 13/13） · 内存 41.3MB · 预期 input ≤ 1 / output ≤ 1
[22:30:20.534] WRN [resource] ⚠️ 资源超出预期（多出来的那个就是泄漏的形状）：模式 照片 · input 活 2（累计增/删 6/4） · output 活 1（累计增/删 14/13） · 内存 41.3MB · 预期 input ≤ 1 / output ≤ 1
[22:30:20.534] INF [photo] Live Photo 采集 不被支持，已保持关闭
[22:30:20.654] INF [session] 切模式 commit 后瞬间档位：曝光=手动 / 白平衡=手动 / 快照=曝光手动·白平衡手动
[22:30:20.654] INF [photo] 照片编码格式：hvc1
[22:30:20.655] INF [device] 手动曝光档：ISO 271 快门 1/50s
[22:30:20.655] INF [session] 切模式：手动曝光已按快照重放（ISO 271）
[22:30:20.655] INF [device] 手动白平衡档：6213K（色调跟随当前值 7）
[22:30:20.655] INF [session] 切模式：手动白平衡已按快照重放（6213K）
[22:30:20.655] INF [session] 切模式后档位复查（实况）：曝光=手动 / 白平衡=手动 / 对焦意图=手动 / EV=+0.0
[22:30:20.655] INF [session] 切模式耗时 0.22s（实况；含 outputs 重配与参数重放）
[22:30:20.767] DBG [ui] toast: Log 实况：当前录制 Log 视频，套用 LUT 导出实况照片在 P5 交付
[22:30:20.768] INF [session] 切换模式 实况 → Log 实况
[22:30:21.033] INF [session] 切模式 commit 后瞬间档位：曝光=手动 / 白平衡=手动 / 快照=曝光手动·白平衡手动
[22:30:21.033] DBG [photo] Log 实况：录制链路不挂照片输出，跳过照片模板准备
[22:30:21.034] INF [device] 手动曝光档：ISO 901 快门 1/49s
[22:30:21.034] INF [session] 切模式：手动曝光已按快照重放（ISO 901）
[22:30:21.034] INF [device] 手动白平衡档：5859K（色调跟随当前值 10）
[22:30:21.034] INF [session] 切模式：手动白平衡已按快照重放（5859K）
[22:30:21.035] INF [session] 切模式后档位复查（Log 实况）：曝光=手动 / 白平衡=手动 / 对焦意图=手动 / EV=+0.0
[22:30:21.035] INF [session] 切模式耗时 0.27s（Log 实况；含 outputs 重配与参数重放）
[22:30:21.117] INF [session] 切换模式 Log 实况 → 视频
[22:30:21.264] INF [session] 切模式 commit 后瞬间档位：曝光=手动 / 白平衡=手动 / 快照=曝光手动·白平衡手动
[22:30:21.264] DBG [photo] 视频：录制链路不挂照片输出，跳过照片模板准备
[22:30:21.264] INF [device] 手动曝光档：ISO 397 快门 1/49s
[22:30:21.264] INF [session] 切模式：手动曝光已按快照重放（ISO 397）
[22:30:21.264] INF [device] 手动白平衡档：5700K（色调跟随当前值 11）
[22:30:21.264] INF [session] 切模式：手动白平衡已按快照重放（5700K）
[22:30:21.265] INF [session] 切模式后档位复查（视频）：曝光=手动 / 白平衡=手动 / 对焦意图=手动 / EV=+0.0
[22:30:21.265] INF [session] 切模式耗时 0.15s（视频；含 outputs 重配与参数重放）
[22:30:21.289] INF [resource] 模式 视频 · input 活 2（累计增/删 6/4） · output 活 1（累计增/删 16/15） · 内存 41.4MB
[22:30:21.648] DBG [ui] toast: Log 实况：当前录制 Log 视频，套用 LUT 导出实况照片在 P5 交付
[22:30:21.648] INF [session] 切换模式 视频 → Log 实况
[22:30:21.799] INF [session] 切模式 commit 后瞬间档位：曝光=手动 / 白平衡=手动 / 快照=曝光手动·白平衡手动
[22:30:21.799] DBG [photo] Log 实况：录制链路不挂照片输出，跳过照片模板准备
[22:30:21.799] INF [device] 手动曝光档：ISO 396 快门 1/49s
[22:30:21.799] INF [session] 切模式：手动曝光已按快照重放（ISO 396）
[22:30:21.799] INF [device] 手动白平衡档：5699K（色调跟随当前值 11）
[22:30:21.799] INF [session] 切模式：手动白平衡已按快照重放（5699K）
[22:30:21.800] INF [session] 切模式后档位复查（Log 实况）：曝光=手动 / 白平衡=手动 / 对焦意图=手动 / EV=+0.0
[22:30:21.800] INF [session] 切模式耗时 0.15s（Log 实况；含 outputs 重配与参数重放）
[22:30:21.997] INF [session] 切换模式 Log 实况 → 实况
[22:30:21.998] INF [photo] Live Photo 采集 不被支持，已保持关闭
[22:30:22.250] INF [session] 切模式 commit 后瞬间档位：曝光=手动 / 白平衡=手动 / 快照=曝光手动·白平衡手动
[22:30:22.250] INF [photo] 照片编码格式：hvc1
[22:30:22.251] INF [device] 手动曝光档：ISO 1108 快门 1/50s
[22:30:22.251] INF [session] 切模式：手动曝光已按快照重放（ISO 1108）
[22:30:22.251] INF [device] 手动白平衡档：5699K（色调跟随当前值 11）
[22:30:22.251] INF [session] 切模式：手动白平衡已按快照重放（5699K）
[22:30:22.252] INF [session] 切模式后档位复查（实况）：曝光=手动 / 白平衡=手动 / 对焦意图=手动 / EV=+0.0
[22:30:22.252] INF [session] 切模式耗时 0.26s（实况；含 outputs 重配与参数重放）
[22:30:22.406] INF [session] 切换模式 实况 → 照片
[22:30:22.411] INF [session] 已移除麦克风输入
[22:30:22.540] INF [audio] 音频会话已释放
[22:30:22.683] INF [session] 切模式 commit 后瞬间档位：曝光=手动 / 白平衡=手动 / 快照=曝光手动·白平衡手动
[22:30:22.683] INF [photo] 照片编码格式：hvc1
[22:30:22.683] INF [device] 手动曝光档：ISO 915 快门 1/50s
[22:30:22.683] INF [session] 切模式：手动曝光已按快照重放（ISO 915）
[22:30:22.683] INF [device] 手动白平衡档：5526K（色调跟随当前值 18）
[22:30:22.683] INF [session] 切模式：手动白平衡已按快照重放（5526K）
[22:30:22.684] INF [session] 切模式后档位复查（照片）：曝光=手动 / 白平衡=手动 / 对焦意图=手动 / EV=+0.0
[22:30:22.684] INF [session] 切模式耗时 0.28s（照片；含 outputs 重配与参数重放）
[22:30:22.983] INF [resource] 模式 照片 · input 活 1（累计增/删 6/5） · output 活 1（累计增/删 19/18） · 内存 41.0MB
[22:30:23.607] DBG [ui] 对焦圆盘展开（入口：图标行「对焦」）
[22:30:23.607] DBG [ui] toast: 手动对焦：拖动圆盘调焦（0.0 近 → ∞ 远） · 再点收起
[22:30:24.656] DBG [ui] 自动对焦已开 → 连续自动（手动拖动已锁定）
[22:30:24.656] DBG [ui] toast: 自动对焦已开：正在自动找焦点（手动拖动已锁定）
[22:30:25.040] DBG [ui] 自动对焦已关 → 手动（当前值 0.62 锁定）
[22:30:25.040] DBG [ui] toast: 自动对焦已关：现在可以拖动圆盘手动调焦
[22:30:25.373] DBG [preview] 点按对焦 view=(314,475) device=(0.61,0.31)
[22:30:25.373] DBG [ui] 对焦圆盘收起（点别处）
[22:30:25.373] DBG [ui] 手动对焦锁定中 + 对焦盘开着 → 点按仅测光（不解除手动档，防误触）
[22:30:25.373] DBG [device] 点按测光（对焦已锁定，不动焦）→ (0.61, 0.31)
[22:30:25.397] INF [resource] 模式 照片 · input 活 1（累计增/删 6/5） · output 活 1（累计增/删 19/18） · 内存 41.7MB
[22:30:26.028] DBG [ui] 刻度条展开（白平衡）
[22:30:26.028] DBG [ui] toast: 白平衡：手动 5525K（左右滑动刻度）
[22:30:26.887] DBG [ui] 刻度条展开（ISO）
[22:30:26.888] DBG [ui] toast: ISO：手动 914（左右滑动刻度）
[22:30:27.271] DBG [ui] 刻度条展开（快门）
[22:30:27.271] DBG [ui] toast: 快门：手动 1/50s（左右滑动刻度）
[22:30:27.940] DBG [preview] 点按对焦 view=(330,384) device=(0.49,0.28)
[22:30:27.940] DBG [ui] 刻度条收起（点别处）
[22:30:27.940] INF [ui] 手动对焦锁定中 → 点按取景器：解除手动档并重新对焦（方案 A）
[22:30:27.940] DBG [ui] toast: 已解除手动对焦 · 正在重新对焦
[22:30:27.946] DBG [device] 对焦点 → (0.49, 0.28)
[22:30:27.946] INF [device] 手动曝光档：ISO 914 快门 1/50s
[22:30:27.946] INF [session] 点按对焦后按意图重放手动曝光（ISO 914 / 1/50s）
[22:30:27.947] INF [device] 手动白平衡档：5525K（色调跟随当前值 18）
[22:30:27.947] INF [session] 点按对焦后按意图重放手动白平衡（5525K）
[22:30:27.948] INF [session] 点按对焦后档位：曝光=手动 / 白平衡=手动 / 意图=曝光手动·白平衡手动
[22:30:27.991] INF [resource] 模式 照片 · input 活 1（累计增/删 6/5） · output 活 1（累计增/删 19/18） · 内存 45.2MB
[22:30:28.568] INF [session] 换设备开始（模糊淡入中）→ 物理单摄（13 mm）
[22:30:30.041] INF [device] 格式已应用 Back Ultra Wide Camera 4032x3024 1-30fps 4:3 photoMax=4032x3024/8064x6048 fps=30
[22:30:30.041] INF [session] 采集格式命中**缓存**（跳过探测循环）：4032x3024 1-30fps 4:3 photoMax=4032x3024/8064x6048
[22:30:30.041] INF [device] 手动曝光档：ISO 914 快门 1/50s
[22:30:30.041] INF [session] 搬运：手动曝光已重放（ISO 914）
[22:30:30.042] INF [device] 手动白平衡档：5525K（色调跟随当前值 18）
[22:30:30.042] INF [session] 搬运：手动白平衡已重放（5525K）
[22:30:30.042] INF [session] 搬运：手动曝光档激活 → 跳过 EV 重放（值保留 +0.0，回自动档生效）
[22:30:30.042] INF [session] 搬运：对焦显式降级 → 连续自动（预检 ⑤）
[22:30:30.042] INF [session] 换设备后新设备档位复查：曝光=手动 / 白平衡=手动 / 对焦=自动（显式降级） / EV=+0.0
[22:30:30.044] INF [session] 换设备完成（转场）→ 物理单摄（13 mm）；当前档位 13 mm；Live Photo 能力=true；耗时 1.33s
[22:30:30.717] INF [session] 换设备开始（模糊淡入中）→ 物理单摄（120 mm）
[22:30:31.788] INF [device] 格式已应用 Back Telephoto Camera 4032x3024 1-30fps 4:3 photoMax=4032x3024 fps=30
[22:30:31.788] INF [session] 采集格式命中**缓存**（跳过探测循环）：4032x3024 1-30fps 4:3 photoMax=4032x3024
[22:30:31.788] INF [device] 手动曝光档：ISO 914 快门 1/50s
[22:30:31.788] INF [session] 搬运：手动曝光已重放（ISO 914）
[22:30:31.788] INF [device] 手动白平衡档：5525K（色调跟随当前值 18）
[22:30:31.788] INF [session] 搬运：手动白平衡已重放（5525K）
[22:30:31.788] INF [session] 搬运：手动曝光档激活 → 跳过 EV 重放（值保留 +0.0，回自动档生效）
[22:30:31.788] INF [session] 搬运：对焦显式降级 → 连续自动（预检 ⑤）
[22:30:31.789] INF [session] 换设备后新设备档位复查：曝光=手动 / 白平衡=手动 / 对焦=自动（显式降级） / EV=+0.0
[22:30:31.790] INF [session] 换设备完成（转场）→ 物理单摄（120 mm）；当前档位 120 mm；Live Photo 能力=true；耗时 0.92s
[22:30:32.417] INF [session] 换设备开始（模糊淡入中）→ 物理单摄（48 mm）
[22:30:33.481] INF [device] 格式已应用 Back Camera 4032x3024 1-30fps 4:3 photoMax=4032x3024/8064x6048 fps=30
[22:30:33.481] INF [session] 采集格式命中**缓存**（跳过探测循环）：4032x3024 1-30fps 4:3 photoMax=4032x3024/8064x6048
[22:30:33.485] INF [device] 曝光已回到自动档
[22:30:33.485] INF [device] 白平衡已回到自动档
[22:30:33.485] WRN [session] 新设备带上一轮手动档残留（曝光=手动 / 白平衡=手动）→ 已归一到自动档，再按快照重放
[22:30:33.485] INF [device] 手动曝光档：ISO 913 快门 1/50s
[22:30:33.486] INF [session] 搬运：手动曝光已重放（ISO 913）
[22:30:33.486] INF [device] 手动白平衡档：5525K（色调跟随当前值 18）
[22:30:33.486] INF [session] 搬运：手动白平衡已重放（5525K）
[22:30:33.486] INF [session] 搬运：手动曝光档激活 → 跳过 EV 重放（值保留 +0.0，回自动档生效）
[22:30:33.486] INF [session] 搬运：对焦显式降级 → 连续自动（预检 ⑤）
[22:30:33.486] INF [session] 换设备后新设备档位复查：曝光=手动 / 白平衡=手动 / 对焦=自动（显式降级） / EV=+0.0
[22:30:33.488] INF [session] 换设备完成（转场）→ 物理单摄（48 mm）；当前档位 48 mm；Live Photo 能力=true；耗时 0.92s
[22:30:33.488] INF [resource] 模式 照片 · input 活 1（累计增/删 9/8） · output 活 1（累计增/删 19/18） · 内存 42.9MB
[22:30:33.951] DBG [ui] 物理会话同镜头变焦 → 35 mm（zoom 1.46×）
[22:30:33.951] DBG [ui] toast: 焦段 35 mm · 变焦 1.46×
[22:30:34.918] DBG [ui] 物理会话同镜头变焦 → 24 mm（zoom 1.00×）
[22:30:34.918] DBG [ui] toast: 焦段 24 mm · 变焦 1.00×
[22:30:35.484] DBG [ui] 物理会话同镜头变焦 → 48 mm（zoom 2.00×）
[22:30:35.484] DBG [ui] toast: 焦段 48 mm · 变焦 2.00×
[22:30:36.051] INF [session] 换设备开始（模糊淡入中）→ 物理单摄（120 mm）
[22:30:36.682] INF [device] 格式已应用 Back Telephoto Camera 4032x3024 1-30fps 4:3 photoMax=4032x3024 fps=30
[22:30:36.682] INF [session] 采集格式命中**缓存**（跳过探测循环）：4032x3024 1-30fps 4:3 photoMax=4032x3024
[22:30:36.684] INF [device] 曝光已回到自动档
[22:30:36.685] INF [device] 白平衡已回到自动档
[22:30:36.685] WRN [session] 新设备带上一轮手动档残留（曝光=手动 / 白平衡=手动）→ 已归一到自动档，再按快照重放
[22:30:36.685] INF [device] 手动曝光档：ISO 931 快门 1/50s
[22:30:36.685] INF [session] 搬运：手动曝光已重放（ISO 931）
[22:30:36.685] INF [device] 手动白平衡档：5525K（色调跟随当前值 18）
[22:30:36.685] INF [session] 搬运：手动白平衡已重放（5525K）
[22:30:36.685] INF [session] 搬运：手动曝光档激活 → 跳过 EV 重放（值保留 +0.0，回自动档生效）
[22:30:36.686] INF [session] 搬运：对焦显式降级 → 连续自动（预检 ⑤）
[22:30:36.686] INF [session] 换设备后新设备档位复查：曝光=手动 / 白平衡=手动 / 对焦=自动（显式降级） / EV=+0.0
[22:30:36.687] INF [session] 换设备完成（转场）→ 物理单摄（120 mm）；当前档位 120 mm；Live Photo 能力=true；耗时 0.48s
[22:30:37.168] INF [session] 换设备开始（模糊淡入中）→ 物理单摄（48 mm）
[22:30:37.761] INF [device] 格式已应用 Back Camera 4032x3024 1-30fps 4:3 photoMax=4032x3024/8064x6048 fps=30
[22:30:37.761] INF [session] 采集格式命中**缓存**（跳过探测循环）：4032x3024 1-30fps 4:3 photoMax=4032x3024/8064x6048
[22:30:37.762] INF [device] 曝光已回到自动档
[22:30:37.762] INF [device] 白平衡已回到自动档
[22:30:37.763] WRN [session] 新设备带上一轮手动档残留（曝光=手动 / 白平衡=手动）→ 已归一到自动档，再按快照重放
[22:30:37.763] INF [device] 手动曝光档：ISO 931 快门 1/50s
[22:30:37.763] INF [session] 搬运：手动曝光已重放（ISO 931）
[22:30:37.763] INF [device] 手动白平衡档：5526K（色调跟随当前值 18）
[22:30:37.763] INF [session] 搬运：手动白平衡已重放（5526K）
[22:30:37.763] INF [session] 搬运：手动曝光档激活 → 跳过 EV 重放（值保留 +0.0，回自动档生效）
[22:30:37.763] INF [session] 搬运：对焦显式降级 → 连续自动（预检 ⑤）
[22:30:37.764] INF [session] 换设备后新设备档位复查：曝光=手动 / 白平衡=手动 / 对焦=自动（显式降级） / EV=+0.0
[22:30:37.765] INF [session] 换设备完成（转场）→ 物理单摄（48 mm）；当前档位 48 mm；Live Photo 能力=true；耗时 0.45s
[22:30:37.984] INF [resource] 模式 照片 · input 活 1（累计增/删 11/10） · output 活 1（累计增/删 19/18） · 内存 41.4MB
[22:30:38.286] INF [session] 换设备开始（模糊淡入中）→ 物理单摄（13 mm）
[22:30:39.019] INF [device] 格式已应用 Back Ultra Wide Camera 4032x3024 1-30fps 4:3 photoMax=4032x3024/8064x6048 fps=30
[22:30:39.020] INF [session] 采集格式命中**缓存**（跳过探测循环）：4032x3024 1-30fps 4:3 photoMax=4032x3024/8064x6048
[22:30:39.023] INF [device] 曝光已回到自动档
[22:30:39.023] INF [device] 白平衡已回到自动档
[22:30:39.023] WRN [session] 新设备带上一轮手动档残留（曝光=手动 / 白平衡=手动）→ 已归一到自动档，再按快照重放
[22:30:39.023] INF [device] 手动曝光档：ISO 950 快门 1/50s
[22:30:39.023] INF [session] 搬运：手动曝光已重放（ISO 950）
[22:30:39.024] INF [device] 手动白平衡档：5526K（色调跟随当前值 18）
[22:30:39.024] INF [session] 搬运：手动白平衡已重放（5526K）
[22:30:39.024] INF [session] 搬运：手动曝光档激活 → 跳过 EV 重放（值保留 +0.0，回自动档生效）
[22:30:39.024] INF [session] 搬运：对焦显式降级 → 连续自动（预检 ⑤）
[22:30:39.024] INF [session] 换设备后新设备档位复查：曝光=手动 / 白平衡=手动 / 对焦=自动（显式降级） / EV=+0.0
[22:30:39.025] INF [session] 换设备完成（转场）→ 物理单摄（13 mm）；当前档位 13 mm；Live Photo 能力=true；耗时 0.59s
[22:30:39.518] INF [session] 换设备开始（模糊淡入中）→ 物理单摄（48 mm）
[22:30:40.125] INF [device] 格式已应用 Back Camera 4032x3024 1-30fps 4:3 photoMax=4032x3024/8064x6048 fps=30
[22:30:40.125] INF [session] 采集格式命中**缓存**（跳过探测循环）：4032x3024 1-30fps 4:3 photoMax=4032x3024/8064x6048
[22:30:40.126] INF [device] 曝光已回到自动档
[22:30:40.126] INF [device] 白平衡已回到自动档
[22:30:40.126] WRN [session] 新设备带上一轮手动档残留（曝光=手动 / 白平衡=手动）→ 已归一到自动档，再按快照重放
[22:30:40.126] INF [device] 手动曝光档：ISO 949 快门 1/50s
[22:30:40.126] INF [session] 搬运：手动曝光已重放（ISO 949）
[22:30:40.126] INF [device] 手动白平衡档：5526K（色调跟随当前值 18）
[22:30:40.126] INF [session] 搬运：手动白平衡已重放（5526K）
[22:30:40.126] INF [session] 搬运：手动曝光档激活 → 跳过 EV 重放（值保留 +0.0，回自动档生效）
[22:30:40.126] INF [session] 搬运：对焦显式降级 → 连续自动（预检 ⑤）
[22:30:40.126] INF [session] 换设备后新设备档位复查：曝光=手动 / 白平衡=手动 / 对焦=自动（显式降级） / EV=+0.0
[22:30:40.127] INF [session] 换设备完成（转场）→ 物理单摄（48 mm）；当前档位 48 mm；Live Photo 能力=true；耗时 0.46s
[22:30:40.653] DBG [ui] 物理会话同镜头变焦 → 24 mm（zoom 1.00×）
[22:30:40.654] DBG [ui] toast: 焦段 24 mm · 变焦 1.00×
[22:30:41.352] DBG [ui] 物理会话同镜头变焦 → 35 mm（zoom 1.46×）
[22:30:41.352] DBG [ui] toast: 焦段 35 mm · 变焦 1.46×
[22:30:41.652] DBG [ui] 物理会话同镜头变焦 → 48 mm（zoom 2.00×）
[22:30:41.652] DBG [ui] toast: 焦段 48 mm · 变焦 2.00×
[22:30:42.053] INF [session] 换设备开始（模糊淡入中）→ 物理单摄（120 mm）
[22:30:42.704] INF [device] 格式已应用 Back Telephoto Camera 4032x3024 1-30fps 4:3 photoMax=4032x3024 fps=30
[22:30:42.704] INF [session] 采集格式命中**缓存**（跳过探测循环）：4032x3024 1-30fps 4:3 photoMax=4032x3024
[22:30:42.706] INF [device] 曝光已回到自动档
[22:30:42.706] INF [device] 白平衡已回到自动档
[22:30:42.706] WRN [session] 新设备带上一轮手动档残留（曝光=手动 / 白平衡=手动）→ 已归一到自动档，再按快照重放
[22:30:42.706] INF [device] 手动曝光档：ISO 970 快门 1/50s
[22:30:42.707] INF [session] 搬运：手动曝光已重放（ISO 970）
[22:30:42.707] INF [device] 手动白平衡档：5526K（色调跟随当前值 18）
[22:30:42.707] INF [session] 搬运：手动白平衡已重放（5526K）
[22:30:42.707] INF [session] 搬运：手动曝光档激活 → 跳过 EV 重放（值保留 +0.0，回自动档生效）
[22:30:42.707] INF [session] 搬运：对焦显式降级 → 连续自动（预检 ⑤）
[22:30:42.708] INF [session] 换设备后新设备档位复查：曝光=手动 / 白平衡=手动 / 对焦=自动（显式降级） / EV=+0.0
[22:30:42.709] INF [session] 换设备完成（转场）→ 物理单摄（120 mm）；当前档位 120 mm；Live Photo 能力=true；耗时 0.51s
[22:30:42.955] INF [resource] 模式 照片 · input 活 1（累计增/删 14/13） · output 活 1（累计增/删 19/18） · 内存 41.4MB
[22:30:43.119] INF [session] 换设备开始（模糊淡入中）→ 物理单摄（48 mm）
[22:30:43.736] INF [device] 格式已应用 Back Camera 4032x3024 1-30fps 4:3 photoMax=4032x3024/8064x6048 fps=30
[22:30:43.736] INF [session] 采集格式命中**缓存**（跳过探测循环）：4032x3024 1-30fps 4:3 photoMax=4032x3024/8064x6048
[22:30:43.737] INF [device] 曝光已回到自动档
[22:30:43.738] INF [device] 白平衡已回到自动档
[22:30:43.738] WRN [session] 新设备带上一轮手动档残留（曝光=手动 / 白平衡=手动）→ 已归一到自动档，再按快照重放
[22:30:43.738] INF [device] 手动曝光档：ISO 970 快门 1/50s
[22:30:43.738] INF [session] 搬运：手动曝光已重放（ISO 970）
[22:30:43.738] INF [device] 手动白平衡档：5526K（色调跟随当前值 17）
[22:30:43.738] INF [session] 搬运：手动白平衡已重放（5526K）
[22:30:43.738] INF [session] 搬运：手动曝光档激活 → 跳过 EV 重放（值保留 +0.0，回自动档生效）
[22:30:43.739] INF [session] 搬运：对焦显式降级 → 连续自动（预检 ⑤）
[22:30:43.739] INF [session] 换设备后新设备档位复查：曝光=手动 / 白平衡=手动 / 对焦=自动（显式降级） / EV=+0.0
[22:30:43.740] INF [session] 换设备完成（转场）→ 物理单摄（48 mm）；当前档位 48 mm；Live Photo 能力=true；耗时 0.47s
[22:30:44.203] INF [session] 换设备开始（模糊淡入中）→ 物理单摄（13 mm）
[22:30:44.923] INF [device] 格式已应用 Back Ultra Wide Camera 4032x3024 1-30fps 4:3 photoMax=4032x3024/8064x6048 fps=30
[22:30:44.923] INF [session] 采集格式命中**缓存**（跳过探测循环）：4032x3024 1-30fps 4:3 photoMax=4032x3024/8064x6048
[22:30:44.925] INF [device] 曝光已回到自动档
[22:30:44.926] INF [device] 白平衡已回到自动档
[22:30:44.926] WRN [session] 新设备带上一轮手动档残留（曝光=手动 / 白平衡=手动）→ 已归一到自动档，再按快照重放
[22:30:44.926] INF [device] 手动曝光档：ISO 989 快门 1/50s
[22:30:44.926] INF [session] 搬运：手动曝光已重放（ISO 989）
[22:30:44.927] INF [device] 手动白平衡档：5527K（色调跟随当前值 17）
[22:30:44.927] INF [session] 搬运：手动白平衡已重放（5527K）
[22:30:44.927] INF [session] 搬运：手动曝光档激活 → 跳过 EV 重放（值保留 +0.0，回自动档生效）
[22:30:44.927] INF [session] 搬运：对焦显式降级 → 连续自动（预检 ⑤）
[22:30:44.928] INF [session] 换设备后新设备档位复查：曝光=手动 / 白平衡=手动 / 对焦=自动（显式降级） / EV=+0.0
[22:30:44.930] INF [session] 换设备完成（转场）→ 物理单摄（13 mm）；当前档位 13 mm；Live Photo 能力=true；耗时 0.58s
[22:30:45.336] INF [session] 换设备开始（模糊淡入中）→ 物理单摄（24 mm）
[22:30:45.955] INF [device] 格式已应用 Back Camera 4032x3024 1-30fps 4:3 photoMax=4032x3024/8064x6048 fps=30
[22:30:45.955] INF [session] 采集格式命中**缓存**（跳过探测循环）：4032x3024 1-30fps 4:3 photoMax=4032x3024/8064x6048
[22:30:45.957] INF [device] 曝光已回到自动档
[22:30:45.957] INF [device] 白平衡已回到自动档
[22:30:45.957] WRN [session] 新设备带上一轮手动档残留（曝光=手动 / 白平衡=手动）→ 已归一到自动档，再按快照重放
[22:30:45.957] INF [device] 手动曝光档：ISO 989 快门 1/50s
[22:30:45.957] INF [session] 搬运：手动曝光已重放（ISO 989）
[22:30:45.957] INF [device] 手动白平衡档：5527K（色调跟随当前值 17）
[22:30:45.958] INF [session] 搬运：手动白平衡已重放（5527K）
[22:30:45.958] INF [session] 搬运：手动曝光档激活 → 跳过 EV 重放（值保留 +0.0，回自动档生效）
[22:30:45.958] INF [session] 搬运：对焦显式降级 → 连续自动（预检 ⑤）
[22:30:45.958] INF [session] 换设备后新设备档位复查：曝光=手动 / 白平衡=手动 / 对焦=自动（显式降级） / EV=+0.0
[22:30:45.959] INF [session] 换设备完成（转场）→ 物理单摄（24 mm）；当前档位 24 mm；Live Photo 能力=true；耗时 0.47s
[22:30:46.437] DBG [ui] 物理会话同镜头变焦 → 35 mm（zoom 1.46×）
[22:30:46.438] DBG [ui] toast: 焦段 35 mm · 变焦 1.46×
[22:30:47.003] DBG [ui] 物理会话同镜头变焦 → 48 mm（zoom 2.00×）
[22:30:47.003] DBG [ui] toast: 焦段 48 mm · 变焦 2.00×
[22:30:47.286] DBG [ui] 物理会话同镜头变焦 → 24 mm（zoom 1.00×）
[22:30:47.286] DBG [ui] toast: 焦段 24 mm · 变焦 1.00×
[22:30:47.935] DBG [preview] 点按对焦 view=(170,49) device=(0.06,0.55)
[22:30:47.939] DBG [device] 对焦点 → (0.06, 0.55)
[22:30:47.939] INF [device] 手动曝光档：ISO 989 快门 1/50s
[22:30:47.939] INF [session] 点按对焦后按意图重放手动曝光（ISO 989 / 1/50s）
[22:30:47.939] INF [device] 手动白平衡档：5527K（色调跟随当前值 17）
[22:30:47.940] INF [session] 点按对焦后按意图重放手动白平衡（5527K）
[22:30:47.941] INF [session] 点按对焦后档位：曝光=手动 / 白平衡=手动 / 意图=曝光手动·白平衡手动
[22:30:47.974] INF [resource] 模式 照片 · input 活 1（累计增/删 17/16） · output 活 1（累计增/删 19/18） · 内存 41.3MB
[22:30:48.385] INF [session] 切换模式 照片 → 实况
[22:30:48.389] WRN [resource] ⚠️ 资源超出预期（多出来的那个就是泄漏的形状）：模式 照片 · input 活 2（累计增/删 18/16） · output 活 1（累计增/删 19/18） · 内存 41.3MB · 预期 input ≤ 1 / output ≤ 1
[22:30:48.389] INF [session] 已加入麦克风输入
[22:30:48.491] INF [audio] 音频会话已激活（active=true category=AVAudioSessionCategoryPlayAndRecord mode=AVAudioSessionModeVideoRecording 48000Hz ch=1）
[22:30:48.492] WRN [resource] ⚠️ 资源超出预期（多出来的那个就是泄漏的形状）：模式 照片 · input 活 2（累计增/删 18/16） · output 活 0（累计增/删 19/19） · 内存 41.4MB · 预期 input ≤ 1 / output ≤ 1
[22:30:48.493] WRN [resource] ⚠️ 资源超出预期（多出来的那个就是泄漏的形状）：模式 照片 · input 活 2（累计增/删 18/16） · output 活 1（累计增/删 20/19） · 内存 41.4MB · 预期 input ≤ 1 / output ≤ 1
[22:30:48.493] INF [photo] Live Photo 采集 已开启
[22:30:48.801] DBG [ui] toast: Log 实况：当前录制 Log 视频，套用 LUT 导出实况照片在 P5 交付
[22:30:48.801] INF [session] 切换模式 照片 → Log 实况
[22:30:48.926] INF [session] 切模式 commit 后瞬间档位：曝光=手动 / 白平衡=手动 / 快照=曝光手动·白平衡手动
[22:30:48.926] INF [photo] 照片编码格式：hvc1
[22:30:48.926] INF [device] 手动曝光档：ISO 989 快门 1/50s
[22:30:48.926] INF [session] 切模式：手动曝光已按快照重放（ISO 989）
[22:30:48.926] INF [device] 手动白平衡档：5527K（色调跟随当前值 17）
[22:30:48.926] INF [session] 切模式：手动白平衡已按快照重放（5527K）
[22:30:48.927] INF [session] 切模式后档位复查（实况）：曝光=手动 / 白平衡=手动 / 对焦意图=自动 / EV=+0.0
[22:30:48.927] INF [session] 切模式耗时 0.54s（实况；含 outputs 重配与参数重放）
[22:30:49.295] INF [session] 切模式 commit 后瞬间档位：曝光=手动 / 白平衡=手动 / 快照=曝光手动·白平衡手动
[22:30:49.296] DBG [photo] Log 实况：录制链路不挂照片输出，跳过照片模板准备
[22:30:49.296] INF [device] 手动曝光档：ISO 300 快门 1/50s
[22:30:49.296] INF [session] 切模式：手动曝光已按快照重放（ISO 300）
[22:30:49.296] INF [device] 手动白平衡档：5527K（色调跟随当前值 17）
[22:30:49.296] INF [session] 切模式：手动白平衡已按快照重放（5527K）
[22:30:49.297] INF [session] 切模式后档位复查（Log 实况）：曝光=手动 / 白平衡=手动 / 对焦意图=自动 / EV=+0.0
[22:30:49.297] INF [session] 切模式耗时 0.37s（Log 实况；含 outputs 重配与参数重放）
[22:30:49.464] INF [session] 切换模式 Log 实况 → 实况
[22:30:49.465] INF [photo] Live Photo 采集 已开启
[22:30:49.902] INF [session] 切模式 commit 后瞬间档位：曝光=手动 / 白平衡=手动 / 快照=曝光手动·白平衡手动
[22:30:49.902] INF [photo] 照片编码格式：hvc1
[22:30:49.902] INF [device] 手动曝光档：ISO 582 快门 1/50s
[22:30:49.902] INF [session] 切模式：手动曝光已按快照重放（ISO 582）
[22:30:49.903] INF [device] 手动白平衡档：5526K（色调跟随当前值 17）
[22:30:49.903] INF [session] 切模式：手动白平衡已按快照重放（5526K）
[22:30:49.903] INF [session] 切模式后档位复查（实况）：曝光=手动 / 白平衡=手动 / 对焦意图=自动 / EV=+0.0
[22:30:49.904] INF [session] 切模式耗时 0.44s（实况；含 outputs 重配与参数重放）
[22:30:49.917] INF [resource] 模式 实况 · input 活 2（累计增/删 18/16） · output 活 1（累计增/删 22/21） · 内存 41.8MB
[22:30:50.263] INF [session] 切换模式 实况 → 视频
[22:30:50.529] INF [session] 切模式 commit 后瞬间档位：曝光=手动 / 白平衡=手动 / 快照=曝光手动·白平衡手动
[22:30:50.529] DBG [photo] 视频：录制链路不挂照片输出，跳过照片模板准备
[22:30:50.530] INF [device] 手动曝光档：ISO 582 快门 1/50s
[22:30:50.530] INF [session] 切模式：手动曝光已按快照重放（ISO 582）
[22:30:50.530] INF [device] 手动白平衡档：5526K（色调跟随当前值 17）
[22:30:50.530] INF [session] 切模式：手动白平衡已按快照重放（5526K）
[22:30:50.530] INF [session] 切模式后档位复查（视频）：曝光=手动 / 白平衡=手动 / 对焦意图=自动 / EV=+0.0
[22:30:50.530] INF [session] 切模式耗时 0.27s（视频；含 outputs 重配与参数重放）
[22:30:51.077] DBG [ui] toast: Log 实况：当前录制 Log 视频，套用 LUT 导出实况照片在 P5 交付
[22:30:51.077] INF [session] 切换模式 视频 → Log 实况
[22:30:51.359] INF [session] 切模式 commit 后瞬间档位：曝光=手动 / 白平衡=手动 / 快照=曝光手动·白平衡手动
[22:30:51.359] DBG [photo] Log 实况：录制链路不挂照片输出，跳过照片模板准备
[22:30:51.360] INF [device] 手动曝光档：ISO 582 快门 1/50s
[22:30:51.360] INF [session] 切模式：手动曝光已按快照重放（ISO 582）
[22:30:51.360] INF [device] 手动白平衡档：5525K（色调跟随当前值 17）
[22:30:51.360] INF [session] 切模式：手动白平衡已按快照重放（5525K）
[22:30:51.361] INF [session] 切模式后档位复查（Log 实况）：曝光=手动 / 白平衡=手动 / 对焦意图=自动 / EV=+0.0
[22:30:51.361] INF [session] 切模式耗时 0.28s（Log 实况；含 outputs 重配与参数重放）
[22:30:51.984] INF [resource] 模式 Log 实况 · input 活 2（累计增/删 18/16） · output 活 1（累计增/删 24/23） · 内存 41.8MB
[22:30:52.048] INF [session] 切换模式 Log 实况 → 实况
[22:30:52.049] INF [photo] Live Photo 采集 已开启
[22:30:52.487] INF [session] 切模式 commit 后瞬间档位：曝光=手动 / 白平衡=手动 / 快照=曝光手动·白平衡手动
[22:30:52.487] INF [photo] 照片编码格式：hvc1
[22:30:52.487] INF [device] 手动曝光档：ISO 582 快门 1/50s
[22:30:52.487] INF [session] 切模式：手动曝光已按快照重放（ISO 582）
[22:30:52.487] INF [device] 手动白平衡档：5525K（色调跟随当前值 17）
[22:30:52.487] INF [session] 切模式：手动白平衡已按快照重放（5525K）
[22:30:52.488] INF [session] 切模式后档位复查（实况）：曝光=手动 / 白平衡=手动 / 对焦意图=自动 / EV=+0.0
[22:30:52.488] INF [session] 切模式耗时 0.44s（实况；含 outputs 重配与参数重放）
[22:30:52.670] INF [session] 切换模式 实况 → 照片
[22:30:52.673] INF [session] 已移除麦克风输入
[22:30:52.806] INF [audio] 音频会话已释放
[22:30:53.249] INF [session] 切模式 commit 后瞬间档位：曝光=手动 / 白平衡=手动 / 快照=曝光手动·白平衡手动
[22:30:53.249] INF [photo] 照片编码格式：hvc1
[22:30:53.250] INF [device] 手动曝光档：ISO 522 快门 1/50s
[22:30:53.250] INF [session] 切模式：手动曝光已按快照重放（ISO 522）
[22:30:53.250] INF [device] 手动白平衡档：5524K（色调跟随当前值 17）
[22:30:53.250] INF [session] 切模式：手动白平衡已按快照重放（5524K）
[22:30:53.251] INF [session] 切模式后档位复查（照片）：曝光=手动 / 白平衡=手动 / 对焦意图=自动 / EV=+0.0
[22:30:53.251] INF [session] 切模式耗时 0.58s（照片；含 outputs 重配与参数重放）
[22:30:53.620] INF [session] 切换模式 照片 → 实况
[22:30:53.623] WRN [resource] ⚠️ 资源超出预期（多出来的那个就是泄漏的形状）：模式 照片 · input 活 2（累计增/删 19/17） · output 活 1（累计增/删 26/25） · 内存 41.6MB · 预期 input ≤ 1 / output ≤ 1
[22:30:53.623] INF [session] 已加入麦克风输入
[22:30:53.719] INF [audio] 音频会话已激活（active=true category=AVAudioSessionCategoryPlayAndRecord mode=AVAudioSessionModeVideoRecording 48000Hz ch=1）
[22:30:53.719] WRN [resource] ⚠️ 资源超出预期（多出来的那个就是泄漏的形状）：模式 照片 · input 活 2（累计增/删 19/17） · output 活 0（累计增/删 26/26） · 内存 41.5MB · 预期 input ≤ 1 / output ≤ 1
[22:30:53.721] WRN [resource] ⚠️ 资源超出预期（多出来的那个就是泄漏的形状）：模式 照片 · input 活 2（累计增/删 19/17） · output 活 1（累计增/删 27/26） · 内存 41.5MB · 预期 input ≤ 1 / output ≤ 1
[22:30:53.721] INF [photo] Live Photo 采集 已开启
[22:30:54.152] INF [session] 切换模式 照片 → 实况
[22:30:54.155] INF [session] 切模式 commit 后瞬间档位：曝光=手动 / 白平衡=手动 / 快照=曝光手动·白平衡手动
[22:30:54.156] INF [photo] 照片编码格式：hvc1
[22:30:54.156] INF [device] 手动曝光档：ISO 520 快门 1/50s
[22:30:54.156] INF [session] 切模式：手动曝光已按快照重放（ISO 520）
[22:30:54.156] INF [device] 手动白平衡档：5524K（色调跟随当前值 17）
[22:30:54.156] INF [session] 切模式：手动白平衡已按快照重放（5524K）
[22:30:54.157] INF [session] 切模式后档位复查（实况）：曝光=手动 / 白平衡=手动 / 对焦意图=自动 / EV=+0.0
[22:30:54.157] INF [session] 切模式耗时 0.54s（实况；含 outputs 重配与参数重放）
[22:30:54.158] INF [photo] Live Photo 采集 已开启
[22:30:54.436] DBG [ui] toast: Log 实况：当前录制 Log 视频，套用 LUT 导出实况照片在 P5 交付
[22:30:54.436] INF [session] 切换模式 实况 → Log 实况
[22:30:54.488] INF [session] 切模式 commit 后瞬间档位：曝光=手动 / 白平衡=手动 / 快照=曝光手动·白平衡手动
[22:30:54.488] INF [photo] 照片编码格式：hvc1
[22:30:54.488] INF [device] 手动曝光档：ISO 330 快门 1/50s
[22:30:54.488] INF [session] 切模式：手动曝光已按快照重放（ISO 330）
[22:30:54.488] INF [device] 手动白平衡档：5524K（色调跟随当前值 17）
[22:30:54.488] INF [session] 切模式：手动白平衡已按快照重放（5524K）
[22:30:54.489] INF [session] 切模式后档位复查（实况）：曝光=手动 / 白平衡=手动 / 对焦意图=自动 / EV=+0.0
[22:30:54.489] INF [session] 切模式耗时 0.33s（实况；含 outputs 重配与参数重放）
[22:30:54.489] INF [resource] 模式 实况 · input 活 2（累计增/删 19/17） · output 活 1（累计增/删 28/27） · 内存 41.7MB
[22:30:54.619] DBG [ui] toast: Log 实况：当前录制 Log 视频，套用 LUT 导出实况照片在 P5 交付
[22:30:54.619] INF [session] 切换模式 实况 → Log 实况
[22:30:54.786] DBG [ui] toast: Log 实况：当前录制 Log 视频，套用 LUT 导出实况照片在 P5 交付
[22:30:54.786] INF [session] 切换模式 实况 → Log 实况
[22:30:54.807] INF [session] 切模式 commit 后瞬间档位：曝光=手动 / 白平衡=手动 / 快照=曝光手动·白平衡手动
[22:30:54.807] DBG [photo] Log 实况：录制链路不挂照片输出，跳过照片模板准备
[22:30:54.807] INF [device] 手动曝光档：ISO 519 快门 1/50s
[22:30:54.808] INF [session] 切模式：手动曝光已按快照重放（ISO 519）
[22:30:54.808] INF [device] 手动白平衡档：5209K（色调跟随当前值 32）
[22:30:54.808] INF [session] 切模式：手动白平衡已按快照重放（5209K）
[22:30:54.808] INF [session] 切模式后档位复查（Log 实况）：曝光=手动 / 白平衡=手动 / 对焦意图=自动 / EV=+0.0
[22:30:54.808] INF [session] 切模式耗时 0.32s（Log 实况；含 outputs 重配与参数重放）
[22:30:55.152] INF [session] 切模式 commit 后瞬间档位：曝光=手动 / 白平衡=手动 / 快照=曝光手动·白平衡手动
[22:30:55.152] DBG [photo] Log 实况：录制链路不挂照片输出，跳过照片模板准备
[22:30:55.152] INF [device] 手动曝光档：ISO 245 快门 1/50s
[22:30:55.152] INF [session] 切模式：手动曝光已按快照重放（ISO 245）
[22:30:55.153] INF [device] 手动白平衡档：5211K（色调跟随当前值 32）
[22:30:55.153] INF [session] 切模式：手动白平衡已按快照重放（5211K）
[22:30:55.153] INF [session] 切模式后档位复查（Log 实况）：曝光=手动 / 白平衡=手动 / 对焦意图=自动 / EV=+0.0
[22:30:55.153] INF [session] 切模式耗时 0.35s（Log 实况；含 outputs 重配与参数重放）
[22:30:55.501] INF [session] 切模式 commit 后瞬间档位：曝光=手动 / 白平衡=手动 / 快照=曝光手动·白平衡手动
[22:30:55.501] DBG [photo] Log 实况：录制链路不挂照片输出，跳过照片模板准备
[22:30:55.501] INF [device] 手动曝光档：ISO 233 快门 1/50s
[22:30:55.501] INF [session] 切模式：手动曝光已按快照重放（ISO 233）
[22:30:55.501] INF [device] 手动白平衡档：5213K（色调跟随当前值 33）
[22:30:55.501] INF [session] 切模式：手动白平衡已按快照重放（5213K）
[22:30:55.502] INF [session] 切模式后档位复查（Log 实况）：曝光=手动 / 白平衡=手动 / 对焦意图=自动 / EV=+0.0
[22:30:55.502] INF [session] 切模式耗时 0.35s（Log 实况；含 outputs 重配与参数重放）
[22:30:55.548] INF [resource] 模式 Log 实况 · input 活 2（累计增/删 19/17） · output 活 1（累计增/删 31/30） · 内存 41.6MB
[22:30:55.549] INF [session] 切换模式 Log 实况 → 视频
[22:30:55.719] INF [session] 切换模式 Log 实况 → 视频
[22:30:55.842] INF [session] 切模式 commit 后瞬间档位：曝光=手动 / 白平衡=手动 / 快照=曝光手动·白平衡手动
[22:30:55.842] DBG [photo] 视频：录制链路不挂照片输出，跳过照片模板准备
[22:30:55.843] INF [device] 手动曝光档：ISO 233 快门 1/50s
[22:30:55.843] INF [session] 切模式：手动曝光已按快照重放（ISO 233）
[22:30:55.843] INF [device] 手动白平衡档：5213K（色调跟随当前值 33）
[22:30:55.843] INF [session] 切模式：手动白平衡已按快照重放（5213K）
[22:30:55.843] INF [session] 切模式后档位复查（视频）：曝光=手动 / 白平衡=手动 / 对焦意图=自动 / EV=+0.0
[22:30:55.843] INF [session] 切模式耗时 0.29s（视频；含 outputs 重配与参数重放）
[22:30:56.185] INF [session] 切模式 commit 后瞬间档位：曝光=手动 / 白平衡=手动 / 快照=曝光手动·白平衡手动
[22:30:56.185] DBG [photo] 视频：录制链路不挂照片输出，跳过照片模板准备
[22:30:56.185] INF [device] 手动曝光档：ISO 232 快门 1/50s
[22:30:56.185] INF [session] 切模式：手动曝光已按快照重放（ISO 232）
[22:30:56.185] INF [device] 手动白平衡档：5215K（色调跟随当前值 33）
[22:30:56.185] INF [session] 切模式：手动白平衡已按快照重放（5215K）
[22:30:56.186] INF [session] 切模式后档位复查（视频）：曝光=手动 / 白平衡=手动 / 对焦意图=自动 / EV=+0.0
[22:30:56.186] INF [session] 切模式耗时 0.34s（视频；含 outputs 重配与参数重放）
[22:30:56.591] INF [session] 切换模式 视频 → 实况
[22:30:56.596] INF [photo] Live Photo 采集 已开启
[22:30:56.757] INF [session] 切换模式 视频 → 实况
[22:30:57.086] INF [session] 切模式 commit 后瞬间档位：曝光=手动 / 白平衡=手动 / 快照=曝光手动·白平衡手动
[22:30:57.086] INF [photo] 照片编码格式：hvc1
[22:30:57.086] INF [device] 手动曝光档：ISO 232 快门 1/50s
[22:30:57.086] INF [session] 切模式：手动曝光已按快照重放（ISO 232）
[22:30:57.086] INF [device] 手动白平衡档：5214K（色调跟随当前值 33）
[22:30:57.086] INF [session] 切模式：手动白平衡已按快照重放（5214K）
[22:30:57.087] INF [session] 切模式后档位复查（实况）：曝光=手动 / 白平衡=手动 / 对焦意图=自动 / EV=+0.0
[22:30:57.087] INF [session] 切模式耗时 0.50s（实况；含 outputs 重配与参数重放）
[22:30:57.088] INF [photo] Live Photo 采集 已开启
[22:30:57.418] INF [session] 切模式 commit 后瞬间档位：曝光=手动 / 白平衡=手动 / 快照=曝光手动·白平衡手动
[22:30:57.418] INF [photo] 照片编码格式：hvc1
[22:30:57.418] INF [device] 手动曝光档：ISO 238 快门 1/50s
[22:30:57.418] INF [session] 切模式：手动曝光已按快照重放（ISO 238）
[22:30:57.418] INF [device] 手动白平衡档：5214K（色调跟随当前值 33）
[22:30:57.418] INF [session] 切模式：手动白平衡已按快照重放（5214K）
[22:30:57.419] INF [session] 切模式后档位复查（实况）：曝光=手动 / 白平衡=手动 / 对焦意图=自动 / EV=+0.0
[22:30:57.419] INF [session] 切模式耗时 0.33s（实况；含 outputs 重配与参数重放）
[22:30:57.419] INF [resource] 模式 实况 · input 活 2（累计增/删 19/17） · output 活 1（累计增/删 35/34） · 内存 41.8MB
[22:30:57.515] INF [session] 切换模式 实况 → 照片
[22:30:57.516] INF [session] 已移除麦克风输入
[22:30:57.652] INF [audio] 音频会话已释放
[22:30:57.732] INF [session] 切换模式 实况 → 照片
[22:30:58.094] INF [session] 切模式 commit 后瞬间档位：曝光=手动 / 白平衡=手动 / 快照=曝光手动·白平衡手动
[22:30:58.094] INF [photo] 照片编码格式：hvc1
[22:30:58.094] INF [device] 手动曝光档：ISO 520 快门 1/50s
[22:30:58.094] INF [session] 切模式：手动曝光已按快照重放（ISO 520）
[22:30:58.094] INF [device] 手动白平衡档：5215K（色调跟随当前值 33）
[22:30:58.094] INF [session] 切模式：手动白平衡已按快照重放（5215K）
[22:30:58.095] INF [session] 切模式后档位复查（照片）：曝光=手动 / 白平衡=手动 / 对焦意图=自动 / EV=+0.0
[22:30:58.095] INF [session] 切模式耗时 0.58s（照片；含 outputs 重配与参数重放）
[22:30:58.117] DBG [ui] toast: Log 实况：当前录制 Log 视频，套用 LUT 导出实况照片在 P5 交付
[22:30:58.117] INF [session] 切换模式 照片 → Log 实况
[22:30:58.315] DBG [ui] toast: Log 实况：当前录制 Log 视频，套用 LUT 导出实况照片在 P5 交付
[22:30:58.315] INF [session] 切换模式 照片 → Log 实况
[22:30:58.426] INF [session] 切模式 commit 后瞬间档位：曝光=手动 / 白平衡=手动 / 快照=曝光手动·白平衡手动
[22:30:58.426] INF [photo] 照片编码格式：hvc1
[22:30:58.426] INF [device] 手动曝光档：ISO 325 快门 1/50s
[22:30:58.426] INF [session] 切模式：手动曝光已按快照重放（ISO 325）
[22:30:58.426] INF [device] 手动白平衡档：5214K（色调跟随当前值 33）
[22:30:58.426] INF [session] 切模式：手动白平衡已按快照重放（5214K）
[22:30:58.427] INF [session] 切模式后档位复查（照片）：曝光=手动 / 白平衡=手动 / 对焦意图=自动 / EV=+0.0
[22:30:58.427] INF [session] 切模式耗时 0.33s（照片；含 outputs 重配与参数重放）
[22:30:58.427] WRN [resource] ⚠️ 资源超出预期（多出来的那个就是泄漏的形状）：模式 照片 · input 活 2（累计增/删 20/18） · output 活 1（累计增/删 37/36） · 内存 41.6MB · 预期 input ≤ 1 / output ≤ 1
[22:30:58.427] INF [session] 已加入麦克风输入
[22:30:58.451] INF [audio] 音频会话已激活（active=true category=AVAudioSessionCategoryPlayAndRecord mode=AVAudioSessionModeVideoRecording 48000Hz ch=1）
[22:30:58.451] WRN [resource] ⚠️ 资源超出预期（多出来的那个就是泄漏的形状）：模式 照片 · input 活 2（累计增/删 20/18） · output 活 0（累计增/删 37/37） · 内存 41.6MB · 预期 input ≤ 1 / output ≤ 1
[22:30:58.452] WRN [resource] ⚠️ 资源超出预期（多出来的那个就是泄漏的形状）：模式 照片 · input 活 2（累计增/删 20/18） · output 活 1（累计增/删 38/37） · 内存 41.6MB · 预期 input ≤ 1 / output ≤ 1
[22:30:58.466] DBG [ui] toast: Log 实况：当前录制 Log 视频，套用 LUT 导出实况照片在 P5 交付
[22:30:58.466] INF [session] 切换模式 照片 → Log 实况
[22:30:58.732] INF [session] 切换模式 照片 → 视频
[22:30:58.735] INF [session] 切模式 commit 后瞬间档位：曝光=手动 / 白平衡=手动 / 快照=曝光手动·白平衡手动
[22:30:58.735] DBG [photo] Log 实况：录制链路不挂照片输出，跳过照片模板准备
[22:30:58.735] INF [device] 手动曝光档：ISO 523 快门 1/50s
[22:30:58.735] INF [session] 切模式：手动曝光已按快照重放（ISO 523）
[22:30:58.735] INF [device] 手动白平衡档：5215K（色调跟随当前值 33）
[22:30:58.735] INF [session] 切模式：手动白平衡已按快照重放（5215K）
[22:30:58.736] INF [session] 切模式后档位复查（Log 实况）：曝光=手动 / 白平衡=手动 / 对焦意图=自动 / EV=+0.0
[22:30:58.736] INF [session] 切模式耗时 0.31s（Log 实况；含 outputs 重配与参数重放）
[22:30:58.891] INF [session] 切换模式 Log 实况 → 视频
[22:30:59.041] INF [session] 切换模式 Log 实况 → 视频
[22:30:59.086] INF [session] 切模式 commit 后瞬间档位：曝光=手动 / 白平衡=手动 / 快照=曝光手动·白平衡手动
[22:30:59.086] DBG [photo] Log 实况：录制链路不挂照片输出，跳过照片模板准备
[22:30:59.086] INF [device] 手动曝光档：ISO 343 快门 1/50s
[22:30:59.086] INF [session] 切模式：手动曝光已按快照重放（ISO 343）
[22:30:59.086] INF [device] 手动白平衡档：5215K（色调跟随当前值 33）
[22:30:59.086] INF [session] 切模式：手动白平衡已按快照重放（5215K）
[22:30:59.087] INF [session] 切模式后档位复查（Log 实况）：曝光=手动 / 白平衡=手动 / 对焦意图=自动 / EV=+0.0
[22:30:59.087] INF [session] 切模式耗时 0.35s（Log 实况；含 outputs 重配与参数重放）
[22:30:59.434] INF [session] 切模式 commit 后瞬间档位：曝光=手动 / 白平衡=手动 / 快照=曝光手动·白平衡手动
[22:30:59.434] DBG [photo] Log 实况：录制链路不挂照片输出，跳过照片模板准备
[22:30:59.435] INF [device] 手动曝光档：ISO 234 快门 1/50s
[22:30:59.435] INF [session] 切模式：手动曝光已按快照重放（ISO 234）
[22:30:59.435] INF [device] 手动白平衡档：5217K（色调跟随当前值 34）
[22:30:59.435] INF [session] 切模式：手动白平衡已按快照重放（5217K）
[22:30:59.436] INF [session] 切模式后档位复查（Log 实况）：曝光=手动 / 白平衡=手动 / 对焦意图=自动 / EV=+0.0
[22:30:59.436] INF [session] 切模式耗时 0.35s（Log 实况；含 outputs 重配与参数重放）
[22:30:59.783] INF [session] 切模式 commit 后瞬间档位：曝光=手动 / 白平衡=手动 / 快照=曝光手动·白平衡手动
[22:30:59.783] DBG [photo] 视频：录制链路不挂照片输出，跳过照片模板准备
[22:30:59.784] INF [device] 手动曝光档：ISO 233 快门 1/50s
[22:30:59.784] INF [session] 切模式：手动曝光已按快照重放（ISO 233）
[22:30:59.784] INF [device] 手动白平衡档：5217K（色调跟随当前值 34）
[22:30:59.784] INF [session] 切模式：手动白平衡已按快照重放（5217K）
[22:30:59.785] INF [session] 切模式后档位复查（视频）：曝光=手动 / 白平衡=手动 / 对焦意图=自动 / EV=+0.0
[22:30:59.785] INF [session] 切模式耗时 0.35s（视频；含 outputs 重配与参数重放）
[22:30:59.785] INF [resource] 模式 视频 · input 活 2（累计增/删 20/18） · output 活 1（累计增/删 41/40） · 内存 41.6MB
[22:30:59.824] INF [session] 切换模式 视频 → 实况
[22:30:59.949] INF [session] 切换模式 视频 → 实况
[22:31:00.124] INF [session] 切模式 commit 后瞬间档位：曝光=手动 / 白平衡=手动 / 快照=曝光手动·白平衡手动
[22:31:00.124] DBG [photo] 视频：录制链路不挂照片输出，跳过照片模板准备
[22:31:00.125] INF [device] 手动曝光档：ISO 231 快门 1/50s
[22:31:00.125] INF [session] 切模式：手动曝光已按快照重放（ISO 231）
[22:31:00.125] INF [device] 手动白平衡档：5217K（色调跟随当前值 34）
[22:31:00.125] INF [session] 切模式：手动白平衡已按快照重放（5217K）
[22:31:00.125] INF [session] 切模式后档位复查（视频）：曝光=手动 / 白平衡=手动 / 对焦意图=自动 / EV=+0.0
[22:31:00.125] INF [session] 切模式耗时 0.34s（视频；含 outputs 重配与参数重放）
[22:31:00.178] DBG [ui] toast: Log 实况：当前录制 Log 视频，套用 LUT 导出实况照片在 P5 交付
[22:31:00.178] INF [session] 切换模式 视频 → Log 实况
[22:31:00.345] DBG [ui] toast: Log 实况：当前录制 Log 视频，套用 LUT 导出实况照片在 P5 交付
[22:31:00.345] INF [session] 切换模式 视频 → Log 实况
[22:31:00.479] INF [session] 切模式 commit 后瞬间档位：曝光=手动 / 白平衡=手动 / 快照=曝光手动·白平衡手动
[22:31:00.479] DBG [photo] 视频：录制链路不挂照片输出，跳过照片模板准备
[22:31:00.479] INF [device] 手动曝光档：ISO 232 快门 1/50s
[22:31:00.479] INF [session] 切模式：手动曝光已按快照重放（ISO 232）
[22:31:00.479] INF [device] 手动白平衡档：5217K（色调跟随当前值 34）
[22:31:00.479] INF [session] 切模式：手动白平衡已按快照重放（5217K）
[22:31:00.480] INF [session] 切模式后档位复查（视频）：曝光=手动 / 白平衡=手动 / 对焦意图=自动 / EV=+0.0
[22:31:00.480] INF [session] 切模式耗时 0.35s（视频；含 outputs 重配与参数重放）
[22:31:00.481] INF [photo] Live Photo 采集 已开启
[22:31:00.829] DBG [ui] toast: Log 实况：当前录制 Log 视频，套用 LUT 导出实况照片在 P5 交付
[22:31:00.829] INF [session] 切换模式 视频 → Log 实况
[22:31:00.995] DBG [ui] toast: Log 实况：当前录制 Log 视频，套用 LUT 导出实况照片在 P5 交付
[22:31:00.995] INF [session] 切换模式 视频 → Log 实况
[22:31:01.017] INF [session] 切模式 commit 后瞬间档位：曝光=手动 / 白平衡=手动 / 快照=曝光手动·白平衡手动
[22:31:01.017] INF [photo] 照片编码格式：hvc1
[22:31:01.017] INF [device] 手动曝光档：ISO 238 快门 1/50s
[22:31:01.017] INF [session] 切模式：手动曝光已按快照重放（ISO 238）
[22:31:01.017] INF [device] 手动白平衡档：5217K（色调跟随当前值 34）
[22:31:01.017] INF [session] 切模式：手动白平衡已按快照重放（5217K）
[22:31:01.018] INF [session] 切模式后档位复查（实况）：曝光=手动 / 白平衡=手动 / 对焦意图=自动 / EV=+0.0
[22:31:01.018] INF [session] 切模式耗时 0.54s（实况；含 outputs 重配与参数重放）
[22:31:01.018] INF [photo] Live Photo 采集 已开启
[22:31:01.329] INF [session] 切模式 commit 后瞬间档位：曝光=手动 / 白平衡=手动 / 快照=曝光手动·白平衡手动
[22:31:01.329] INF [photo] 照片编码格式：hvc1
[22:31:01.329] INF [device] 手动曝光档：ISO 242 快门 1/50s
[22:31:01.329] INF [session] 切模式：手动曝光已按快照重放（ISO 242）
[22:31:01.329] INF [device] 手动白平衡档：5217K（色调跟随当前值 34）
[22:31:01.329] INF [session] 切模式：手动白平衡已按快照重放（5217K）
[22:31:01.330] INF [session] 切模式后档位复查（实况）：曝光=手动 / 白平衡=手动 / 对焦意图=自动 / EV=+0.0
[22:31:01.330] INF [session] 切模式耗时 0.31s（实况；含 outputs 重配与参数重放）
[22:31:01.330] INF [resource] 模式 实况 · input 活 2（累计增/删 20/18） · output 活 1（累计增/删 45/44） · 内存 41.9MB
[22:31:01.574] INF [session] 切换模式 实况 → 照片
[22:31:01.630] INF [session] 切模式 commit 后瞬间档位：曝光=手动 / 白平衡=手动 / 快照=曝光手动·白平衡手动
[22:31:01.630] DBG [photo] Log 实况：录制链路不挂照片输出，跳过照片模板准备
[22:31:01.631] INF [device] 手动曝光档：ISO 528 快门 1/50s
[22:31:01.631] INF [session] 切模式：手动曝光已按快照重放（ISO 528）
[22:31:01.631] INF [device] 手动白平衡档：5215K（色调跟随当前值 33）
[22:31:01.631] INF [session] 切模式：手动白平衡已按快照重放（5215K）
[22:31:01.631] INF [session] 切模式后档位复查（Log 实况）：曝光=手动 / 白平衡=手动 / 对焦意图=自动 / EV=+0.0
[22:31:01.631] INF [session] 切模式耗时 0.30s（Log 实况；含 outputs 重配与参数重放）
[22:31:01.728] INF [session] 切换模式 Log 实况 → 照片
[22:31:01.984] INF [session] 切模式 commit 后瞬间档位：曝光=手动 / 白平衡=手动 / 快照=曝光手动·白平衡手动
[22:31:01.984] DBG [photo] Log 实况：录制链路不挂照片输出，跳过照片模板准备
[22:31:01.984] INF [device] 手动曝光档：ISO 251 快门 1/50s
[22:31:01.984] INF [session] 切模式：手动曝光已按快照重放（ISO 251）
[22:31:01.984] INF [device] 手动白平衡档：5215K（色调跟随当前值 33）
[22:31:01.984] INF [session] 切模式：手动白平衡已按快照重放（5215K）
[22:31:01.985] INF [session] 切模式后档位复查（Log 实况）：曝光=手动 / 白平衡=手动 / 对焦意图=自动 / EV=+0.0
[22:31:01.985] INF [session] 切模式耗时 0.35s（Log 实况；含 outputs 重配与参数重放）
[22:31:02.320] INF [session] 切模式 commit 后瞬间档位：曝光=手动 / 白平衡=手动 / 快照=曝光手动·白平衡手动
[22:31:02.320] DBG [photo] Log 实况：录制链路不挂照片输出，跳过照片模板准备
[22:31:02.320] INF [device] 手动曝光档：ISO 235 快门 1/50s
[22:31:02.320] INF [session] 切模式：手动曝光已按快照重放（ISO 235）
[22:31:02.320] INF [device] 手动白平衡档：5215K（色调跟随当前值 33）
[22:31:02.320] INF [session] 切模式：手动白平衡已按快照重放（5215K）
[22:31:02.323] INF [session] 切模式后档位复查（Log 实况）：曝光=手动 / 白平衡=手动 / 对焦意图=自动 / EV=+0.0
[22:31:02.323] INF [session] 切模式耗时 0.34s（Log 实况；含 outputs 重配与参数重放）
[22:31:02.470] INF [session] 切换模式 Log 实况 → 实况
[22:31:02.620] INF [session] 切换模式 Log 实况 → 实况
[22:31:02.668] INF [session] 切模式 commit 后瞬间档位：曝光=手动 / 白平衡=手动 / 快照=曝光手动·白平衡手动
[22:31:02.668] DBG [photo] Log 实况：录制链路不挂照片输出，跳过照片模板准备
[22:31:02.668] INF [device] 手动曝光档：ISO 231 快门 1/50s
[22:31:02.668] INF [session] 切模式：手动曝光已按快照重放（ISO 231）
[22:31:02.668] INF [device] 手动白平衡档：5217K（色调跟随当前值 34）
[22:31:02.668] INF [session] 切模式：手动白平衡已按快照重放（5217K）
[22:31:02.669] INF [session] 切模式后档位复查（Log 实况）：曝光=手动 / 白平衡=手动 / 对焦意图=自动 / EV=+0.0
[22:31:02.669] INF [session] 切模式耗时 0.35s（Log 实况；含 outputs 重配与参数重放）
[22:31:02.670] INF [resource] 模式 Log 实况 · input 活 2（累计增/删 20/18） · output 活 1（累计增/删 49/48） · 内存 41.6MB
[22:31:02.670] INF [session] 已移除麦克风输入
[22:31:02.749] INF [audio] 音频会话已释放
[22:31:02.787] INF [session] 切换模式 Log 实况 → 实况
[22:31:03.187] INF [session] 切换模式 Log 实况 → 照片
[22:31:03.236] INF [session] 切模式 commit 后瞬间档位：曝光=手动 / 白平衡=手动 / 快照=曝光手动·白平衡手动
[22:31:03.236] INF [photo] 照片编码格式：hvc1
[22:31:03.236] INF [device] 手动曝光档：ISO 230 快门 1/50s
[22:31:03.236] INF [session] 切模式：手动曝光已按快照重放（ISO 230）
[22:31:03.237] INF [device] 手动白平衡档：5217K（色调跟随当前值 34）
[22:31:03.237] INF [session] 切模式：手动白平衡已按快照重放（5217K）
[22:31:03.238] INF [session] 切模式后档位复查（照片）：曝光=手动 / 白平衡=手动 / 对焦意图=自动 / EV=+0.0
[22:31:03.238] INF [session] 切模式耗时 0.57s（照片；含 outputs 重配与参数重放）
[22:31:03.564] INF [session] 切模式 commit 后瞬间档位：曝光=手动 / 白平衡=手动 / 快照=曝光手动·白平衡手动
[22:31:03.564] INF [photo] 照片编码格式：hvc1
[22:31:03.564] INF [device] 手动曝光档：ISO 324 快门 1/50s
[22:31:03.564] INF [session] 切模式：手动曝光已按快照重放（ISO 324）
[22:31:03.564] INF [device] 手动白平衡档：5217K（色调跟随当前值 34）
[22:31:03.564] INF [session] 切模式：手动白平衡已按快照重放（5217K）
[22:31:03.565] INF [session] 切模式后档位复查（照片）：曝光=手动 / 白平衡=手动 / 对焦意图=自动 / EV=+0.0
[22:31:03.565] INF [session] 切模式耗时 0.33s（照片；含 outputs 重配与参数重放）
[22:31:03.566] WRN [resource] ⚠️ 资源超出预期（多出来的那个就是泄漏的形状）：模式 照片 · input 活 2（累计增/删 21/19） · output 活 1（累计增/删 51/50） · 内存 41.9MB · 预期 input ≤ 1 / output ≤ 1
[22:31:03.566] INF [session] 已加入麦克风输入
[22:31:03.587] INF [audio] 音频会话已激活（active=true category=AVAudioSessionCategoryPlayAndRecord mode=AVAudioSessionModeVideoRecording 48000Hz ch=1）
[22:31:03.587] WRN [resource] ⚠️ 资源超出预期（多出来的那个就是泄漏的形状）：模式 照片 · input 活 2（累计增/删 21/19） · output 活 0（累计增/删 51/51） · 内存 41.9MB · 预期 input ≤ 1 / output ≤ 1
[22:31:03.588] WRN [resource] ⚠️ 资源超出预期（多出来的那个就是泄漏的形状）：模式 照片 · input 活 2（累计增/删 21/19） · output 活 1（累计增/删 52/51） · 内存 41.9MB · 预期 input ≤ 1 / output ≤ 1
[22:31:03.588] INF [photo] Live Photo 采集 已开启
[22:31:04.030] INF [session] 切模式 commit 后瞬间档位：曝光=手动 / 白平衡=手动 / 快照=曝光手动·白平衡手动
[22:31:04.030] INF [photo] 照片编码格式：hvc1
[22:31:04.030] INF [device] 手动曝光档：ISO 543 快门 1/50s
[22:31:04.030] INF [session] 切模式：手动曝光已按快照重放（ISO 543）
[22:31:04.031] INF [device] 手动白平衡档：5215K（色调跟随当前值 33）
[22:31:04.031] INF [session] 切模式：手动白平衡已按快照重放（5215K）
[22:31:04.031] INF [session] 切模式后档位复查（实况）：曝光=手动 / 白平衡=手动 / 对焦意图=自动 / EV=+0.0
[22:31:04.031] INF [session] 切模式耗时 0.47s（实况；含 outputs 重配与参数重放）
[22:31:04.033] INF [photo] Live Photo 采集 已开启
[22:31:04.362] INF [session] 切模式 commit 后瞬间档位：曝光=手动 / 白平衡=手动 / 快照=曝光手动·白平衡手动
[22:31:04.362] INF [photo] 照片编码格式：hvc1
[22:31:04.362] INF [device] 手动曝光档：ISO 337 快门 1/50s
[22:31:04.362] INF [session] 切模式：手动曝光已按快照重放（ISO 337）
[22:31:04.362] INF [device] 手动白平衡档：5215K（色调跟随当前值 33）
[22:31:04.362] INF [session] 切模式：手动白平衡已按快照重放（5215K）
[22:31:04.363] INF [session] 切模式后档位复查（实况）：曝光=手动 / 白平衡=手动 / 对焦意图=自动 / EV=+0.0
[22:31:04.363] INF [session] 切模式耗时 0.33s（实况；含 outputs 重配与参数重放）
[22:31:04.363] INF [resource] 模式 实况 · input 活 2（累计增/删 21/19） · output 活 1（累计增/删 53/52） · 内存 41.6MB
[22:31:04.364] INF [photo] Live Photo 采集 已开启
[22:31:04.695] INF [session] 切模式 commit 后瞬间档位：曝光=手动 / 白平衡=手动 / 快照=曝光手动·白平衡手动
[22:31:04.695] INF [photo] 照片编码格式：hvc1
[22:31:04.695] INF [device] 手动曝光档：ISO 573 快门 1/50s
[22:31:04.695] INF [session] 切模式：手动曝光已按快照重放（ISO 573）
[22:31:04.695] INF [device] 手动白平衡档：5207K（色调跟随当前值 31）
[22:31:04.695] INF [session] 切模式：手动白平衡已按快照重放（5207K）
[22:31:04.696] INF [session] 切模式后档位复查（实况）：曝光=手动 / 白平衡=手动 / 对焦意图=自动 / EV=+0.0
[22:31:04.696] INF [session] 切模式耗时 0.33s（实况；含 outputs 重配与参数重放）
[22:31:04.696] INF [session] 已移除麦克风输入
[22:31:04.771] INF [audio] 音频会话已释放
[22:31:05.197] INF [session] 切模式 commit 后瞬间档位：曝光=手动 / 白平衡=手动 / 快照=曝光手动·白平衡手动
[22:31:05.197] INF [photo] 照片编码格式：hvc1
[22:31:05.198] INF [device] 手动曝光档：ISO 586 快门 1/50s
[22:31:05.198] INF [session] 切模式：手动曝光已按快照重放（ISO 586）
[22:31:05.198] INF [device] 手动白平衡档：5150K（色调跟随当前值 30）
[22:31:05.198] INF [session] 切模式：手动白平衡已按快照重放（5150K）
[22:31:05.199] INF [session] 切模式后档位复查（照片）：曝光=手动 / 白平衡=手动 / 对焦意图=自动 / EV=+0.0
[22:31:05.199] INF [session] 切模式耗时 0.50s（照片；含 outputs 重配与参数重放）
[22:31:05.200] INF [resource] 模式 照片 · input 活 1（累计增/删 21/20） · output 活 1（累计增/删 55/54） · 内存 41.6MB
[22:31:05.868] INF [session] 切换模式 照片 → 视频
[22:31:05.872] WRN [resource] ⚠️ 资源超出预期（多出来的那个就是泄漏的形状）：模式 照片 · input 活 2（累计增/删 22/20） · output 活 1（累计增/删 55/54） · 内存 41.6MB · 预期 input ≤ 1 / output ≤ 1
[22:31:05.872] INF [session] 已加入麦克风输入
[22:31:05.965] INF [audio] 音频会话已激活（active=true category=AVAudioSessionCategoryPlayAndRecord mode=AVAudioSessionModeVideoRecording 48000Hz ch=1）
[22:31:05.966] WRN [resource] ⚠️ 资源超出预期（多出来的那个就是泄漏的形状）：模式 照片 · input 活 2（累计增/删 22/20） · output 活 0（累计增/删 55/55） · 内存 41.7MB · 预期 input ≤ 1 / output ≤ 1
[22:31:05.967] WRN [resource] ⚠️ 资源超出预期（多出来的那个就是泄漏的形状）：模式 照片 · input 活 2（累计增/删 22/20） · output 活 1（累计增/删 56/55） · 内存 41.7MB · 预期 input ≤ 1 / output ≤ 1
[22:31:06.083] INF [session] 切换模式 照片 → 视频
[22:31:06.233] INF [session] 切模式 commit 后瞬间档位：曝光=手动 / 白平衡=手动 / 快照=曝光手动·白平衡手动
[22:31:06.233] DBG [photo] 视频：录制链路不挂照片输出，跳过照片模板准备
[22:31:06.233] INF [device] 手动曝光档：ISO 585 快门 1/50s
[22:31:06.234] INF [session] 切模式：手动曝光已按快照重放（ISO 585）
[22:31:06.234] INF [device] 手动白平衡档：5149K（色调跟随当前值 30）
[22:31:06.234] INF [session] 切模式：手动白平衡已按快照重放（5149K）
[22:31:06.234] INF [session] 切模式后档位复查（视频）：曝光=手动 / 白平衡=手动 / 对焦意图=自动 / EV=+0.0
[22:31:06.234] INF [session] 切模式耗时 0.37s（视频；含 outputs 重配与参数重放）
[22:31:06.234] INF [resource] 模式 视频 · input 活 2（累计增/删 22/20） · output 活 1（累计增/删 56/55） · 内存 41.5MB
[22:31:06.579] INF [session] 切模式 commit 后瞬间档位：曝光=手动 / 白平衡=手动 / 快照=曝光手动·白平衡手动
[22:31:06.579] DBG [photo] 视频：录制链路不挂照片输出，跳过照片模板准备
[22:31:06.579] INF [device] 手动曝光档：ISO 291 快门 1/50s
[22:31:06.579] INF [session] 切模式：手动曝光已按快照重放（ISO 291）
[22:31:06.579] INF [device] 手动白平衡档：5149K（色调跟随当前值 30）
[22:31:06.579] INF [session] 切模式：手动白平衡已按快照重放（5149K）
[22:31:06.580] INF [session] 切模式后档位复查（视频）：曝光=手动 / 白平衡=手动 / 对焦意图=自动 / EV=+0.0
[22:31:06.580] INF [session] 切模式耗时 0.35s（视频；含 outputs 重配与参数重放）
[22:31:07.819] DBG [ui] toast: Log 实况：当前录制 Log 视频，套用 LUT 导出实况照片在 P5 交付
[22:31:07.820] INF [session] 切换模式 视频 → Log 实况
[22:31:08.094] INF [session] 切模式 commit 后瞬间档位：曝光=手动 / 白平衡=手动 / 快照=曝光手动·白平衡手动
[22:31:08.094] DBG [photo] Log 实况：录制链路不挂照片输出，跳过照片模板准备
[22:31:08.094] INF [device] 手动曝光档：ISO 291 快门 1/50s
[22:31:08.094] INF [session] 切模式：手动曝光已按快照重放（ISO 291）
[22:31:08.094] INF [device] 手动白平衡档：5149K（色调跟随当前值 30）
[22:31:08.094] INF [session] 切模式：手动白平衡已按快照重放（5149K）
[22:31:08.095] INF [session] 切模式后档位复查（Log 实况）：曝光=手动 / 白平衡=手动 / 对焦意图=自动 / EV=+0.0
[22:31:08.095] INF [session] 切模式耗时 0.27s（Log 实况；含 outputs 重配与参数重放）
[22:31:08.133] INF [resource] 模式 Log 实况 · input 活 2（累计增/删 22/20） · output 活 1（累计增/删 58/57） · 内存 41.6MB
[22:31:08.601] DBG [ui] toast: 已呼出滤镜条 · 再上划一次呼出场景与风格
[22:31:09.299] DBG [ui] toast: 已收起滤镜条
[22:31:09.364] DBG [ui] toast: 滤镜：纪实冷调 · 默认强度 0.80
[22:31:09.910] DBG [ui] toast: 已呼出滤镜条 · 再上划一次呼出场景与风格
[22:31:10.553] DBG [ui] toast: 已呼出场景与风格 · 下划收起
[22:31:11.325] DBG [ui] toast: 已收起场景与风格
[22:31:12.111] DBG [ui] 刻度条展开（ISO）
[22:31:12.111] DBG [ui] toast: ISO：手动 181（左右滑动刻度）
[22:31:12.671] INF [device] 手动曝光档：ISO 160 快门 1/50s
[22:31:12.680] INF [resource] 模式 Log 实况 · input 活 2（累计增/删 22/20） · output 活 1（累计增/删 58/57） · 内存 43.5MB
[22:31:12.728] INF [device] 手动曝光档：ISO 125 快门 1/50s
[22:31:12.753] INF [device] 手动曝光档：ISO 100 快门 1/50s
[22:31:13.004] INF [device] 手动曝光档：ISO 125 快门 1/50s
[22:31:13.035] INF [device] 手动曝光档：ISO 160 快门 1/50s
[22:31:13.044] INF [resource] 模式 Log 实况 · input 活 2（累计增/删 22/20） · output 活 1（累计增/删 58/57） · 内存 43.1MB
[22:31:13.063] INF [device] 手动曝光档：ISO 200 快门 1/50s
[22:31:13.101] INF [device] 手动曝光档：ISO 250 快门 1/50s
[22:31:13.369] INF [device] 手动曝光档：ISO 200 快门 1/50s
[22:31:13.420] INF [device] 手动曝光档：ISO 125 快门 1/50s
[22:31:13.422] INF [device] 手动曝光档：ISO 100 快门 1/50s
[22:31:13.425] INF [resource] 模式 Log 实况 · input 活 2（累计增/删 22/20） · output 活 1（累计增/删 58/57） · 内存 43.1MB
[22:31:13.449] INF [device] 手动曝光档：ISO 80 快门 1/50s
[22:31:13.652] INF [device] 手动曝光档：ISO 100 快门 1/50s
[22:31:13.700] INF [device] 手动曝光档：ISO 125 快门 1/50s
[22:31:13.703] INF [device] 手动曝光档：ISO 200 快门 1/50s
[22:31:13.735] INF [device] 手动曝光档：ISO 250 快门 1/50s
[22:31:13.745] INF [resource] 模式 Log 实况 · input 活 2（累计增/删 22/20） · output 活 1（累计增/删 58/57） · 内存 43.1MB
[22:31:13.768] INF [device] 手动曝光档：ISO 320 快门 1/50s
[22:31:13.818] DBG [ui] 刻度条 ISO 松手吸附到 320
[22:31:13.818] INF [device] 手动曝光档：ISO 320 快门 1/50s
[22:31:14.104] INF [device] 手动曝光档：ISO 400 快门 1/50s
[22:31:14.157] INF [device] 手动曝光档：ISO 640 快门 1/50s
[22:31:14.159] INF [resource] 模式 Log 实况 · input 活 2（累计增/删 22/20） · output 活 1（累计增/删 58/57） · 内存 43.0MB
[22:31:14.182] INF [device] 手动曝光档：ISO 800 快门 1/50s
[22:31:14.204] INF [device] 手动曝光档：ISO 1000 快门 1/50s
[22:31:14.251] DBG [ui] 刻度条 ISO 松手吸附到 1000
[22:31:14.252] INF [device] 手动曝光档：ISO 1000 快门 1/50s
[22:31:14.502] INF [device] 手动曝光档：ISO 800 快门 1/50s
[22:31:14.532] INF [device] 手动曝光档：ISO 640 快门 1/50s
[22:31:14.543] INF [resource] 模式 Log 实况 · input 活 2（累计增/删 22/20） · output 活 1（累计增/删 58/57） · 内存 43.0MB
[22:31:14.562] INF [device] 手动曝光档：ISO 500 快门 1/50s
[22:31:14.582] INF [device] 手动曝光档：ISO 400 快门 1/50s
[22:31:14.601] DBG [ui] 刻度条 ISO 松手吸附到 400
[22:31:14.601] INF [device] 手动曝光档：ISO 400 快门 1/50s
[22:31:15.136] DBG [ui] 刻度条收起（点别处）
[22:31:15.137] INF [session] 切换模式 Log 实况 → 实况
[22:31:15.143] INF [photo] Live Photo 采集 已开启
[22:31:15.615] INF [session] 切模式 commit 后瞬间档位：曝光=手动 / 白平衡=手动 / 快照=曝光手动·白平衡手动
[22:31:15.615] INF [photo] 照片编码格式：hvc1
[22:31:15.615] INF [device] 手动曝光档：ISO 399 快门 1/50s
[22:31:15.615] INF [session] 切模式：手动曝光已按快照重放（ISO 399）
[22:31:15.616] INF [device] 手动白平衡档：5149K（色调跟随当前值 30）
[22:31:15.616] INF [session] 切模式：手动白平衡已按快照重放（5149K）
[22:31:15.617] INF [session] 切模式后档位复查（实况）：曝光=手动 / 白平衡=手动 / 对焦意图=自动 / EV=+0.0
[22:31:15.617] INF [session] 切模式耗时 0.48s（实况；含 outputs 重配与参数重放）
[22:31:15.632] INF [resource] 模式 实况 · input 活 2（累计增/删 22/20） · output 活 1（累计增/删 59/58） · 内存 42.9MB
[22:31:16.208] INF [session] 切换模式 实况 → 视频
[22:31:16.505] INF [session] 切模式 commit 后瞬间档位：曝光=手动 / 白平衡=手动 / 快照=曝光手动·白平衡手动
[22:31:16.506] DBG [photo] 视频：录制链路不挂照片输出，跳过照片模板准备
[22:31:16.506] INF [device] 手动曝光档：ISO 399 快门 1/50s
[22:31:16.506] INF [session] 切模式：手动曝光已按快照重放（ISO 399）
[22:31:16.506] INF [device] 手动白平衡档：5148K（色调跟随当前值 30）
[22:31:16.506] INF [session] 切模式：手动白平衡已按快照重放（5148K）
[22:31:16.507] INF [session] 切模式后档位复查（视频）：曝光=手动 / 白平衡=手动 / 对焦意图=自动 / EV=+0.0
[22:31:16.507] INF [session] 切模式耗时 0.30s（视频；含 outputs 重配与参数重放）
[22:31:16.907] DBG [ui] toast: 已呼出滤镜条 · 再上划一次呼出场景与风格
[22:31:16.996] DBG [ui] 刻度条展开（快门） · 连带收起 滤镜条
[22:31:16.996] DBG [ui] toast: 快门：手动 1/50s（左右滑动刻度） · 滤镜条已收起
[22:31:17.294] DBG [preview] 点按对焦 view=(200,580) device=(0.75,0.50)
[22:31:17.294] DBG [ui] 刻度条收起（点别处）
[22:31:17.300] DBG [device] 对焦点 → (0.75, 0.50)
[22:31:17.301] INF [device] 手动曝光档：ISO 399 快门 1/50s
[22:31:17.301] INF [session] 点按对焦后按意图重放手动曝光（ISO 399 / 1/50s）
[22:31:17.301] INF [device] 手动白平衡档：5148K（色调跟随当前值 30）
[22:31:17.301] INF [session] 点按对焦后按意图重放手动白平衡（5148K）
[22:31:17.302] INF [session] 点按对焦后档位：曝光=手动 / 白平衡=手动 / 意图=曝光手动·白平衡手动
[22:31:17.985] INF [resource] 模式 视频 · input 活 2（累计增/删 22/20） · output 活 1（累计增/删 60/59） · 内存 43.2MB
[22:31:18.021] DBG [ui] 刻度条展开（ISO）
[22:31:18.021] DBG [ui] toast: ISO：手动 399（左右滑动刻度）
[22:31:18.519] DBG [ui] 刻度条收起（点别处）
[22:31:18.519] DBG [ui] toast: 没有更多可收起的浮层
[22:31:19.173] DBG [ui] 刻度条展开（ISO）
[22:31:19.173] DBG [ui] toast: ISO：手动 399（左右滑动刻度）
[22:31:19.629] INF [device] 手动曝光档：ISO 320 快门 1/50s
[22:31:19.685] INF [device] 手动曝光档：ISO 200 快门 1/50s
[22:31:19.710] INF [device] 手动曝光档：ISO 160 快门 1/50s
[22:31:19.913] INF [device] 手动曝光档：ISO 200 快门 1/50s
[22:31:19.917] INF [resource] 模式 视频 · input 活 2（累计增/删 22/20） · output 活 1（累计增/删 60/59） · 内存 43.5MB
[22:31:19.958] INF [device] 手动曝光档：ISO 250 快门 1/50s
[22:31:19.982] INF [device] 手动曝光档：ISO 320 快门 1/50s
[22:31:20.004] INF [device] 手动曝光档：ISO 400 快门 1/50s
[22:31:20.044] INF [device] 手动曝光档：ISO 500 快门 1/50s
[22:31:20.053] INF [resource] 模式 视频 · input 活 2（累计增/删 22/20） · output 活 1（累计增/删 60/59） · 内存 43.5MB
[22:31:20.111] INF [device] 手动曝光档：ISO 640 快门 1/50s
[22:31:20.177] DBG [ui] 刻度条 ISO 松手吸附到 640
[22:31:20.178] INF [device] 手动曝光档：ISO 640 快门 1/50s
[22:31:20.463] DBG [ui] 刻度条展开（快门）
[22:31:20.463] DBG [ui] toast: 快门：手动 1/50s（左右滑动刻度）
[22:31:21.012] INF [device] 手动曝光档：ISO 640 快门 1/60s
[22:31:21.016] INF [device] 手动曝光档：ISO 640 快门 1/96s
[22:31:21.019] DBG [ui] 刻度条草稿 0.8s 未与硬件回读对齐 → 强制交回硬件真值（写值可能被 clamp 过）
[22:31:21.020] INF [resource] 模式 视频 · input 活 2（累计增/删 22/20） · output 活 1（累计增/删 60/59） · 内存 44.1MB
[22:31:21.046] INF [device] 手动曝光档：ISO 638 快门 1/100s
[22:31:21.195] INF [device] 手动曝光档：ISO 638 快门 1/96s
[22:31:21.228] INF [device] 手动曝光档：ISO 638 快门 1/80s
[22:31:21.250] INF [device] 手动曝光档：ISO 638 快门 1/60s
[22:31:21.278] INF [device] 手动曝光档：ISO 638 快门 1/50s
[22:31:21.287] INF [resource] 模式 视频 · input 活 2（累计增/删 22/20） · output 活 1（累计增/删 60/59） · 内存 43.8MB
[22:31:21.306] INF [device] 手动曝光档：ISO 638 快门 1/40s
[22:31:21.428] INF [device] 手动曝光档：ISO 638 快门 1/50s
[22:31:21.461] INF [device] 手动曝光档：ISO 638 快门 1/60s
[22:31:21.483] INF [device] 手动曝光档：ISO 638 快门 1/80s
[22:31:21.511] INF [device] 手动曝光档：ISO 638 快门 1/96s
[22:31:21.513] INF [resource] 模式 视频 · input 活 2（累计增/删 22/20） · output 活 1（累计增/删 60/59） · 内存 43.6MB
[22:31:21.532] INF [device] 手动曝光档：ISO 638 快门 1/100s
[22:31:21.553] DBG [ui] 刻度条 快门 松手吸附到 1/100
[22:31:21.553] INF [device] 手动曝光档：ISO 638 快门 1/100s
[22:31:21.846] DBG [ui] 刻度条展开（白平衡）
[22:31:21.846] DBG [ui] toast: 白平衡：手动 5148K（左右滑动刻度）
[22:31:22.225] INF [device] 手动白平衡档：5000K（色调跟随当前值 30）
[22:31:22.259] INF [device] 手动白平衡档：4900K（色调跟随当前值 30）
[22:31:22.263] INF [device] 手动白平衡档：4800K（色调跟随当前值 30）
[22:31:22.274] INF [resource] 模式 视频 · input 活 2（累计增/删 22/20） · output 活 1（累计增/删 60/59） · 内存 47.9MB
[22:31:22.298] INF [device] 手动白平衡档：4700K（色调跟随当前值 30）
[22:31:22.341] INF [device] 手动白平衡档：4600K（色调跟随当前值 30）
[22:31:22.365] DBG [ui] 刻度条草稿 0.8s 未与硬件回读对齐 → 强制交回硬件真值（写值可能被 clamp 过）
[22:31:22.407] INF [device] 手动白平衡档：4700K（色调跟随当前值 30）
[22:31:22.457] INF [device] 手动白平衡档：4800K（色调跟随当前值 30）
[22:31:22.461] INF [resource] 模式 视频 · input 活 2（累计增/删 22/20） · output 活 1（累计增/删 60/59） · 内存 46.5MB
[22:31:22.481] INF [device] 手动白平衡档：4900K（色调跟随当前值 30）
[22:31:22.504] INF [device] 手动白平衡档：5000K（色调跟随当前值 30）
[22:31:22.532] INF [device] 手动白平衡档：5100K（色调跟随当前值 30）
[22:31:22.559] INF [device] 手动白平衡档：5200K（色调跟随当前值 30）
[22:31:22.607] DBG [ui] 刻度条 白平衡 松手吸附到 5200K
[22:31:22.607] INF [device] 手动白平衡档：5200K（色调跟随当前值 30）
[22:31:22.618] INF [resource] 模式 视频 · input 活 2（累计增/删 22/20） · output 活 1（累计增/删 60/59） · 内存 45.2MB
[22:31:23.010] DBG [ui] 手动曝光档下点「曝光补偿」→ 已拦下并说明 EV 不生效
[22:31:23.010] DBG [ui] toast: 手动 ISO / 快门 档下 EV 不生效 —— 先点刻度条右端开关切回自动
[22:31:23.445] DBG [ui] 刻度条草稿 0.8s 未与硬件回读对齐 → 强制交回硬件真值（写值可能被 clamp 过）
[22:31:24.013] DBG [ui] 刻度条收起（点别处）
[22:31:24.018] INF [movie] 开始录制 → lumen-video-B61CF81C-28A3-4B17-AB0B-3AEDD897EED8.mov
[22:31:24.185] DBG [movie] 系统已开始写入 lumen-video-B61CF81C-28A3-4B17-AB0B-3AEDD897EED8.mov
[22:31:25.012] INF [movie] 请求停止录制
[22:31:25.174] INF [movie] 录制完成：lumen-video-B61CF81C-28A3-4B17-AB0B-3AEDD897EED8.mov（4544820 字节）
[22:31:25.438] INF [library] 视频已入库 id=B579FE13-35D1-4B26-82D4-E32A86A2AFAB/L0/001
[22:31:25.472] DBG [thumb] 视频首帧缩略图已生成 180x240
[22:31:25.472] DBG [ui] toast: 视频已保存
[22:31:25.473] DBG [ui] 已清理临时文件 lumen-video-B61CF81C-28A3-4B17-AB0B-3AEDD897EED8.mov
[22:31:26.304] INF [hardware] 相机控制按钮全按
[22:31:26.306] INF [movie] 开始录制 → lumen-video-0BCB6642-9CFC-4F9C-8789-11E31F9BB8E3.mov
[22:31:26.369] DBG [movie] 系统已开始写入 lumen-video-0BCB6642-9CFC-4F9C-8789-11E31F9BB8E3.mov
[22:31:26.571] INF [hardware] 相机控制按钮全按
[22:31:26.571] INF [movie] 请求停止录制
[22:31:26.749] INF [movie] 录制完成：lumen-video-0BCB6642-9CFC-4F9C-8789-11E31F9BB8E3.mov（1297357 字节）
[22:31:26.954] INF [resource] 模式 视频 · input 活 2（累计增/删 22/20） · output 活 1（累计增/删 60/59） · 内存 43.4MB
[22:31:26.971] INF [library] 视频已入库 id=35CF4C62-7942-420A-B166-67150DC914CD/L0/001
[22:31:27.006] DBG [thumb] 视频首帧缩略图已生成 180x240
[22:31:27.007] DBG [ui] toast: 视频已保存
[22:31:27.007] DBG [ui] 已清理临时文件 lumen-video-0BCB6642-9CFC-4F9C-8789-11E31F9BB8E3.mov
[22:31:27.489] INF [hardware] 相机控制按钮全按
[22:31:27.491] INF [movie] 开始录制 → lumen-video-9FAAC543-563E-4774-B499-F35B93C6FB62.mov
[22:31:27.569] DBG [movie] 系统已开始写入 lumen-video-9FAAC543-563E-4774-B499-F35B93C6FB62.mov
[22:31:28.131] INF [hardware] 相机控制按钮全按
[22:31:28.131] INF [movie] 请求停止录制
[22:31:28.324] INF [movie] 录制完成：lumen-video-9FAAC543-563E-4774-B499-F35B93C6FB62.mov（3191044 字节）
[22:31:28.546] INF [library] 视频已入库 id=66980853-DDE0-44D0-B4A5-DE41605B5D25/L0/001
[22:31:28.575] DBG [thumb] 视频首帧缩略图已生成 180x240
[22:31:28.576] DBG [ui] toast: 视频已保存
[22:31:28.576] DBG [ui] 已清理临时文件 lumen-video-9FAAC543-563E-4774-B499-F35B93C6FB62.mov
[22:31:29.251] INF [session] 切换模式 视频 → 照片
[22:31:29.254] INF [session] 已移除麦克风输入
[22:31:29.395] INF [audio] 音频会话已释放
[22:31:29.933] INF [session] 切模式 commit 后瞬间档位：曝光=手动 / 白平衡=手动 / 快照=曝光手动·白平衡手动
[22:31:29.933] INF [photo] 照片编码格式：hvc1
[22:31:29.934] INF [device] 手动曝光档：ISO 636 快门 1/100s
[22:31:29.934] INF [session] 切模式：手动曝光已按快照重放（ISO 636）
[22:31:29.934] INF [device] 手动白平衡档：5200K（色调跟随当前值 30）
[22:31:29.934] INF [session] 切模式：手动白平衡已按快照重放（5200K）
[22:31:29.937] INF [session] 切模式后档位复查（照片）：曝光=手动 / 白平衡=手动 / 对焦意图=自动 / EV=+0.0
[22:31:29.938] INF [session] 切模式耗时 0.69s（照片；含 outputs 重配与参数重放）
[22:31:30.464] INF [photo] 快门触发
[22:31:30.980] INF [resource] 模式 照片 · input 活 1（累计增/删 22/21） · output 活 1（累计增/删 61/60） · 内存 43.1MB
[22:31:31.034] INF [photo] 拍摄完成 4032x3024 2072341 字节
[22:31:31.211] INF [library] 照片已入库 id=448FA247-8B4B-402A-AC90-01D27B8AC0D2/L0/001 size=2072341B
[22:31:31.248] DBG [thumb] 缩略图已更新（照片），180x240
[22:31:31.248] DBG [ui] toast: 已保存到相册
[22:31:33.449] INF [photo] 快门触发
[22:31:33.984] INF [photo] 拍摄完成 4032x3024 2032543 字节
[22:31:34.190] INF [library] 照片已入库 id=84DA80F3-5C73-42BB-B700-EBD8CA3CB141/L0/001 size=2032543B
[22:31:34.233] DBG [thumb] 缩略图已更新（照片），180x240
[22:31:34.233] DBG [ui] toast: 已保存到相册
[22:31:35.955] INF [resource] 模式 照片 · input 活 1（累计增/删 22/21） · output 活 1（累计增/删 61/60） · 内存 44.9MB
[22:31:36.106] DBG [ui] toast: 已呼出滤镜条 · 再上划一次呼出场景与风格
[22:31:36.802] DBG [ui] toast: 已收起滤镜条
[22:31:37.332] DBG [ui] 刻度条展开（ISO）
[22:31:37.332] DBG [ui] toast: ISO：手动 384（左右滑动刻度）
[22:31:37.851] DBG [ui] 刻度条展开（快门）
[22:31:37.852] DBG [ui] toast: 快门：手动 1/60s（左右滑动刻度）
[22:31:38.164] DBG [ui] 手动曝光档下点「曝光补偿」→ 已拦下并说明 EV 不生效
[22:31:38.164] DBG [ui] toast: 手动 ISO / 快门 档下 EV 不生效 —— 先点刻度条右端开关切回自动
[22:31:38.732] DBG [ui] 刻度条收起（点别处）
[22:31:38.733] INF [session] 切换模式 照片 → 实况
[22:31:38.736] WRN [resource] ⚠️ 资源超出预期（多出来的那个就是泄漏的形状）：模式 照片 · input 活 2（累计增/删 23/21） · output 活 1（累计增/删 61/60） · 内存 44.6MB · 预期 input ≤ 1 / output ≤ 1
[22:31:38.736] INF [session] 已加入麦克风输入
[22:31:38.830] INF [audio] 音频会话已激活（active=true category=AVAudioSessionCategoryPlayAndRecord mode=AVAudioSessionModeVideoRecording 48000Hz ch=1）
[22:31:38.831] WRN [resource] ⚠️ 资源超出预期（多出来的那个就是泄漏的形状）：模式 照片 · input 活 2（累计增/删 23/21） · output 活 0（累计增/删 61/61） · 内存 44.2MB · 预期 input ≤ 1 / output ≤ 1
[22:31:38.833] WRN [resource] ⚠️ 资源超出预期（多出来的那个就是泄漏的形状）：模式 照片 · input 活 2（累计增/删 23/21） · output 活 1（累计增/删 62/61） · 内存 44.2MB · 预期 input ≤ 1 / output ≤ 1
[22:31:38.833] INF [photo] Live Photo 采集 已开启
[22:31:39.247] INF [session] 切模式 commit 后瞬间档位：曝光=手动 / 白平衡=手动 / 快照=曝光手动·白平衡手动
[22:31:39.247] INF [photo] 照片编码格式：hvc1
[22:31:39.248] INF [device] 手动曝光档：ISO 635 快门 1/100s
[22:31:39.248] INF [session] 切模式：手动曝光已按快照重放（ISO 635）
[22:31:39.248] INF [device] 手动白平衡档：5199K（色调跟随当前值 30）
[22:31:39.248] INF [session] 切模式：手动白平衡已按快照重放（5199K）
[22:31:39.248] INF [session] 切模式后档位复查（实况）：曝光=手动 / 白平衡=手动 / 对焦意图=自动 / EV=+0.0
[22:31:39.249] INF [session] 切模式耗时 0.51s（实况；含 outputs 重配与参数重放）
[22:31:39.986] INF [resource] 模式 实况 · input 活 2（累计增/删 23/21） · output 活 1（累计增/删 62/61） · 内存 43.3MB
[22:31:39.994] DBG [ui] 刻度条展开（ISO）
[22:31:39.994] DBG [ui] toast: ISO：手动 455（左右滑动刻度）
[22:31:40.460] DBG [ui] 刻度条展开（快门）
[22:31:40.460] DBG [ui] toast: 快门：手动 1/60s（左右滑动刻度）
[22:31:40.907] INF [device] 手动曝光档：ISO 455 快门 1/50s
[22:31:40.954] INF [device] 手动曝光档：ISO 455 快门 1/40s
[22:31:40.986] INF [device] 手动曝光档：ISO 455 快门 1/30s
[22:31:41.103] INF [device] 手动曝光档：ISO 455 快门 1/40s
[22:31:41.107] INF [resource] 模式 实况 · input 活 2（累计增/删 23/21） · output 活 1（累计增/删 62/61） · 内存 44.0MB
[22:31:41.152] INF [device] 手动曝光档：ISO 455 快门 1/50s
[22:31:41.171] INF [device] 手动曝光档：ISO 455 快门 1/60s
[22:31:41.202] INF [device] 手动曝光档：ISO 455 快门 1/80s
[22:31:41.286] DBG [ui] 刻度条 快门 松手吸附到 1/80
[22:31:41.286] INF [device] 手动曝光档：ISO 455 快门 1/80s
[22:31:41.570] DBG [ui] 手动曝光档下点「曝光补偿」→ 已拦下并说明 EV 不生效
[22:31:41.570] DBG [ui] toast: 手动 ISO / 快门 档下 EV 不生效 —— 先点刻度条右端开关切回自动
[22:31:41.984] INF [resource] 模式 实况 · input 活 2（累计增/删 23/21） · output 活 1（累计增/删 62/61） · 内存 44.7MB
[22:31:42.057] DBG [ui] 刻度条收起（点别处）
[22:31:42.057] DBG [ui] toast: Log 实况：当前录制 Log 视频，套用 LUT 导出实况照片在 P5 交付
[22:31:42.057] INF [session] 切换模式 实况 → Log 实况
[22:31:42.346] INF [session] 切模式 commit 后瞬间档位：曝光=手动 / 白平衡=手动 / 快照=曝光手动·白平衡手动
[22:31:42.346] DBG [photo] Log 实况：录制链路不挂照片输出，跳过照片模板准备
[22:31:42.347] INF [device] 手动曝光档：ISO 455 快门 1/80s
[22:31:42.347] INF [session] 切模式：手动曝光已按快照重放（ISO 455）
[22:31:42.347] INF [device] 手动白平衡档：5199K（色调跟随当前值 30）
[22:31:42.347] INF [session] 切模式：手动白平衡已按快照重放（5199K）
[22:31:42.347] INF [session] 切模式后档位复查（Log 实况）：曝光=手动 / 白平衡=手动 / 对焦意图=自动 / EV=+0.0
[22:31:42.348] INF [session] 切模式耗时 0.29s（Log 实况；含 outputs 重配与参数重放）
[22:31:43.199] DBG [ui] 刻度条展开（ISO）
[22:31:43.199] DBG [ui] toast: ISO：手动 177（左右滑动刻度）
[22:31:43.449] DBG [ui] 刻度条收起（ISO）
[22:31:43.449] DBG [ui] toast: ISO 刻度条已收起
[22:31:44.049] DBG [ui] 刻度条展开（ISO）
[22:31:44.049] DBG [ui] toast: ISO：手动 177（左右滑动刻度）
[22:31:44.487] INF [device] 手动曝光档：ISO 125 快门 1/35s
[22:31:44.547] INF [device] 手动曝光档：ISO 100 快门 1/35s
[22:31:44.551] INF [resource] 模式 Log 实况 · input 活 2（累计增/删 23/21） · output 活 1（累计增/删 63/62） · 内存 44.2MB
[22:31:44.575] INF [device] 手动曝光档：ISO 80 快门 1/35s
[22:31:44.736] INF [device] 手动曝光档：ISO 100 快门 1/35s
[22:31:44.769] INF [device] 手动曝光档：ISO 125 快门 1/35s
[22:31:44.791] INF [device] 手动曝光档：ISO 160 快门 1/35s
[22:31:44.819] INF [device] 手动曝光档：ISO 200 快门 1/35s
[22:31:44.828] INF [resource] 模式 Log 实况 · input 活 2（累计增/删 23/21） · output 活 1（累计增/删 63/62） · 内存 43.7MB
[22:31:44.853] DBG [ui] 刻度条 ISO 松手吸附到 200
[22:31:44.853] INF [device] 手动曝光档：ISO 200 快门 1/35s
[22:31:45.120] DBG [ui] 刻度条展开（快门）
[22:31:45.121] DBG [ui] toast: 快门：手动 1/35s（左右滑动刻度）
[22:31:45.571] DBG [ui] 手动曝光档下点「曝光补偿」→ 已拦下并说明 EV 不生效
[22:31:45.571] DBG [ui] toast: 手动 ISO / 快门 档下 EV 不生效 —— 先点刻度条右端开关切回自动
[22:31:45.672] DBG [ui] 刻度条草稿 0.8s 未与硬件回读对齐 → 强制交回硬件真值（写值可能被 clamp 过）
[22:31:46.016] INF [device] 手动曝光档：ISO 80 快门 1/50s
[22:31:46.044] INF [device] 手动曝光档：ISO 80 快门 1/60s
[22:31:46.047] INF [device] 手动曝光档：ISO 80 快门 1/80s
[22:31:46.049] INF [resource] 模式 Log 实况 · input 活 2（累计增/删 23/21） · output 活 1（累计增/删 63/62） · 内存 44.8MB
[22:31:46.074] INF [device] 手动曝光档：ISO 80 快门 1/96s
[22:31:46.157] INF [device] 手动曝光档：ISO 80 快门 1/80s
[22:31:46.190] DBG [ui] 刻度条 快门 松手吸附到 1/80
[22:31:46.191] INF [device] 手动曝光档：ISO 80 快门 1/80s
[22:31:46.777] DBG [ui] 刻度条收起（点别处）
[22:31:46.777] INF [session] 切换模式 Log 实况 → 视频
[22:31:47.047] INF [session] 切模式 commit 后瞬间档位：曝光=手动 / 白平衡=手动 / 快照=曝光手动·白平衡手动
[22:31:47.047] DBG [photo] 视频：录制链路不挂照片输出，跳过照片模板准备
[22:31:47.047] INF [device] 手动曝光档：ISO 80 快门 1/80s
[22:31:47.047] INF [session] 切模式：手动曝光已按快照重放（ISO 80）
[22:31:47.047] INF [device] 手动白平衡档：5199K（色调跟随当前值 30）
[22:31:47.047] INF [session] 切模式：手动白平衡已按快照重放（5199K）
[22:31:47.047] INF [session] 切模式后档位复查（视频）：曝光=手动 / 白平衡=手动 / 对焦意图=自动 / EV=+0.0
[22:31:47.047] INF [session] 切模式耗时 0.27s（视频；含 outputs 重配与参数重放）
[22:31:47.047] INF [resource] 模式 视频 · input 活 2（累计增/删 23/21） · output 活 1（累计增/删 64/63） · 内存 44.2MB
[22:31:47.705] DBG [ui] 刻度条展开（ISO）
[22:31:47.705] DBG [ui] toast: ISO：手动 158（左右滑动刻度）
[22:31:48.648] INF [device] 手动曝光档：ISO 125 快门 1/35s
[22:31:48.704] INF [device] 手动曝光档：ISO 100 快门 1/35s
[22:31:48.732] INF [device] 手动曝光档：ISO 80 快门 1/35s
[22:31:48.734] INF [resource] 模式 视频 · input 活 2（累计增/删 23/21） · output 活 1（累计增/删 64/63） · 内存 43.6MB
[22:31:48.879] INF [device] 手动曝光档：ISO 100 快门 1/35s
[22:31:48.912] INF [device] 手动曝光档：ISO 125 快门 1/35s
[22:31:48.934] DBG [ui] 刻度条 ISO 松手吸附到 125
[22:31:48.934] INF [device] 手动曝光档：ISO 125 快门 1/35s
[22:31:49.215] DBG [ui] 刻度条展开（快门）
[22:31:49.215] DBG [ui] toast: 快门：手动 1/35s（左右滑动刻度）
[22:31:49.758] DBG [ui] 刻度条草稿 0.8s 未与硬件回读对齐 → 强制交回硬件真值（写值可能被 clamp 过）
[22:31:49.799] INF [device] 手动曝光档：ISO 80 快门 1/50s
[22:31:49.833] INF [resource] 模式 视频 · input 活 2（累计增/删 23/21） · output 活 1（累计增/删 64/63） · 内存 44.2MB
[22:31:49.871] INF [device] 手动曝光档：ISO 80 快门 1/80s
[22:31:49.897] INF [device] 手动曝光档：ISO 80 快门 1/96s
[22:31:49.995] DBG [ui] 刻度条 快门 松手吸附到 1/96
[22:31:49.995] INF [device] 手动曝光档：ISO 80 快门 1/96s
[22:31:50.330] DBG [ui] 手动曝光档下点「曝光补偿」→ 已拦下并说明 EV 不生效
[22:31:50.330] DBG [ui] toast: 手动 ISO / 快门 档下 EV 不生效 —— 先点刻度条右端开关切回自动
[22:31:50.819] DBG [ui] 刻度条草稿 0.8s 未与硬件回读对齐 → 强制交回硬件真值（写值可能被 clamp 过）
[22:31:50.956] INF [resource] 模式 视频 · input 活 2（累计增/删 23/21） · output 活 1（累计增/删 64/63） · 内存 44.7MB
[22:31:51.029] DBG [ui] 刻度条展开（白平衡）
[22:31:51.029] DBG [ui] toast: 白平衡：手动 5198K（左右滑动刻度）
[22:31:51.593] INF [device] 手动白平衡档：5100K（色调跟随当前值 30）
[22:31:51.647] INF [device] 手动白平衡档：5000K（色调跟随当前值 30）
[22:31:51.652] INF [device] 手动白平衡档：4900K（色调跟随当前值 30）
[22:31:51.691] INF [device] 手动白平衡档：4800K（色调跟随当前值 30）
[22:31:51.775] INF [device] 手动白平衡档：4900K（色调跟随当前值 30）
[22:31:51.789] INF [resource] 模式 视频 · input 活 2（累计增/删 23/21） · output 活 1（累计增/删 64/63） · 内存 44.6MB
[22:31:51.842] INF [device] 手动白平衡档：5000K（色调跟随当前值 30）
[22:31:51.865] INF [device] 手动白平衡档：5100K（色调跟随当前值 30）
[22:31:51.894] INF [device] 手动白平衡档：5200K（色调跟随当前值 30）
[22:31:51.917] DBG [ui] 刻度条 白平衡 松手吸附到 5200K
[22:31:51.917] INF [device] 手动白平衡档：5200K（色调跟随当前值 30）
[22:31:51.954] INF [resource] 模式 视频 · input 活 2（累计增/删 23/21） · output 活 1（累计增/删 64/63） · 内存 44.5MB
[22:31:52.722] DBG [ui] 刻度条草稿 0.8s 未与硬件回读对齐 → 强制交回硬件真值（写值可能被 clamp 过）
[22:31:52.809] DBG [preview] 点按对焦 view=(232,725) device=(0.93,0.45)
[22:31:52.809] DBG [ui] 刻度条收起（点别处）
[22:31:52.814] DBG [device] 对焦点 → (0.93, 0.45)
[22:31:52.815] INF [device] 手动曝光档：ISO 80 快门 1/96s
[22:31:52.815] INF [session] 点按对焦后按意图重放手动曝光（ISO 80 / 1/96s）
[22:31:52.815] INF [device] 手动白平衡档：5200K（色调跟随当前值 30）
[22:31:52.815] INF [session] 点按对焦后按意图重放手动白平衡（5200K）
[22:31:52.816] INF [session] 点按对焦后档位：曝光=手动 / 白平衡=手动 / 意图=曝光手动·白平衡手动
[22:31:53.723] INF [movie] 开始录制 → lumen-video-A279E5C0-56B7-4021-A1DA-1AE48BC01DCE.mov
[22:31:53.791] DBG [movie] 系统已开始写入 lumen-video-A279E5C0-56B7-4021-A1DA-1AE48BC01DCE.mov
[22:31:54.467] INF [movie] 请求停止录制
[22:31:54.599] INF [movie] 录制完成：lumen-video-A279E5C0-56B7-4021-A1DA-1AE48BC01DCE.mov（3746723 字节）
[22:31:54.847] INF [library] 视频已入库 id=CB136FCA-7EC8-4BFF-A8DC-8207E737F902/L0/001
[22:31:54.879] DBG [thumb] 视频首帧缩略图已生成 180x240
[22:31:54.879] DBG [ui] toast: 视频已保存
[22:31:54.879] DBG [ui] 已清理临时文件 lumen-video-A279E5C0-56B7-4021-A1DA-1AE48BC01DCE.mov
[22:31:55.985] INF [resource] 模式 视频 · input 活 2（累计增/删 23/21） · output 活 1（累计增/删 64/63） · 内存 42.6MB
[22:31:56.256] INF [session] stopRunning()
[22:31:56.383] INF [audio] 音频会话已释放
[22:31:56.394] WRN [audio] 音频会话被系统中断（来电/闹钟等）

============================================================
