LumenEdit 日志启动 2026-09-21 23:26:13
device=iPhone17,1  system=26.6.0
============================================================
[23:26:14.109] INF [render] CIContext 初始化完成，后端=Apple A18 Pro GPU
[23:26:14.164] INF [app] AppEnvironment 初始化完成，hud=true grid=true tone=true
[23:26:14.229] INF [ui] 相机页已装配
[23:26:14.272] DBG [perm] 刷新权限 camera=已授权 mic=已授权 albumAdd=已授权 albumRead=未决定
[23:26:14.272] DBG [thumb] 无相册读取权限，跳过最新照片缩略图
[23:26:14.272] DBG [perm] 刷新权限 camera=已授权 mic=已授权 albumAdd=已授权 albumRead=未决定
[23:26:14.295] INF [device] 格式已应用 Back Triple Camera 4032x3024 1-30fps 4:3 photoMax=4032x3024/5712x4284 fps=30
[23:26:14.295] INF [session] 采集格式命中**缓存**（跳过探测循环）：4032x3024 1-30fps 4:3 photoMax=4032x3024/5712x4284
[23:26:14.295] INF [photo] 照片编码格式：hvc1
[23:26:14.296] INF [session] 变焦拓扑：deviceType=AVCaptureDeviceTypeBuiltInTripleCamera · constituents=3 · 角色=[超广角,广角,长焦] · switchOver=[2.000, 10.000] · 原生阶梯=[1.000, 2.000, 10.000] · 档位=13→1.000 / 24→2.000 / 35→2.917 / 48→4.000 / 120→10.000 · 不可用=无 · zoomRange=[1.00, 189.00]
[23:26:14.296] INF [session] 手动参数能力：曝光(custom)=false / 白平衡(锁定增益)=false / 对焦(锁定位置)=false
[23:26:14.296] INF [session] 会话配置完成，Live Photo 支持=true
[23:26:14.296] INF [session] startRunning()
[23:26:14.304] INF [hardware] 相机控制按钮交互已挂载（无该按钮的设备上不会触发）
[23:26:14.312] DBG [session] 白平衡增益尚未就绪（冷启动）→ 色温先给兜底值，就绪后补发
[23:26:14.312] DBG [session] 白平衡增益尚未就绪（冷启动）→ 色温先给兜底值，就绪后补发
[23:26:16.014] DBG [preview] 预览层已绑定会话
[23:26:16.111] DBG [session] 白平衡增益已就绪（冷启动）→ 补发手动档状态
[23:26:16.154] DBG [ui] 会话就绪 · 焦段 24mm 已对齐（变焦 2.00×）
[23:26:17.695] INF [session] stopRunning()
[23:30:13.782] INF [resource] 资源：模式 照片 · input 活 1 · output 活 1 · 内存 25.5MB
[23:30:14.013] INF [session] startRunning()
[23:30:14.767] DBG [ui] 会话就绪 · 焦段 24mm 已对齐（变焦 2.00×）
[23:30:16.110] INF [resource] 资源：模式 照片 · input 活 1 · output 活 1 · 内存 25.5MB
[23:30:21.110] INF [resource] 资源：模式 照片 · input 活 1 · output 活 1 · 内存 25.3MB
[23:30:21.721] INF [session] stopRunning()
[23:30:22.791] INF [session] startRunning()
[23:30:23.444] DBG [ui] 会话就绪 · 焦段 24mm 已对齐（变焦 2.00×）
[23:30:26.110] INF [resource] 资源：模式 照片 · input 活 1 · output 活 1 · 内存 25.4MB
[23:30:26.568] DBG [ui] 刻度条展开 → 后台预切换物理设备（为手动档铺路 · 无转场）
[23:30:26.569] INF [session] 静默换形态（后台挂设备 · 无转场）→ 物理单摄（24 mm）
[23:30:26.569] DBG [ui] 刻度条展开（白平衡）
[23:30:26.569] DBG [ui] toast: 白平衡：自动（点右侧开关切手动）
[23:30:27.273] INF [ui] 点 白平衡 手动开关 → 虚拟会话 → 预切换物理（无转场；1.2s 未完成退转场）
[23:30:27.273] DBG [ui] toast: 正在切换到 24 mm 物理镜头 · 完成后进入手动档
[23:30:27.273] INF [ui] 入口动作已排队：先静默挂物理设备，挂好后自动执行
[23:30:27.572] INF [device] 格式已应用 Back Camera 4032x3024 1-30fps 4:3 photoMax=4032x3024/8064x6048 fps=30
[23:30:27.572] INF [session] 采集格式命中**缓存**（跳过探测循环）：4032x3024 1-30fps 4:3 photoMax=4032x3024/8064x6048
[23:30:27.573] INF [session] 搬运：EV 已重放（+0.0）
[23:30:27.573] INF [session] 搬运：对焦显式降级 → 连续自动（预检 ⑤）
[23:30:27.573] INF [session] 换设备后新设备档位复查：曝光=自动 / 白平衡=自动 / 对焦=自动（显式降级） / EV=+0.0
[23:30:27.573] INF [session] 换设备完成（静默·无转场）→ 物理单摄（24 mm）；当前档位 24 mm；Live Photo 能力=true
[23:30:27.573] INF [session] 静默换形态耗时 1.00s（命中格式缓存 ≈0.3~0.8s；每设备首次冷探测 4~5s）
[23:30:27.573] INF [session] 静默换形态（后台挂设备 · 无转场）→ 物理单摄（24 mm）
[23:30:27.580] DBG [ui] 切手动白平衡档：初值取设备当前值 6217K
[23:30:27.580] DBG [ui] toast: 白平衡 已切手动（初值取当前画面值）· 左右滑动刻度调节
[23:30:27.848] INF [device] 格式已应用 Back Camera 4032x3024 1-30fps 4:3 photoMax=4032x3024/8064x6048 fps=30
[23:30:27.848] INF [session] 采集格式命中**缓存**（跳过探测循环）：4032x3024 1-30fps 4:3 photoMax=4032x3024/8064x6048
[23:30:27.849] INF [session] 搬运：EV 已重放（+0.0）
[23:30:27.849] INF [session] 搬运：对焦显式降级 → 连续自动（预检 ⑤）
[23:30:27.849] INF [session] 换设备后新设备档位复查：曝光=自动 / 白平衡=自动 / 对焦=自动（显式降级） / EV=+0.0
[23:30:27.849] INF [session] 换设备完成（静默·无转场）→ 物理单摄（24 mm）；当前档位 24 mm；Live Photo 能力=true
[23:30:27.849] INF [session] 静默换形态耗时 0.28s（命中格式缓存 ≈0.3~0.8s；每设备首次冷探测 4~5s）
[23:30:27.849] INF [device] 手动白平衡档：6217K（色调跟随当前值 -5）
[23:30:28.642] DBG [ui] 刻度条展开（ISO）
[23:30:28.642] DBG [ui] toast: ISO：自动（点右侧开关切手动）
[23:30:29.275] DBG [ui] 切手动曝光档：初值 ISO 595 / 1/48s（设备当前值）
[23:30:29.275] DBG [ui] toast: ISO 已切手动（初值取当前画面值）· 左右滑动刻度调节
[23:30:29.277] INF [device] 手动曝光档：ISO 595 快门 1/48s
[23:30:29.801] DBG [ui] 刻度条展开（快门）
[23:30:29.801] DBG [ui] toast: 快门：手动 1/60s（左右滑动刻度）
[23:30:30.580] DBG [ui] 对焦圆盘展开（入口：图标行「对焦」） · 连带收起 快门 刻度条
[23:30:30.580] DBG [ui] toast: 手动对焦：拖动圆盘调焦（0.0 近 → ∞ 远） · 快门 刻度条已收起
[23:30:31.110] INF [resource] 资源：模式 照片 · input 活 1 · output 活 1 · 内存 30.7MB
[23:30:31.613] DBG [ui] 自动对焦已关 → 手动（当前值 0.27 锁定）
[23:30:31.613] DBG [ui] toast: 自动对焦已关：现在可以拖动圆盘手动调焦
[23:30:32.454] DBG [preview] 点按对焦 view=(286,496) device=(0.64,0.35)
[23:30:32.455] DBG [ui] 对焦圆盘收起（点别处）
[23:30:32.455] DBG [ui] 手动对焦锁定中 + 对焦盘开着 → 点按仅测光（不解除手动档，防误触）
[23:30:32.455] DBG [device] 点按测光（对焦已锁定，不动焦）→ (0.64, 0.35)
[23:30:36.110] INF [resource] 资源：模式 照片 · input 活 1 · output 活 1 · 内存 29.9MB
[23:30:36.368] INF [session] 切换模式 照片 → 实况
[23:30:36.448] INF [session] 已加入麦克风输入
[23:30:36.532] INF [audio] 音频会话已激活（active=true category=AVAudioSessionCategoryPlayAndRecord mode=AVAudioSessionModeVideoRecording 48000Hz ch=1）
[23:30:36.537] INF [photo] Live Photo 采集 已开启
[23:30:36.950] DBG [ui] toast: Log 实况：当前录制 Log 视频，套用 LUT 导出实况照片在 P5 交付
[23:30:36.950] INF [session] 切换模式 照片 → Log 实况
[23:30:36.967] INF [session] 切模式 commit 后瞬间档位：曝光=手动 / 白平衡=手动 / 快照=曝光手动·白平衡手动
[23:30:36.967] INF [photo] 照片编码格式：hvc1
[23:30:36.967] INF [device] 手动曝光档：ISO 595 快门 1/48s
[23:30:36.967] INF [session] 切模式：手动曝光已按快照重放（ISO 595）
[23:30:36.967] INF [device] 手动白平衡档：6217K（色调跟随当前值 -5）
[23:30:36.967] INF [session] 切模式：手动白平衡已按快照重放（6217K）
[23:30:36.967] INF [session] 切模式后档位复查（实况）：曝光=手动 / 白平衡=手动 / 对焦意图=手动 / EV=+0.0
[23:30:37.323] INF [session] 切模式 commit 后瞬间档位：曝光=手动 / 白平衡=手动 / 快照=曝光手动·白平衡手动
[23:30:37.323] DBG [photo] Log 实况：录制链路不挂照片输出，跳过照片模板准备
[23:30:37.323] INF [device] 手动曝光档：ISO 311 快门 1/60s
[23:30:37.324] INF [session] 切模式：手动曝光已按快照重放（ISO 311）
[23:30:37.324] INF [device] 手动白平衡档：6217K（色调跟随当前值 -5）
[23:30:37.324] INF [session] 切模式：手动白平衡已按快照重放（6217K）
[23:30:37.325] INF [session] 切模式后档位复查（Log 实况）：曝光=手动 / 白平衡=手动 / 对焦意图=手动 / EV=+0.0
[23:30:38.181] INF [session] 切换模式 Log 实况 → 视频
[23:30:38.480] INF [session] 切模式 commit 后瞬间档位：曝光=手动 / 白平衡=手动 / 快照=曝光手动·白平衡手动
[23:30:38.480] DBG [photo] 视频：录制链路不挂照片输出，跳过照片模板准备
[23:30:38.481] INF [device] 手动曝光档：ISO 311 快门 1/60s
[23:30:38.481] INF [session] 切模式：手动曝光已按快照重放（ISO 311）
[23:30:38.481] INF [device] 手动白平衡档：6219K（色调跟随当前值 -5）
[23:30:38.481] INF [session] 切模式：手动白平衡已按快照重放（6219K）
[23:30:38.481] INF [session] 切模式后档位复查（视频）：曝光=手动 / 白平衡=手动 / 对焦意图=手动 / EV=+0.0
[23:30:39.047] DBG [ui] toast: Log 实况：当前录制 Log 视频，套用 LUT 导出实况照片在 P5 交付
[23:30:39.048] INF [session] 切换模式 视频 → Log 实况
[23:30:39.333] INF [session] 切模式 commit 后瞬间档位：曝光=手动 / 白平衡=手动 / 快照=曝光手动·白平衡手动
[23:30:39.333] DBG [photo] Log 实况：录制链路不挂照片输出，跳过照片模板准备
[23:30:39.334] INF [device] 手动曝光档：ISO 311 快门 1/60s
[23:30:39.334] INF [session] 切模式：手动曝光已按快照重放（ISO 311）
[23:30:39.334] INF [device] 手动白平衡档：6220K（色调跟随当前值 -5）
[23:30:39.334] INF [session] 切模式：手动白平衡已按快照重放（6220K）
[23:30:39.335] INF [session] 切模式后档位复查（Log 实况）：曝光=手动 / 白平衡=手动 / 对焦意图=手动 / EV=+0.0
[23:30:39.651] INF [session] 切换模式 Log 实况 → 实况
[23:30:39.656] INF [photo] Live Photo 采集 已开启
[23:30:40.113] INF [session] 切模式 commit 后瞬间档位：曝光=手动 / 白平衡=手动 / 快照=曝光手动·白平衡手动
[23:30:40.113] INF [photo] 照片编码格式：hvc1
[23:30:40.113] INF [device] 手动曝光档：ISO 311 快门 1/60s
[23:30:40.113] INF [session] 切模式：手动曝光已按快照重放（ISO 311）
[23:30:40.114] INF [device] 手动白平衡档：6221K（色调跟随当前值 -5）
[23:30:40.114] INF [session] 切模式：手动白平衡已按快照重放（6221K）
[23:30:40.115] INF [session] 切模式后档位复查（实况）：曝光=手动 / 白平衡=手动 / 对焦意图=手动 / EV=+0.0
[23:30:40.251] INF [session] 切换模式 实况 → 照片
[23:30:40.252] INF [session] 已移除麦克风输入
[23:30:40.386] INF [audio] 音频会话已释放
[23:30:40.811] INF [session] 切模式 commit 后瞬间档位：曝光=手动 / 白平衡=手动 / 快照=曝光手动·白平衡手动
[23:30:40.811] INF [photo] 照片编码格式：hvc1
[23:30:40.811] INF [device] 手动曝光档：ISO 505 快门 1/60s
[23:30:40.812] INF [session] 切模式：手动曝光已按快照重放（ISO 505）
[23:30:40.812] INF [device] 手动白平衡档：6916K（色调跟随当前值 -1）
[23:30:40.812] INF [session] 切模式：手动白平衡已按快照重放（6916K）
[23:30:40.813] INF [session] 切模式后档位复查（照片）：曝光=手动 / 白平衡=手动 / 对焦意图=手动 / EV=+0.0
[23:30:40.964] INF [session] 切换模式 照片 → 实况
[23:30:40.969] INF [session] 已加入麦克风输入
[23:30:41.070] INF [audio] 音频会话已激活（active=true category=AVAudioSessionCategoryPlayAndRecord mode=AVAudioSessionModeVideoRecording 48000Hz ch=1）
[23:30:41.072] INF [photo] Live Photo 采集 已开启
[23:30:41.110] INF [resource] 资源：模式 照片 · input 活 2 · output 活 1 · 内存 30.4MB
[23:30:41.466] INF [session] 切模式 commit 后瞬间档位：曝光=手动 / 白平衡=手动 / 快照=曝光手动·白平衡手动
[23:30:41.467] INF [photo] 照片编码格式：hvc1
[23:30:41.467] INF [device] 手动曝光档：ISO 517 快门 1/60s
[23:30:41.467] INF [session] 切模式：手动曝光已按快照重放（ISO 517）
[23:30:41.467] INF [device] 手动白平衡档：7134K（色调跟随当前值 -1）
[23:30:41.467] INF [session] 切模式：手动白平衡已按快照重放（7134K）
[23:30:41.468] INF [session] 切模式后档位复查（实况）：曝光=手动 / 白平衡=手动 / 对焦意图=手动 / EV=+0.0
[23:30:41.684] DBG [ui] toast: Log 实况：当前录制 Log 视频，套用 LUT 导出实况照片在 P5 交付
[23:30:41.684] INF [session] 切换模式 实况 → Log 实况
[23:30:41.968] INF [session] 切模式 commit 后瞬间档位：曝光=手动 / 白平衡=手动 / 快照=曝光手动·白平衡手动
[23:30:41.968] DBG [photo] Log 实况：录制链路不挂照片输出，跳过照片模板准备
[23:30:41.968] INF [device] 手动曝光档：ISO 517 快门 1/60s
[23:30:41.968] INF [session] 切模式：手动曝光已按快照重放（ISO 517）
[23:30:41.968] INF [device] 手动白平衡档：7133K（色调跟随当前值 -1）
[23:30:41.968] INF [session] 切模式：手动白平衡已按快照重放（7133K）
[23:30:41.969] INF [session] 切模式后档位复查（Log 实况）：曝光=手动 / 白平衡=手动 / 对焦意图=手动 / EV=+0.0
[23:30:42.343] INF [session] 切换模式 Log 实况 → 视频
[23:30:42.664] INF [session] 切模式 commit 后瞬间档位：曝光=手动 / 白平衡=手动 / 快照=曝光手动·白平衡手动
[23:30:42.664] DBG [photo] 视频：录制链路不挂照片输出，跳过照片模板准备
[23:30:42.664] INF [device] 手动曝光档：ISO 515 快门 1/60s
[23:30:42.664] INF [session] 切模式：手动曝光已按快照重放（ISO 515）
[23:30:42.664] INF [device] 手动白平衡档：7133K（色调跟随当前值 -1）
[23:30:42.664] INF [session] 切模式：手动白平衡已按快照重放（7133K）
[23:30:42.666] INF [session] 切模式后档位复查（视频）：曝光=手动 / 白平衡=手动 / 对焦意图=手动 / EV=+0.0
[23:30:42.813] DBG [ui] toast: Log 实况：当前录制 Log 视频，套用 LUT 导出实况照片在 P5 交付
[23:30:42.814] INF [session] 切换模式 视频 → Log 实况
[23:30:43.069] INF [session] 切模式 commit 后瞬间档位：曝光=手动 / 白平衡=手动 / 快照=曝光手动·白平衡手动
[23:30:43.069] DBG [photo] Log 实况：录制链路不挂照片输出，跳过照片模板准备
[23:30:43.069] INF [device] 手动曝光档：ISO 301 快门 1/36s
[23:30:43.070] INF [session] 切模式：手动曝光已按快照重放（ISO 301）
[23:30:43.070] INF [device] 手动白平衡档：7373K（色调跟随当前值 -1）
[23:30:43.070] INF [session] 切模式：手动白平衡已按快照重放（7373K）
[23:30:43.071] INF [session] 切模式后档位复查（Log 实况）：曝光=手动 / 白平衡=手动 / 对焦意图=手动 / EV=+0.0
[23:30:43.130] INF [session] 切换模式 Log 实况 → 实况
[23:30:43.132] INF [photo] Live Photo 采集 已开启
[23:30:43.568] INF [session] 切换模式 Log 实况 → 照片
[23:30:43.577] INF [session] 切模式 commit 后瞬间档位：曝光=手动 / 白平衡=手动 / 快照=曝光手动·白平衡手动
[23:30:43.577] INF [photo] 照片编码格式：hvc1
[23:30:43.578] INF [device] 手动曝光档：ISO 124 快门 1/36s
[23:30:43.578] INF [session] 切模式：手动曝光已按快照重放（ISO 124）
[23:30:43.578] INF [device] 手动白平衡档：7373K（色调跟随当前值 -1）
[23:30:43.578] INF [session] 切模式：手动白平衡已按快照重放（7373K）
[23:30:43.579] INF [session] 切模式后档位复查（实况）：曝光=手动 / 白平衡=手动 / 对焦意图=手动 / EV=+0.0
[23:30:43.579] INF [session] 已移除麦克风输入
[23:30:43.691] INF [audio] 音频会话已释放
[23:30:44.101] INF [session] 切模式 commit 后瞬间档位：曝光=手动 / 白平衡=手动 / 快照=曝光手动·白平衡手动
[23:30:44.101] INF [photo] 照片编码格式：hvc1
[23:30:44.101] INF [device] 手动曝光档：ISO 217 快门 1/60s
[23:30:44.101] INF [session] 切模式：手动曝光已按快照重放（ISO 217）
[23:30:44.102] INF [device] 手动白平衡档：7367K（色调跟随当前值 -1）
[23:30:44.102] INF [session] 切模式：手动白平衡已按快照重放（7367K）
[23:30:44.103] INF [session] 切模式后档位复查（照片）：曝光=手动 / 白平衡=手动 / 对焦意图=手动 / EV=+0.0
[23:30:44.132] INF [session] 切换模式 照片 → 实况
[23:30:44.133] INF [session] 已加入麦克风输入
[23:30:44.227] INF [audio] 音频会话已激活（active=true category=AVAudioSessionCategoryPlayAndRecord mode=AVAudioSessionModeVideoRecording 48000Hz ch=1）
[23:30:44.230] INF [photo] Live Photo 采集 已开启
[23:30:44.637] INF [session] 切模式 commit 后瞬间档位：曝光=手动 / 白平衡=手动 / 快照=曝光手动·白平衡手动
[23:30:44.637] INF [photo] 照片编码格式：hvc1
[23:30:44.637] INF [device] 手动曝光档：ISO 266 快门 1/60s
[23:30:44.637] INF [session] 切模式：手动曝光已按快照重放（ISO 266）
[23:30:44.638] INF [device] 手动白平衡档：7367K（色调跟随当前值 -1）
[23:30:44.638] INF [session] 切模式：手动白平衡已按快照重放（7367K）
[23:30:44.638] INF [session] 切模式后档位复查（实况）：曝光=手动 / 白平衡=手动 / 对焦意图=手动 / EV=+0.0
[23:30:44.697] DBG [ui] toast: Log 实况：当前录制 Log 视频，套用 LUT 导出实况照片在 P5 交付
[23:30:44.698] INF [session] 切换模式 实况 → Log 实况
[23:30:45.016] INF [session] 切模式 commit 后瞬间档位：曝光=手动 / 白平衡=手动 / 快照=曝光手动·白平衡手动
[23:30:45.016] DBG [photo] Log 实况：录制链路不挂照片输出，跳过照片模板准备
[23:30:45.016] INF [device] 手动曝光档：ISO 264 快门 1/60s
[23:30:45.016] INF [session] 切模式：手动曝光已按快照重放（ISO 264）
[23:30:45.016] INF [device] 手动白平衡档：7367K（色调跟随当前值 -1）
[23:30:45.016] INF [session] 切模式：手动白平衡已按快照重放（7367K）
[23:30:45.017] INF [session] 切模式后档位复查（Log 实况）：曝光=手动 / 白平衡=手动 / 对焦意图=手动 / EV=+0.0
[23:30:45.218] INF [session] 切换模式 Log 实况 → 视频
[23:30:45.534] INF [session] 切模式 commit 后瞬间档位：曝光=手动 / 白平衡=手动 / 快照=曝光手动·白平衡手动
[23:30:45.534] DBG [photo] 视频：录制链路不挂照片输出，跳过照片模板准备
[23:30:45.534] INF [device] 手动曝光档：ISO 301 快门 1/36s
[23:30:45.534] INF [session] 切模式：手动曝光已按快照重放（ISO 301）
[23:30:45.534] INF [device] 手动白平衡档：7366K（色调跟随当前值 -1）
[23:30:45.535] INF [session] 切模式：手动白平衡已按快照重放（7366K）
[23:30:45.535] INF [session] 切模式后档位复查（视频）：曝光=手动 / 白平衡=手动 / 对焦意图=手动 / EV=+0.0
[23:30:45.731] DBG [ui] toast: Log 实况：当前录制 Log 视频，套用 LUT 导出实况照片在 P5 交付
[23:30:45.731] INF [session] 切换模式 视频 → Log 实况
[23:30:45.990] INF [session] 切模式 commit 后瞬间档位：曝光=手动 / 白平衡=手动 / 快照=曝光手动·白平衡手动
[23:30:45.991] DBG [photo] Log 实况：录制链路不挂照片输出，跳过照片模板准备
[23:30:45.991] INF [device] 手动曝光档：ISO 301 快门 1/36s
[23:30:45.991] INF [session] 切模式：手动曝光已按快照重放（ISO 301）
[23:30:45.991] INF [device] 手动白平衡档：7366K（色调跟随当前值 -1）
[23:30:45.991] INF [session] 切模式：手动白平衡已按快照重放（7366K）
[23:30:45.992] INF [session] 切模式后档位复查（Log 实况）：曝光=手动 / 白平衡=手动 / 对焦意图=手动 / EV=+0.0
[23:30:46.110] INF [resource] 资源：模式 Log 实况 · input 活 2 · output 活 1 · 内存 30.7MB
[23:30:46.197] INF [session] 切换模式 Log 实况 → 实况
[23:30:46.199] INF [photo] Live Photo 采集 已开启
[23:30:46.589] INF [session] 切换模式 Log 实况 → 照片
[23:30:46.692] INF [session] 切模式 commit 后瞬间档位：曝光=手动 / 白平衡=手动 / 快照=曝光手动·白平衡手动
[23:30:46.692] INF [photo] 照片编码格式：hvc1
[23:30:46.692] INF [device] 手动曝光档：ISO 304 快门 1/36s
[23:30:46.692] INF [session] 切模式：手动曝光已按快照重放（ISO 304）
[23:30:46.692] INF [device] 手动白平衡档：7365K（色调跟随当前值 -1）
[23:30:46.692] INF [session] 切模式：手动白平衡已按快照重放（7365K）
[23:30:46.693] INF [session] 切模式后档位复查（实况）：曝光=手动 / 白平衡=手动 / 对焦意图=手动 / EV=+0.0
[23:30:46.694] INF [session] 已移除麦克风输入
[23:30:46.775] INF [audio] 音频会话已释放
[23:30:47.188] INF [session] 切模式 commit 后瞬间档位：曝光=手动 / 白平衡=手动 / 快照=曝光手动·白平衡手动
[23:30:47.188] INF [photo] 照片编码格式：hvc1
[23:30:47.188] INF [device] 手动曝光档：ISO 211 快门 1/60s
[23:30:47.189] INF [session] 切模式：手动曝光已按快照重放（ISO 211）
[23:30:47.189] INF [device] 手动白平衡档：7365K（色调跟随当前值 -1）
[23:30:47.189] INF [session] 切模式：手动白平衡已按快照重放（7365K）
[23:30:47.190] INF [session] 切模式后档位复查（照片）：曝光=手动 / 白平衡=手动 / 对焦意图=手动 / EV=+0.0
[23:30:47.248] INF [session] 切换模式 照片 → 实况
[23:30:47.251] INF [session] 已加入麦克风输入
[23:30:47.343] INF [audio] 音频会话已激活（active=true category=AVAudioSessionCategoryPlayAndRecord mode=AVAudioSessionModeVideoRecording 48000Hz ch=1）
[23:30:47.345] INF [photo] Live Photo 采集 已开启
[23:30:47.498] DBG [ui] toast: Log 实况：当前录制 Log 视频，套用 LUT 导出实况照片在 P5 交付
[23:30:47.498] INF [session] 切换模式 照片 → Log 实况
[23:30:47.664] INF [session] 切换模式 照片 → 视频
[23:30:47.768] INF [session] 切模式 commit 后瞬间档位：曝光=手动 / 白平衡=手动 / 快照=曝光手动·白平衡手动
[23:30:47.768] INF [photo] 照片编码格式：hvc1
[23:30:47.768] INF [device] 手动曝光档：ISO 264 快门 1/60s
[23:30:47.768] INF [session] 切模式：手动曝光已按快照重放（ISO 264）
[23:30:47.769] INF [device] 手动白平衡档：7367K（色调跟随当前值 -1）
[23:30:47.769] INF [session] 切模式：手动白平衡已按快照重放（7367K）
[23:30:47.770] INF [session] 切模式后档位复查（实况）：曝光=手动 / 白平衡=手动 / 对焦意图=手动 / EV=+0.0
[23:30:47.831] INF [session] 切换模式 实况 → 视频
[23:30:48.114] DBG [ui] toast: Log 实况：当前录制 Log 视频，套用 LUT 导出实况照片在 P5 交付
[23:30:48.114] INF [session] 切换模式 实况 → Log 实况
[23:30:48.154] INF [session] 切模式 commit 后瞬间档位：曝光=手动 / 白平衡=手动 / 快照=曝光手动·白平衡手动
[23:30:48.154] DBG [photo] Log 实况：录制链路不挂照片输出，跳过照片模板准备
[23:30:48.154] INF [device] 手动曝光档：ISO 262 快门 1/60s
[23:30:48.154] INF [session] 切模式：手动曝光已按快照重放（ISO 262）
[23:30:48.155] INF [device] 手动白平衡档：7365K（色调跟随当前值 -1）
[23:30:48.155] INF [session] 切模式：手动白平衡已按快照重放（7365K）
[23:30:48.155] INF [session] 切模式后档位复查（Log 实况）：曝光=手动 / 白平衡=手动 / 对焦意图=手动 / EV=+0.0
[23:30:48.505] INF [session] 切模式 commit 后瞬间档位：曝光=手动 / 白平衡=手动 / 快照=曝光手动·白平衡手动
[23:30:48.505] DBG [photo] 视频：录制链路不挂照片输出，跳过照片模板准备
[23:30:48.505] INF [device] 手动曝光档：ISO 126 快门 1/36s
[23:30:48.505] INF [session] 切模式：手动曝光已按快照重放（ISO 126）
[23:30:48.505] INF [device] 手动白平衡档：7373K（色调跟随当前值 -1）
[23:30:48.505] INF [session] 切模式：手动白平衡已按快照重放（7373K）
[23:30:48.506] INF [session] 切模式后档位复查（视频）：曝光=手动 / 白平衡=手动 / 对焦意图=手动 / EV=+0.0
[23:30:48.550] INF [session] 切换模式 视频 → 实况
[23:30:48.698] INF [session] 切换模式 视频 → 照片
[23:30:48.856] INF [session] 切换模式 视频 → 照片
[23:30:48.859] INF [session] 切模式 commit 后瞬间档位：曝光=手动 / 白平衡=手动 / 快照=曝光手动·白平衡手动
[23:30:48.859] DBG [photo] 视频：录制链路不挂照片输出，跳过照片模板准备
[23:30:48.860] INF [device] 手动曝光档：ISO 126 快门 1/36s
[23:30:48.860] INF [session] 切模式：手动曝光已按快照重放（ISO 126）
[23:30:48.860] INF [device] 手动白平衡档：7373K（色调跟随当前值 -1）
[23:30:48.860] INF [session] 切模式：手动白平衡已按快照重放（7373K）
[23:30:48.861] INF [session] 切模式后档位复查（视频）：曝光=手动 / 白平衡=手动 / 对焦意图=手动 / EV=+0.0
[23:30:49.206] DBG [ui] toast: Log 实况：当前录制 Log 视频，套用 LUT 导出实况照片在 P5 交付
[23:30:49.206] INF [session] 切换模式 视频 → Log 实况
[23:30:49.241] INF [session] 切模式 commit 后瞬间档位：曝光=手动 / 白平衡=手动 / 快照=曝光手动·白平衡手动
[23:30:49.241] DBG [photo] Log 实况：录制链路不挂照片输出，跳过照片模板准备
[23:30:49.241] INF [device] 手动曝光档：ISO 128 快门 1/36s
[23:30:49.241] INF [session] 切模式：手动曝光已按快照重放（ISO 128）
[23:30:49.241] INF [device] 手动白平衡档：7373K（色调跟随当前值 -1）
[23:30:49.241] INF [session] 切模式：手动白平衡已按快照重放（7373K）
[23:30:49.242] INF [session] 切模式后档位复查（Log 实况）：曝光=手动 / 白平衡=手动 / 对焦意图=手动 / EV=+0.0
[23:30:49.243] INF [photo] Live Photo 采集 已开启
[23:30:49.556] INF [session] 切换模式 Log 实况 → 视频
[23:30:49.760] INF [session] 切模式 commit 后瞬间档位：曝光=手动 / 白平衡=手动 / 快照=曝光手动·白平衡手动
[23:30:49.760] INF [photo] 照片编码格式：hvc1
[23:30:49.760] INF [device] 手动曝光档：ISO 130 快门 1/36s
[23:30:49.760] INF [session] 切模式：手动曝光已按快照重放（ISO 130）
[23:30:49.761] INF [device] 手动白平衡档：7373K（色调跟随当前值 -1）
[23:30:49.761] INF [session] 切模式：手动白平衡已按快照重放（7373K）
[23:30:49.761] INF [session] 切模式后档位复查（实况）：曝光=手动 / 白平衡=手动 / 对焦意图=手动 / EV=+0.0
[23:30:49.762] INF [session] 已移除麦克风输入
[23:30:49.839] INF [audio] 音频会话已释放
[23:30:49.862] DBG [ui] toast: Log 实况：当前录制 Log 视频，套用 LUT 导出实况照片在 P5 交付
[23:30:49.869] INF [session] 切换模式 实况 → Log 实况
[23:30:50.291] INF [session] 切模式 commit 后瞬间档位：曝光=手动 / 白平衡=手动 / 快照=曝光手动·白平衡手动
[23:30:50.291] INF [photo] 照片编码格式：hvc1
[23:30:50.291] INF [device] 手动曝光档：ISO 218 快门 1/60s
[23:30:50.291] INF [session] 切模式：手动曝光已按快照重放（ISO 218）
[23:30:50.291] INF [device] 手动白平衡档：7373K（色调跟随当前值 -1）
[23:30:50.292] INF [session] 切模式：手动白平衡已按快照重放（7373K）
[23:30:50.292] INF [session] 切模式后档位复查（照片）：曝光=手动 / 白平衡=手动 / 对焦意图=手动 / EV=+0.0
[23:30:50.623] INF [session] 切模式 commit 后瞬间档位：曝光=手动 / 白平衡=手动 / 快照=曝光手动·白平衡手动
[23:30:50.623] INF [photo] 照片编码格式：hvc1
[23:30:50.623] INF [device] 手动曝光档：ISO 287 快门 1/60s
[23:30:50.623] INF [session] 切模式：手动曝光已按快照重放（ISO 287）
[23:30:50.623] INF [device] 手动白平衡档：7373K（色调跟随当前值 -1）
[23:30:50.623] INF [session] 切模式：手动白平衡已按快照重放（7373K）
[23:30:50.624] INF [session] 切模式后档位复查（照片）：曝光=手动 / 白平衡=手动 / 对焦意图=手动 / EV=+0.0
[23:30:50.624] INF [session] 已加入麦克风输入
[23:30:50.642] INF [audio] 音频会话已激活（active=true category=AVAudioSessionCategoryPlayAndRecord mode=AVAudioSessionModeVideoRecording 48000Hz ch=1）
[23:30:50.835] INF [session] 切换模式 照片 → 实况
[23:30:50.940] INF [session] 切模式 commit 后瞬间档位：曝光=手动 / 白平衡=手动 / 快照=曝光手动·白平衡手动
[23:30:50.940] DBG [photo] Log 实况：录制链路不挂照片输出，跳过照片模板准备
[23:30:50.940] INF [device] 手动曝光档：ISO 554 快门 1/60s
[23:30:50.940] INF [session] 切模式：手动曝光已按快照重放（ISO 554）
[23:30:50.940] INF [device] 手动白平衡档：7378K（色调跟随当前值 -2）
[23:30:50.940] INF [session] 切模式：手动白平衡已按快照重放（7378K）
[23:30:50.941] INF [session] 切模式后档位复查（Log 实况）：曝光=手动 / 白平衡=手动 / 对焦意图=手动 / EV=+0.0
[23:30:51.110] INF [resource] 资源：模式 Log 实况 · input 活 2 · output 活 1 · 内存 30.9MB
[23:30:51.290] INF [session] 切模式 commit 后瞬间档位：曝光=手动 / 白平衡=手动 / 快照=曝光手动·白平衡手动
[23:30:51.291] DBG [photo] 视频：录制链路不挂照片输出，跳过照片模板准备
[23:30:51.291] INF [device] 手动曝光档：ISO 169 快门 1/36s
[23:30:51.291] INF [session] 切模式：手动曝光已按快照重放（ISO 169）
[23:30:51.291] INF [device] 手动白平衡档：7383K（色调跟随当前值 -2）
[23:30:51.291] INF [session] 切模式：手动白平衡已按快照重放（7383K）
[23:30:51.292] INF [session] 切模式后档位复查（视频）：曝光=手动 / 白平衡=手动 / 对焦意图=手动 / EV=+0.0
[23:30:51.373] DBG [ui] toast: Log 实况：当前录制 Log 视频，套用 LUT 导出实况照片在 P5 交付
[23:30:51.373] INF [session] 切换模式 视频 → Log 实况
[23:30:51.635] INF [session] 切模式 commit 后瞬间档位：曝光=手动 / 白平衡=手动 / 快照=曝光手动·白平衡手动
[23:30:51.635] DBG [photo] Log 实况：录制链路不挂照片输出，跳过照片模板准备
[23:30:51.636] INF [device] 手动曝光档：ISO 130 快门 1/36s
[23:30:51.636] INF [session] 切模式：手动曝光已按快照重放（ISO 130）
[23:30:51.636] INF [device] 手动白平衡档：7383K（色调跟随当前值 -2）
[23:30:51.636] INF [session] 切模式：手动白平衡已按快照重放（7383K）
[23:30:51.637] INF [session] 切模式后档位复查（Log 实况）：曝光=手动 / 白平衡=手动 / 对焦意图=手动 / EV=+0.0
[23:30:51.639] INF [photo] Live Photo 采集 已开启
[23:30:51.831] INF [session] 切换模式 Log 实况 → 视频
[23:30:52.151] INF [session] 切模式 commit 后瞬间档位：曝光=手动 / 白平衡=手动 / 快照=曝光手动·白平衡手动
[23:30:52.151] INF [photo] 照片编码格式：hvc1
[23:30:52.151] INF [device] 手动曝光档：ISO 131 快门 1/36s
[23:30:52.151] INF [session] 切模式：手动曝光已按快照重放（ISO 131）
[23:30:52.151] INF [device] 手动白平衡档：7383K（色调跟随当前值 -2）
[23:30:52.151] INF [session] 切模式：手动白平衡已按快照重放（7383K）
[23:30:52.152] INF [session] 切模式后档位复查（实况）：曝光=手动 / 白平衡=手动 / 对焦意图=手动 / EV=+0.0
[23:30:52.186] DBG [ui] toast: Log 实况：当前录制 Log 视频，套用 LUT 导出实况照片在 P5 交付
[23:30:52.186] INF [session] 切换模式 实况 → Log 实况
[23:30:52.515] INF [session] 切模式 commit 后瞬间档位：曝光=手动 / 白平衡=手动 / 快照=曝光手动·白平衡手动
[23:30:52.515] DBG [photo] Log 实况：录制链路不挂照片输出，跳过照片模板准备
[23:30:52.515] INF [device] 手动曝光档：ISO 217 快门 1/60s
[23:30:52.515] INF [session] 切模式：手动曝光已按快照重放（ISO 217）
[23:30:52.516] INF [device] 手动白平衡档：7378K（色调跟随当前值 -2）
[23:30:52.516] INF [session] 切模式：手动白平衡已按快照重放（7378K）
[23:30:52.517] INF [session] 切模式后档位复查（Log 实况）：曝光=手动 / 白平衡=手动 / 对焦意图=手动 / EV=+0.0
[23:30:52.576] INF [session] 切换模式 Log 实况 → 实况
[23:30:52.848] INF [session] 切换模式 Log 实况 → 照片
[23:30:52.859] INF [session] 切模式 commit 后瞬间档位：曝光=手动 / 白平衡=手动 / 快照=曝光手动·白平衡手动
[23:30:52.860] DBG [photo] 视频：录制链路不挂照片输出，跳过照片模板准备
[23:30:52.860] INF [device] 手动曝光档：ISO 133 快门 1/36s
[23:30:52.860] INF [session] 切模式：手动曝光已按快照重放（ISO 133）
[23:30:52.860] INF [device] 手动白平衡档：7378K（色调跟随当前值 -2）
[23:30:52.860] INF [session] 切模式：手动白平衡已按快照重放（7378K）
[23:30:52.861] INF [session] 切模式后档位复查（视频）：曝光=手动 / 白平衡=手动 / 对焦意图=手动 / EV=+0.0
[23:30:53.019] INF [session] 切换模式 视频 → 照片
[23:30:53.224] INF [session] 切模式 commit 后瞬间档位：曝光=手动 / 白平衡=手动 / 快照=曝光手动·白平衡手动
[23:30:53.224] DBG [photo] Log 实况：录制链路不挂照片输出，跳过照片模板准备
[23:30:53.224] INF [device] 手动曝光档：ISO 128 快门 1/36s
[23:30:53.224] INF [session] 切模式：手动曝光已按快照重放（ISO 128）
[23:30:53.224] INF [device] 手动白平衡档：7378K（色调跟随当前值 -2）
[23:30:53.224] INF [session] 切模式：手动白平衡已按快照重放（7378K）
[23:30:53.225] INF [session] 切模式后档位复查（Log 实况）：曝光=手动 / 白平衡=手动 / 对焦意图=手动 / EV=+0.0
[23:30:53.226] INF [photo] Live Photo 采集 已开启
[23:30:53.259] INF [session] 切换模式 Log 实况 → 实况
[23:30:53.769] INF [session] 切模式 commit 后瞬间档位：曝光=手动 / 白平衡=手动 / 快照=曝光手动·白平衡手动
[23:30:53.769] INF [photo] 照片编码格式：hvc1
[23:30:53.769] INF [device] 手动曝光档：ISO 129 快门 1/36s
[23:30:53.769] INF [session] 切模式：手动曝光已按快照重放（ISO 129）
[23:30:53.769] INF [device] 手动白平衡档：7373K（色调跟随当前值 -1）
[23:30:53.769] INF [session] 切模式：手动白平衡已按快照重放（7373K）
[23:30:53.770] INF [session] 切模式后档位复查（实况）：曝光=手动 / 白平衡=手动 / 对焦意图=手动 / EV=+0.0
[23:30:53.771] INF [session] 已移除麦克风输入
[23:30:53.852] INF [audio] 音频会话已释放
[23:30:53.916] INF [session] 切换模式 实况 → 视频
[23:30:54.086] INF [session] 切换模式 实况 → 视频
[23:30:54.253] INF [session] 切换模式 实况 → 视频
[23:30:54.264] INF [session] 切模式 commit 后瞬间档位：曝光=手动 / 白平衡=手动 / 快照=曝光手动·白平衡手动
[23:30:54.264] INF [photo] 照片编码格式：hvc1
[23:30:54.264] INF [device] 手动曝光档：ISO 231 快门 1/60s
[23:30:54.264] INF [session] 切模式：手动曝光已按快照重放（ISO 231）
[23:30:54.265] INF [device] 手动白平衡档：7373K（色调跟随当前值 -1）
[23:30:54.265] INF [session] 切模式：手动白平衡已按快照重放（7373K）
[23:30:54.265] INF [session] 切模式后档位复查（照片）：曝光=手动 / 白平衡=手动 / 对焦意图=手动 / EV=+0.0
[23:30:54.486] DBG [ui] toast: Log 实况：当前录制 Log 视频，套用 LUT 导出实况照片在 P5 交付
[23:30:54.486] INF [session] 切换模式 照片 → Log 实况
[23:30:54.594] INF [session] 切模式 commit 后瞬间档位：曝光=手动 / 白平衡=手动 / 快照=曝光手动·白平衡手动
[23:30:54.594] INF [photo] 照片编码格式：hvc1
[23:30:54.594] INF [device] 手动曝光档：ISO 297 快门 1/60s
[23:30:54.594] INF [session] 切模式：手动曝光已按快照重放（ISO 297）
[23:30:54.594] INF [device] 手动白平衡档：7373K（色调跟随当前值 -1）
[23:30:54.594] INF [session] 切模式：手动白平衡已按快照重放（7373K）
[23:30:54.595] INF [session] 切模式后档位复查（照片）：曝光=手动 / 白平衡=手动 / 对焦意图=手动 / EV=+0.0
[23:30:54.595] INF [session] 已加入麦克风输入
[23:30:54.613] INF [audio] 音频会话已激活（active=true category=AVAudioSessionCategoryPlayAndRecord mode=AVAudioSessionModeVideoRecording 48000Hz ch=1）
[23:30:54.614] INF [photo] Live Photo 采集 已开启
[23:30:54.653] DBG [ui] toast: Log 实况：当前录制 Log 视频，套用 LUT 导出实况照片在 P5 交付
[23:30:54.653] INF [session] 切换模式 照片 → Log 实况
[23:30:54.853] INF [session] 切换模式 照片 → 实况
[23:30:55.114] INF [session] 切模式 commit 后瞬间档位：曝光=手动 / 白平衡=手动 / 快照=曝光手动·白平衡手动
[23:30:55.115] INF [photo] 照片编码格式：hvc1
[23:30:55.115] INF [device] 手动曝光档：ISO 653 快门 1/60s
[23:30:55.115] INF [session] 切模式：手动曝光已按快照重放（ISO 653）
[23:30:55.115] INF [device] 手动白平衡档：7373K（色调跟随当前值 -1）
[23:30:55.115] INF [session] 切模式：手动白平衡已按快照重放（7373K）
[23:30:55.116] INF [session] 切模式后档位复查（实况）：曝光=手动 / 白平衡=手动 / 对焦意图=手动 / EV=+0.0
[23:30:55.203] INF [session] 切换模式 实况 → 照片
[23:30:55.492] INF [session] 切模式 commit 后瞬间档位：曝光=手动 / 白平衡=手动 / 快照=曝光手动·白平衡手动
[23:30:55.492] DBG [photo] 视频：录制链路不挂照片输出，跳过照片模板准备
[23:30:55.492] INF [device] 手动曝光档：ISO 314 快门 1/60s
[23:30:55.492] INF [session] 切模式：手动曝光已按快照重放（ISO 314）
[23:30:55.492] INF [device] 手动白平衡档：7373K（色调跟随当前值 -1）
[23:30:55.492] INF [session] 切模式：手动白平衡已按快照重放（7373K）
[23:30:55.493] INF [session] 切模式后档位复查（视频）：曝光=手动 / 白平衡=手动 / 对焦意图=手动 / EV=+0.0
[23:30:55.555] DBG [ui] toast: Log 实况：当前录制 Log 视频，套用 LUT 导出实况照片在 P5 交付
[23:30:55.556] INF [session] 切换模式 视频 → Log 实况
[23:30:55.715] DBG [ui] toast: Log 实况：当前录制 Log 视频，套用 LUT 导出实况照片在 P5 交付
[23:30:55.716] INF [session] 切换模式 视频 → Log 实况
[23:30:55.842] INF [session] 切模式 commit 后瞬间档位：曝光=手动 / 白平衡=手动 / 快照=曝光手动·白平衡手动
[23:30:55.842] DBG [photo] 视频：录制链路不挂照片输出，跳过照片模板准备
[23:30:55.842] INF [device] 手动曝光档：ISO 142 快门 1/36s
[23:30:55.842] INF [session] 切模式：手动曝光已按快照重放（ISO 142）
[23:30:55.842] INF [device] 手动白平衡档：7373K（色调跟随当前值 -1）
[23:30:55.842] INF [session] 切模式：手动白平衡已按快照重放（7373K）
[23:30:55.843] INF [session] 切模式后档位复查（视频）：曝光=手动 / 白平衡=手动 / 对焦意图=手动 / EV=+0.0
[23:30:56.109] INF [resource] 资源：模式 视频 · input 活 2 · output 活 1 · 内存 30.9MB
[23:30:56.194] INF [session] 切模式 commit 后瞬间档位：曝光=手动 / 白平衡=手动 / 快照=曝光手动·白平衡手动
[23:30:56.194] DBG [photo] 视频：录制链路不挂照片输出，跳过照片模板准备
[23:30:56.194] INF [device] 手动曝光档：ISO 140 快门 1/36s
[23:30:56.194] INF [session] 切模式：手动曝光已按快照重放（ISO 140）
[23:30:56.194] INF [device] 手动白平衡档：7373K（色调跟随当前值 -1）
[23:30:56.194] INF [session] 切模式：手动白平衡已按快照重放（7373K）
[23:30:56.195] INF [session] 切模式后档位复查（视频）：曝光=手动 / 白平衡=手动 / 对焦意图=手动 / EV=+0.0
[23:30:56.290] DBG [ui] toast: Log 实况：当前录制 Log 视频，套用 LUT 导出实况照片在 P5 交付
[23:30:56.290] INF [session] 切换模式 视频 → Log 实况
[23:30:56.458] DBG [ui] toast: Log 实况：当前录制 Log 视频，套用 LUT 导出实况照片在 P5 交付
[23:30:56.458] INF [session] 切换模式 视频 → Log 实况
[23:30:56.537] INF [session] 切模式 commit 后瞬间档位：曝光=手动 / 白平衡=手动 / 快照=曝光手动·白平衡手动
[23:30:56.537] DBG [photo] Log 实况：录制链路不挂照片输出，跳过照片模板准备
[23:30:56.537] INF [device] 手动曝光档：ISO 142 快门 1/36s
[23:30:56.537] INF [session] 切模式：手动曝光已按快照重放（ISO 142）
[23:30:56.537] INF [device] 手动白平衡档：7373K（色调跟随当前值 -1）
[23:30:56.537] INF [session] 切模式：手动白平衡已按快照重放（7373K）
[23:30:56.538] INF [session] 切模式后档位复查（Log 实况）：曝光=手动 / 白平衡=手动 / 对焦意图=手动 / EV=+0.0
[23:30:56.816] INF [session] 切换模式 Log 实况 → 实况
[23:30:56.890] INF [session] 切模式 commit 后瞬间档位：曝光=手动 / 白平衡=手动 / 快照=曝光手动·白平衡手动
[23:30:56.890] DBG [photo] Log 实况：录制链路不挂照片输出，跳过照片模板准备
[23:30:56.890] INF [device] 手动曝光档：ISO 141 快门 1/36s
[23:30:56.890] INF [session] 切模式：手动曝光已按快照重放（ISO 141）
[23:30:56.890] INF [device] 手动白平衡档：7373K（色调跟随当前值 -1）
[23:30:56.890] INF [session] 切模式：手动白平衡已按快照重放（7373K）
[23:30:56.891] INF [session] 切模式后档位复查（Log 实况）：曝光=手动 / 白平衡=手动 / 对焦意图=手动 / EV=+0.0
[23:30:56.893] INF [photo] Live Photo 采集 已开启
[23:30:56.999] INF [session] 切换模式 Log 实况 → 实况
[23:30:57.166] INF [session] 切换模式 Log 实况 → 照片
[23:30:57.332] INF [session] 切换模式 Log 实况 → 照片
[23:30:57.419] INF [session] 切模式 commit 后瞬间档位：曝光=手动 / 白平衡=手动 / 快照=曝光手动·白平衡手动
[23:30:57.419] INF [photo] 照片编码格式：hvc1
[23:30:57.419] INF [device] 手动曝光档：ISO 145 快门 1/36s
[23:30:57.419] INF [session] 切模式：手动曝光已按快照重放（ISO 145）
[23:30:57.419] INF [device] 手动白平衡档：7373K（色调跟随当前值 -1）
[23:30:57.419] INF [session] 切模式：手动白平衡已按快照重放（7373K）
[23:30:57.420] INF [session] 切模式后档位复查（实况）：曝光=手动 / 白平衡=手动 / 对焦意图=手动 / EV=+0.0
[23:30:57.421] INF [session] 已移除麦克风输入
[23:30:57.506] INF [audio] 音频会话已释放
[23:30:57.911] INF [session] 切模式 commit 后瞬间档位：曝光=手动 / 白平衡=手动 / 快照=曝光手动·白平衡手动
[23:30:57.911] INF [photo] 照片编码格式：hvc1
[23:30:57.911] INF [device] 手动曝光档：ISO 238 快门 1/60s
[23:30:57.911] INF [session] 切模式：手动曝光已按快照重放（ISO 238）
[23:30:57.911] INF [device] 手动白平衡档：7373K（色调跟随当前值 -1）
[23:30:57.911] INF [session] 切模式：手动白平衡已按快照重放（7373K）
[23:30:57.912] DBG [ui] toast: Log 实况：当前录制 Log 视频，套用 LUT 导出实况照片在 P5 交付
[23:30:57.912] INF [session] 切换模式 实况 → Log 实况
[23:30:57.913] INF [session] 切模式后档位复查（照片）：曝光=手动 / 白平衡=手动 / 对焦意图=手动 / EV=+0.0
[23:30:57.915] INF [session] 已加入麦克风输入
[23:30:58.007] INF [audio] 音频会话已激活（active=true category=AVAudioSessionCategoryPlayAndRecord mode=AVAudioSessionModeVideoRecording 48000Hz ch=1）
[23:30:58.261] INF [session] 切模式 commit 后瞬间档位：曝光=手动 / 白平衡=手动 / 快照=曝光手动·白平衡手动
[23:30:58.261] DBG [photo] Log 实况：录制链路不挂照片输出，跳过照片模板准备
[23:30:58.261] INF [device] 手动曝光档：ISO 299 快门 1/60s
[23:30:58.261] INF [session] 切模式：手动曝光已按快照重放（ISO 299）
[23:30:58.261] INF [device] 手动白平衡档：7373K（色调跟随当前值 -1）
[23:30:58.261] INF [session] 切模式：手动白平衡已按快照重放（7373K）
[23:30:58.262] INF [session] 切模式后档位复查（Log 实况）：曝光=手动 / 白平衡=手动 / 对焦意图=手动 / EV=+0.0
[23:30:58.294] INF [session] 切换模式 Log 实况 → 视频
[23:30:58.483] DBG [ui] 格式选择器展开
[23:30:58.483] DBG [ui] toast: Log · 4K · 30 · 选完只记设置，重设采集格式属 B 组
[23:30:58.624] INF [session] 切换模式 Log 实况 → 视频
[23:30:58.650] INF [session] 切模式 commit 后瞬间档位：曝光=手动 / 白平衡=手动 / 快照=曝光手动·白平衡手动
[23:30:58.650] DBG [photo] Log 实况：录制链路不挂照片输出，跳过照片模板准备
[23:30:58.650] INF [device] 手动曝光档：ISO 180 快门 1/36s
[23:30:58.650] INF [session] 切模式：手动曝光已按快照重放（ISO 180）
[23:30:58.650] INF [device] 手动白平衡档：7373K（色调跟随当前值 -1）
[23:30:58.650] INF [session] 切模式：手动白平衡已按快照重放（7373K）
[23:30:58.651] INF [session] 切模式后档位复查（Log 实况）：曝光=手动 / 白平衡=手动 / 对焦意图=手动 / EV=+0.0
[23:30:58.986] INF [session] 切模式 commit 后瞬间档位：曝光=手动 / 白平衡=手动 / 快照=曝光手动·白平衡手动
[23:30:58.986] DBG [photo] Log 实况：录制链路不挂照片输出，跳过照片模板准备
[23:30:58.986] INF [device] 手动曝光档：ISO 141 快门 1/36s
[23:30:58.986] INF [session] 切模式：手动曝光已按快照重放（ISO 141）
[23:30:58.986] INF [device] 手动白平衡档：7373K（色调跟随当前值 -1）
[23:30:58.986] INF [session] 切模式：手动白平衡已按快照重放（7373K）
[23:30:58.987] INF [session] 切模式后档位复查（Log 实况）：曝光=手动 / 白平衡=手动 / 对焦意图=手动 / EV=+0.0
[23:30:59.174] INF [session] 切换模式 Log 实况 → 实况
[23:30:59.328] INF [session] 切模式 commit 后瞬间档位：曝光=手动 / 白平衡=手动 / 快照=曝光手动·白平衡手动
[23:30:59.328] DBG [photo] Log 实况：录制链路不挂照片输出，跳过照片模板准备
[23:30:59.328] INF [device] 手动曝光档：ISO 145 快门 1/36s
[23:30:59.328] INF [session] 切模式：手动曝光已按快照重放（ISO 145）
[23:30:59.328] INF [device] 手动白平衡档：7373K（色调跟随当前值 -1）
[23:30:59.328] INF [session] 切模式：手动白平衡已按快照重放（7373K）
[23:30:59.329] INF [session] 切模式后档位复查（Log 实况）：曝光=手动 / 白平衡=手动 / 对焦意图=手动 / EV=+0.0
[23:30:59.331] INF [photo] Live Photo 采集 已开启
[23:30:59.365] INF [session] 切换模式 Log 实况 → 实况
[23:30:59.524] INF [session] 切换模式 Log 实况 → 实况
[23:30:59.691] INF [session] 切换模式 Log 实况 → 实况
[23:30:59.829] INF [session] 切模式 commit 后瞬间档位：曝光=手动 / 白平衡=手动 / 快照=曝光手动·白平衡手动
[23:30:59.829] INF [photo] 照片编码格式：hvc1
[23:30:59.830] INF [device] 手动曝光档：ISO 143 快门 1/36s
[23:30:59.830] INF [session] 切模式：手动曝光已按快照重放（ISO 143）
[23:30:59.830] INF [device] 手动白平衡档：7373K（色调跟随当前值 -1）
[23:30:59.830] INF [session] 切模式：手动白平衡已按快照重放（7373K）
[23:30:59.831] INF [session] 切模式后档位复查（实况）：曝光=手动 / 白平衡=手动 / 对焦意图=手动 / EV=+0.0
[23:30:59.832] INF [photo] Live Photo 采集 已开启
[23:30:59.875] DBG [ui] toast: Log 实况：当前录制 Log 视频，套用 LUT 导出实况照片在 P5 交付
[23:30:59.875] INF [session] 切换模式 实况 → Log 实况
[23:31:00.058] DBG [ui] toast: Log 实况：当前录制 Log 视频，套用 LUT 导出实况照片在 P5 交付
[23:31:00.058] INF [session] 切换模式 实况 → Log 实况
[23:31:00.195] INF [session] 切模式 commit 后瞬间档位：曝光=手动 / 白平衡=手动 / 快照=曝光手动·白平衡手动
[23:31:00.195] INF [photo] 照片编码格式：hvc1
[23:31:00.195] INF [device] 手动曝光档：ISO 242 快门 1/60s
[23:31:00.195] INF [session] 切模式：手动曝光已按快照重放（ISO 242）
[23:31:00.195] INF [device] 手动白平衡档：7373K（色调跟随当前值 -1）
[23:31:00.195] INF [session] 切模式：手动白平衡已按快照重放（7373K）
[23:31:00.196] INF [session] 切模式后档位复查（实况）：曝光=手动 / 白平衡=手动 / 对焦意图=手动 / EV=+0.0
[23:31:00.196] INF [session] 已移除麦克风输入
[23:31:00.270] INF [audio] 音频会话已释放
[23:31:00.271] DBG [ui] toast: Log 实况：当前录制 Log 视频，套用 LUT 导出实况照片在 P5 交付
[23:31:00.281] INF [session] 切换模式 实况 → Log 实况
[23:31:00.691] INF [session] 切模式 commit 后瞬间档位：曝光=手动 / 白平衡=手动 / 快照=曝光手动·白平衡手动
[23:31:00.691] INF [photo] 照片编码格式：hvc1
[23:31:00.692] INF [device] 手动曝光档：ISO 704 快门 1/60s
[23:31:00.692] INF [session] 切模式：手动曝光已按快照重放（ISO 704）
[23:31:00.692] INF [device] 手动白平衡档：7373K（色调跟随当前值 -1）
[23:31:00.692] INF [session] 切模式：手动白平衡已按快照重放（7373K）
[23:31:00.693] INF [session] 切模式后档位复查（照片）：曝光=手动 / 白平衡=手动 / 对焦意图=手动 / EV=+0.0
[23:31:00.766] DBG [ui] toast: Log 实况：当前录制 Log 视频，套用 LUT 导出实况照片在 P5 交付
[23:31:00.767] INF [session] 切换模式 照片 → Log 实况
[23:31:00.933] DBG [ui] toast: Log 实况：当前录制 Log 视频，套用 LUT 导出实况照片在 P5 交付
[23:31:00.934] INF [session] 切换模式 照片 → Log 实况
[23:31:01.023] INF [session] 切模式 commit 后瞬间档位：曝光=手动 / 白平衡=手动 / 快照=曝光手动·白平衡手动
[23:31:01.023] INF [photo] 照片编码格式：hvc1
[23:31:01.023] INF [device] 手动曝光档：ISO 324 快门 1/60s
[23:31:01.023] INF [session] 切模式：手动曝光已按快照重放（ISO 324）
[23:31:01.023] INF [device] 手动白平衡档：7373K（色调跟随当前值 -1）
[23:31:01.023] INF [session] 切模式：手动白平衡已按快照重放（7373K）
[23:31:01.024] INF [session] 切模式后档位复查（照片）：曝光=手动 / 白平衡=手动 / 对焦意图=手动 / EV=+0.0
[23:31:01.024] INF [session] 已加入麦克风输入
[23:31:01.050] INF [audio] 音频会话已激活（active=true category=AVAudioSessionCategoryPlayAndRecord mode=AVAudioSessionModeVideoRecording 48000Hz ch=0）
[23:31:01.100] INF [session] 切换模式 照片 → 视频
[23:31:01.110] INF [resource] 资源：模式 照片 · input 活 2 · output 活 1 · 内存 31.3MB
[23:31:01.300] INF [session] 切换模式 照片 → 视频
[23:31:01.380] INF [session] 切模式 commit 后瞬间档位：曝光=手动 / 白平衡=手动 / 快照=曝光手动·白平衡手动
[23:31:01.380] DBG [photo] Log 实况：录制链路不挂照片输出，跳过照片模板准备
[23:31:01.381] INF [device] 手动曝光档：ISO 725 快门 1/60s
[23:31:01.381] INF [session] 切模式：手动曝光已按快照重放（ISO 725）
[23:31:01.381] INF [device] 手动白平衡档：7373K（色调跟随当前值 -1）
[23:31:01.381] INF [session] 切模式：手动白平衡已按快照重放（7373K）
[23:31:01.382] INF [session] 切模式后档位复查（Log 实况）：曝光=手动 / 白平衡=手动 / 对焦意图=手动 / EV=+0.0
[23:31:01.483] INF [session] 切换模式 Log 实况 → 视频
[23:31:01.732] INF [session] 切模式 commit 后瞬间档位：曝光=手动 / 白平衡=手动 / 快照=曝光手动·白平衡手动
[23:31:01.732] DBG [photo] 视频：录制链路不挂照片输出，跳过照片模板准备
[23:31:01.732] INF [device] 手动曝光档：ISO 195 快门 1/36s
[23:31:01.732] INF [session] 切模式：手动曝光已按快照重放（ISO 195）
[23:31:01.732] INF [device] 手动白平衡档：7373K（色调跟随当前值 -1）
[23:31:01.732] INF [session] 切模式：手动白平衡已按快照重放（7373K）
[23:31:01.733] INF [session] 切模式后档位复查（视频）：曝光=手动 / 白平衡=手动 / 对焦意图=手动 / EV=+0.0
[23:31:01.825] DBG [ui] toast: Log 实况：当前录制 Log 视频，套用 LUT 导出实况照片在 P5 交付
[23:31:01.825] INF [session] 切换模式 视频 → Log 实况
[23:31:01.975] DBG [ui] toast: Log 实况：当前录制 Log 视频，套用 LUT 导出实况照片在 P5 交付
[23:31:01.975] INF [session] 切换模式 视频 → Log 实况
[23:31:02.071] INF [session] 切模式 commit 后瞬间档位：曝光=手动 / 白平衡=手动 / 快照=曝光手动·白平衡手动
[23:31:02.071] DBG [photo] 视频：录制链路不挂照片输出，跳过照片模板准备
[23:31:02.071] INF [device] 手动曝光档：ISO 145 快门 1/36s
[23:31:02.071] INF [session] 切模式：手动曝光已按快照重放（ISO 145）
[23:31:02.071] INF [device] 手动白平衡档：7373K（色调跟随当前值 -1）
[23:31:02.071] INF [session] 切模式：手动白平衡已按快照重放（7373K）
[23:31:02.072] INF [session] 切模式后档位复查（视频）：曝光=手动 / 白平衡=手动 / 对焦意图=手动 / EV=+0.0
[23:31:02.074] INF [photo] Live Photo 采集 已开启
[23:31:02.158] INF [session] 切换模式 视频 → 实况
[23:31:02.583] INF [session] 切模式 commit 后瞬间档位：曝光=手动 / 白平衡=手动 / 快照=曝光手动·白平衡手动
[23:31:02.583] INF [photo] 照片编码格式：hvc1
[23:31:02.583] INF [device] 手动曝光档：ISO 145 快门 1/36s
[23:31:02.583] INF [session] 切模式：手动曝光已按快照重放（ISO 145）
[23:31:02.583] INF [device] 手动白平衡档：7373K（色调跟随当前值 -1）
[23:31:02.583] INF [session] 切模式：手动白平衡已按快照重放（7373K）
[23:31:02.584] INF [session] 切模式后档位复查（实况）：曝光=手动 / 白平衡=手动 / 对焦意图=手动 / EV=+0.0
[23:31:02.586] INF [photo] Live Photo 采集 已开启
[23:31:02.912] INF [session] 切模式 commit 后瞬间档位：曝光=手动 / 白平衡=手动 / 快照=曝光手动·白平衡手动
[23:31:02.913] INF [photo] 照片编码格式：hvc1
[23:31:02.913] INF [device] 手动曝光档：ISO 236 快门 1/60s
[23:31:02.913] INF [session] 切模式：手动曝光已按快照重放（ISO 236）
[23:31:02.913] INF [device] 手动白平衡档：7373K（色调跟随当前值 -1）
[23:31:02.913] INF [session] 切模式：手动白平衡已按快照重放（7373K）
[23:31:02.914] INF [session] 切模式后档位复查（实况）：曝光=手动 / 白平衡=手动 / 对焦意图=手动 / EV=+0.0
[23:31:02.915] INF [photo] Live Photo 采集 已开启
[23:31:03.212] INF [session] 切模式 commit 后瞬间档位：曝光=手动 / 白平衡=手动 / 快照=曝光手动·白平衡手动
[23:31:03.212] INF [photo] 照片编码格式：hvc1
[23:31:03.212] INF [device] 手动曝光档：ISO 836 快门 1/58s
[23:31:03.212] INF [session] 切模式：手动曝光已按快照重放（ISO 836）
[23:31:03.212] INF [device] 手动白平衡档：7373K（色调跟随当前值 -1）
[23:31:03.212] INF [session] 切模式：手动白平衡已按快照重放（7373K）
[23:31:03.213] INF [session] 切模式后档位复查（实况）：曝光=手动 / 白平衡=手动 / 对焦意图=手动 / EV=+0.0
[23:31:03.214] INF [photo] Live Photo 采集 已开启
[23:31:03.547] INF [session] 切模式 commit 后瞬间档位：曝光=手动 / 白平衡=手动 / 快照=曝光手动·白平衡手动
[23:31:03.547] INF [photo] 照片编码格式：hvc1
[23:31:03.547] INF [device] 手动曝光档：ISO 855 快门 1/52s
[23:31:03.547] INF [session] 切模式：手动曝光已按快照重放（ISO 855）
[23:31:03.547] INF [device] 手动白平衡档：7019K（色调跟随当前值 -0）
[23:31:03.547] INF [session] 切模式：手动白平衡已按快照重放（7019K）
[23:31:03.548] INF [session] 切模式后档位复查（实况）：曝光=手动 / 白平衡=手动 / 对焦意图=手动 / EV=+0.0
[23:31:03.903] INF [session] 切模式 commit 后瞬间档位：曝光=手动 / 白平衡=手动 / 快照=曝光手动·白平衡手动
[23:31:03.903] DBG [photo] Log 实况：录制链路不挂照片输出，跳过照片模板准备
[23:31:03.903] INF [device] 手动曝光档：ISO 843 快门 1/49s
[23:31:03.903] INF [session] 切模式：手动曝光已按快照重放（ISO 843）
[23:31:03.903] INF [device] 手动白平衡档：6099K（色调跟随当前值 -6）
[23:31:03.903] INF [session] 切模式：手动白平衡已按快照重放（6099K）
[23:31:03.904] INF [session] 切模式后档位复查（Log 实况）：曝光=手动 / 白平衡=手动 / 对焦意图=手动 / EV=+0.0
[23:31:04.248] INF [session] 切模式 commit 后瞬间档位：曝光=手动 / 白平衡=手动 / 快照=曝光手动·白平衡手动
[23:31:04.248] DBG [photo] Log 实况：录制链路不挂照片输出，跳过照片模板准备
[23:31:04.248] INF [device] 手动曝光档：ISO 152 快门 1/36s
[23:31:04.248] INF [session] 切模式：手动曝光已按快照重放（ISO 152）
[23:31:04.248] INF [device] 手动白平衡档：5902K（色调跟随当前值 -9）
[23:31:04.248] INF [session] 切模式：手动白平衡已按快照重放（5902K）
[23:31:04.249] INF [session] 切模式后档位复查（Log 实况）：曝光=手动 / 白平衡=手动 / 对焦意图=手动 / EV=+0.0
[23:31:04.603] INF [session] 切模式 commit 后瞬间档位：曝光=手动 / 白平衡=手动 / 快照=曝光手动·白平衡手动
[23:31:04.603] DBG [photo] Log 实况：录制链路不挂照片输出，跳过照片模板准备
[23:31:04.604] INF [device] 手动曝光档：ISO 143 快门 1/36s
[23:31:04.604] INF [session] 切模式：手动曝光已按快照重放（ISO 143）
[23:31:04.604] INF [device] 手动白平衡档：6312K（色调跟随当前值 -6）
[23:31:04.604] INF [session] 切模式：手动白平衡已按快照重放（6312K）
[23:31:04.605] INF [session] 切模式后档位复查（Log 实况）：曝光=手动 / 白平衡=手动 / 对焦意图=手动 / EV=+0.0
[23:31:04.956] INF [session] 切模式 commit 后瞬间档位：曝光=手动 / 白平衡=手动 / 快照=曝光手动·白平衡手动
[23:31:04.956] DBG [photo] Log 实况：录制链路不挂照片输出，跳过照片模板准备
[23:31:04.957] INF [device] 手动曝光档：ISO 149 快门 1/36s
[23:31:04.957] INF [session] 切模式：手动曝光已按快照重放（ISO 149）
[23:31:04.957] INF [device] 手动白平衡档：6723K（色调跟随当前值 -4）
[23:31:04.957] INF [session] 切模式：手动白平衡已按快照重放（6723K）
[23:31:04.959] INF [session] 切模式后档位复查（Log 实况）：曝光=手动 / 白平衡=手动 / 对焦意图=手动 / EV=+0.0
[23:31:05.306] INF [session] 切模式 commit 后瞬间档位：曝光=手动 / 白平衡=手动 / 快照=曝光手动·白平衡手动
[23:31:05.306] DBG [photo] Log 实况：录制链路不挂照片输出，跳过照片模板准备
[23:31:05.306] INF [device] 手动曝光档：ISO 166 快门 1/36s
[23:31:05.306] INF [session] 切模式：手动曝光已按快照重放（ISO 166）
[23:31:05.306] INF [device] 手动白平衡档：7134K（色调跟随当前值 -1）
[23:31:05.306] INF [session] 切模式：手动白平衡已按快照重放（7134K）
[23:31:05.308] INF [session] 切模式后档位复查（Log 实况）：曝光=手动 / 白平衡=手动 / 对焦意图=手动 / EV=+0.0
[23:31:05.517] INF [session] 切换模式 Log 实况 → 视频
[23:31:05.645] INF [session] 切模式 commit 后瞬间档位：曝光=手动 / 白平衡=手动 / 快照=曝光手动·白平衡手动
[23:31:05.645] DBG [photo] 视频：录制链路不挂照片输出，跳过照片模板准备
[23:31:05.645] INF [device] 手动曝光档：ISO 199 快门 1/36s
[23:31:05.645] INF [session] 切模式：手动曝光已按快照重放（ISO 199）
[23:31:05.645] INF [device] 手动白平衡档：7367K（色调跟随当前值 -1）
[23:31:05.645] INF [session] 切模式：手动白平衡已按快照重放（7367K）
[23:31:05.646] INF [session] 切模式后档位复查（视频）：曝光=手动 / 白平衡=手动 / 对焦意图=手动 / EV=+0.0
[23:31:05.992] INF [session] 切模式 commit 后瞬间档位：曝光=手动 / 白平衡=手动 / 快照=曝光手动·白平衡手动
[23:31:05.992] DBG [photo] 视频：录制链路不挂照片输出，跳过照片模板准备
[23:31:05.992] INF [device] 手动曝光档：ISO 200 快门 1/36s
[23:31:05.992] INF [session] 切模式：手动曝光已按快照重放（ISO 200）
[23:31:05.992] INF [device] 手动白平衡档：7367K（色调跟随当前值 -1）
[23:31:05.992] INF [session] 切模式：手动白平衡已按快照重放（7367K）
[23:31:05.993] INF [session] 切模式后档位复查（视频）：曝光=手动 / 白平衡=手动 / 对焦意图=手动 / EV=+0.0
[23:31:06.049] DBG [ui] toast: Log 实况：当前录制 Log 视频，套用 LUT 导出实况照片在 P5 交付
[23:31:06.049] INF [session] 切换模式 视频 → Log 实况
[23:31:06.110] INF [resource] 资源：模式 视频 · input 活 2 · output 活 1 · 内存 31.4MB
[23:31:06.234] DBG [ui] toast: Log 实况：当前录制 Log 视频，套用 LUT 导出实况照片在 P5 交付
[23:31:06.234] INF [session] 切换模式 视频 → Log 实况
[23:31:06.349] INF [session] 切模式 commit 后瞬间档位：曝光=手动 / 白平衡=手动 / 快照=曝光手动·白平衡手动
[23:31:06.349] DBG [photo] 视频：录制链路不挂照片输出，跳过照片模板准备
[23:31:06.349] INF [device] 手动曝光档：ISO 198 快门 1/36s
[23:31:06.349] INF [session] 切模式：手动曝光已按快照重放（ISO 198）
[23:31:06.349] INF [device] 手动白平衡档：7367K（色调跟随当前值 -1）
[23:31:06.349] INF [session] 切模式：手动白平衡已按快照重放（7367K）
[23:31:06.350] INF [session] 切模式后档位复查（视频）：曝光=手动 / 白平衡=手动 / 对焦意图=手动 / EV=+0.0
[23:31:06.401] INF [session] 切换模式 视频 → 实况
[23:31:06.551] INF [session] 切换模式 视频 → 实况
[23:31:06.688] INF [session] 切模式 commit 后瞬间档位：曝光=手动 / 白平衡=手动 / 快照=曝光手动·白平衡手动
[23:31:06.688] DBG [photo] Log 实况：录制链路不挂照片输出，跳过照片模板准备
[23:31:06.688] INF [device] 手动曝光档：ISO 195 快门 1/36s
[23:31:06.688] INF [session] 切模式：手动曝光已按快照重放（ISO 195）
[23:31:06.688] INF [device] 手动白平衡档：7367K（色调跟随当前值 -1）
[23:31:06.688] INF [session] 切模式：手动白平衡已按快照重放（7367K）
[23:31:06.689] INF [session] 切模式后档位复查（Log 实况）：曝光=手动 / 白平衡=手动 / 对焦意图=手动 / EV=+0.0
[23:31:06.724] INF [session] 切换模式 Log 实况 → 照片
[23:31:06.875] INF [session] 切换模式 Log 实况 → 照片
[23:31:07.001] INF [session] 切换模式 Log 实况 → 照片
[23:31:07.035] INF [session] 切模式 commit 后瞬间档位：曝光=手动 / 白平衡=手动 / 快照=曝光手动·白平衡手动
[23:31:07.035] DBG [photo] Log 实况：录制链路不挂照片输出，跳过照片模板准备
[23:31:07.035] INF [device] 手动曝光档：ISO 201 快门 1/36s
[23:31:07.035] INF [session] 切模式：手动曝光已按快照重放（ISO 201）
[23:31:07.035] INF [device] 手动白平衡档：7372K（色调跟随当前值 -1）
[23:31:07.035] INF [session] 切模式：手动白平衡已按快照重放（7372K）
[23:31:07.036] INF [session] 切模式后档位复查（Log 实况）：曝光=手动 / 白平衡=手动 / 对焦意图=手动 / EV=+0.0
[23:31:07.038] INF [photo] Live Photo 采集 已开启
[23:31:07.184] INF [session] 切换模式 Log 实况 → 实况
[23:31:07.351] INF [session] 切换模式 Log 实况 → 实况
[23:31:07.552] INF [session] 切模式 commit 后瞬间档位：曝光=手动 / 白平衡=手动 / 快照=曝光手动·白平衡手动
[23:31:07.552] INF [photo] 照片编码格式：hvc1
[23:31:07.552] INF [device] 手动曝光档：ISO 201 快门 1/36s
[23:31:07.552] INF [session] 切模式：手动曝光已按快照重放（ISO 201）
[23:31:07.552] INF [device] 手动白平衡档：7372K（色调跟随当前值 -1）
[23:31:07.552] INF [session] 切模式：手动白平衡已按快照重放（7372K）
[23:31:07.553] INF [session] 切模式后档位复查（实况）：曝光=手动 / 白平衡=手动 / 对焦意图=手动 / EV=+0.0
[23:31:07.688] DBG [ui] toast: Log 实况：当前录制 Log 视频，套用 LUT 导出实况照片在 P5 交付
[23:31:07.688] INF [session] 切换模式 实况 → Log 实况
[23:31:07.880] DBG [ui] toast: Log 实况：当前录制 Log 视频，套用 LUT 导出实况照片在 P5 交付
[23:31:07.880] INF [session] 切换模式 实况 → Log 实况
[23:31:07.952] INF [session] 切模式 commit 后瞬间档位：曝光=手动 / 白平衡=手动 / 快照=曝光手动·白平衡手动
[23:31:07.952] DBG [photo] 视频：录制链路不挂照片输出，跳过照片模板准备
[23:31:07.952] INF [device] 手动曝光档：ISO 330 快门 1/60s
[23:31:07.952] INF [session] 切模式：手动曝光已按快照重放（ISO 330）
[23:31:07.952] INF [device] 手动白平衡档：7372K（色调跟随当前值 -1）
[23:31:07.952] INF [session] 切模式：手动白平衡已按快照重放（7372K）
[23:31:07.953] INF [session] 切模式后档位复查（视频）：曝光=手动 / 白平衡=手动 / 对焦意图=手动 / EV=+0.0
[23:31:08.063] DBG [ui] toast: Log 实况：当前录制 Log 视频，套用 LUT 导出实况照片在 P5 交付
[23:31:08.063] INF [session] 切换模式 视频 → Log 实况
[23:31:08.226] DBG [ui] toast: Log 实况：当前录制 Log 视频，套用 LUT 导出实况照片在 P5 交付
[23:31:08.226] INF [session] 切换模式 视频 → Log 实况
[23:31:08.310] INF [session] 切模式 commit 后瞬间档位：曝光=手动 / 白平衡=手动 / 快照=曝光手动·白平衡手动
[23:31:08.310] DBG [photo] Log 实况：录制链路不挂照片输出，跳过照片模板准备
[23:31:08.310] INF [device] 手动曝光档：ISO 204 快门 1/36s
[23:31:08.310] INF [session] 切模式：手动曝光已按快照重放（ISO 204）
[23:31:08.311] INF [device] 手动白平衡档：7372K（色调跟随当前值 -1）
[23:31:08.311] INF [session] 切模式：手动白平衡已按快照重放（7372K）
[23:31:08.311] INF [session] 切模式后档位复查（Log 实况）：曝光=手动 / 白平衡=手动 / 对焦意图=手动 / EV=+0.0
[23:31:08.650] INF [session] 切模式 commit 后瞬间档位：曝光=手动 / 白平衡=手动 / 快照=曝光手动·白平衡手动
[23:31:08.650] DBG [photo] Log 实况：录制链路不挂照片输出，跳过照片模板准备
[23:31:08.650] INF [device] 手动曝光档：ISO 195 快门 1/36s
[23:31:08.650] INF [session] 切模式：手动曝光已按快照重放（ISO 195）
[23:31:08.651] INF [device] 手动白平衡档：7378K（色调跟随当前值 -2）
[23:31:08.651] INF [session] 切模式：手动白平衡已按快照重放（7378K）
[23:31:08.652] INF [session] 切模式后档位复查（Log 实况）：曝光=手动 / 白平衡=手动 / 对焦意图=手动 / EV=+0.0
[23:31:08.653] INF [photo] Live Photo 采集 已开启
[23:31:09.130] INF [session] 切换模式 Log 实况 → 实况
[23:31:09.162] INF [session] 切模式 commit 后瞬间档位：曝光=手动 / 白平衡=手动 / 快照=曝光手动·白平衡手动
[23:31:09.162] INF [photo] 照片编码格式：hvc1
[23:31:09.163] INF [device] 手动曝光档：ISO 196 快门 1/36s
[23:31:09.163] INF [session] 切模式：手动曝光已按快照重放（ISO 196）
[23:31:09.163] INF [device] 手动白平衡档：7378K（色调跟随当前值 -2）
[23:31:09.163] INF [session] 切模式：手动白平衡已按快照重放（7378K）
[23:31:09.164] INF [session] 切模式后档位复查（实况）：曝光=手动 / 白平衡=手动 / 对焦意图=手动 / EV=+0.0
[23:31:09.165] INF [photo] Live Photo 采集 已开启
[23:31:09.493] INF [session] 切模式 commit 后瞬间档位：曝光=手动 / 白平衡=手动 / 快照=曝光手动·白平衡手动
[23:31:09.493] INF [photo] 照片编码格式：hvc1
[23:31:09.493] INF [device] 手动曝光档：ISO 335 快门 1/60s
[23:31:09.493] INF [session] 切模式：手动曝光已按快照重放（ISO 335）
[23:31:09.493] INF [device] 手动白平衡档：7378K（色调跟随当前值 -2）
[23:31:09.493] INF [session] 切模式：手动白平衡已按快照重放（7378K）
[23:31:09.494] INF [session] 切模式后档位复查（实况）：曝光=手动 / 白平衡=手动 / 对焦意图=手动 / EV=+0.0
[23:31:09.495] INF [session] 已移除麦克风输入
[23:31:09.567] INF [audio] 音频会话已释放
[23:31:09.726] INF [session] 切换模式 实况 → 照片
[23:31:09.876] INF [session] 切换模式 实况 → 照片
[23:31:09.985] INF [session] 切模式 commit 后瞬间档位：曝光=手动 / 白平衡=手动 / 快照=曝光手动·白平衡手动
[23:31:09.985] INF [photo] 照片编码格式：hvc1
[23:31:09.986] INF [device] 手动曝光档：ISO 853 快门 1/52s
[23:31:09.986] INF [session] 切模式：手动曝光已按快照重放（ISO 853）
[23:31:09.986] INF [device] 手动白平衡档：6919K（色调跟随当前值 -2）
[23:31:09.986] INF [session] 切模式：手动白平衡已按快照重放（6919K）
[23:31:09.987] INF [session] 切模式后档位复查（照片）：曝光=手动 / 白平衡=手动 / 对焦意图=手动 / EV=+0.0
[23:31:10.143] INF [session] 切换模式 照片 → 实况
[23:31:10.317] INF [session] 切模式 commit 后瞬间档位：曝光=手动 / 白平衡=手动 / 快照=曝光手动·白平衡手动
[23:31:10.317] INF [photo] 照片编码格式：hvc1
[23:31:10.318] INF [device] 手动曝光档：ISO 515 快门 1/60s
[23:31:10.318] INF [session] 切模式：手动曝光已按快照重放（ISO 515）
[23:31:10.318] INF [device] 手动白平衡档：7378K（色调跟随当前值 -2）
[23:31:10.318] INF [session] 切模式：手动白平衡已按快照重放（7378K）
[23:31:10.318] INF [session] 切模式后档位复查（照片）：曝光=手动 / 白平衡=手动 / 对焦意图=手动 / EV=+0.0
[23:31:10.344] DBG [ui] toast: Log 实况：当前录制 Log 视频，套用 LUT 导出实况照片在 P5 交付
[23:31:10.344] INF [session] 切换模式 照片 → Log 实况
[23:31:10.510] DBG [ui] toast: Log 实况：当前录制 Log 视频，套用 LUT 导出实况照片在 P5 交付
[23:31:10.510] INF [session] 切换模式 照片 → Log 实况
[23:31:10.650] INF [session] 切模式 commit 后瞬间档位：曝光=手动 / 白平衡=手动 / 快照=曝光手动·白平衡手动
[23:31:10.650] INF [photo] 照片编码格式：hvc1
[23:31:10.650] INF [device] 手动曝光档：ISO 855 快门 1/50s
[23:31:10.650] INF [session] 切模式：手动曝光已按快照重放（ISO 855）
[23:31:10.651] INF [device] 手动白平衡档：6417K（色调跟随当前值 -4）
[23:31:10.651] INF [session] 切模式：手动白平衡已按快照重放（6417K）
[23:31:10.651] INF [session] 切模式后档位复查（照片）：曝光=手动 / 白平衡=手动 / 对焦意图=手动 / EV=+0.0
[23:31:10.652] INF [session] 已加入麦克风输入
[23:31:10.672] INF [audio] 音频会话已激活（active=true category=AVAudioSessionCategoryPlayAndRecord mode=AVAudioSessionModeVideoRecording 48000Hz ch=1）
[23:31:10.673] INF [photo] Live Photo 采集 已开启
[23:31:10.681] DBG [ui] toast: Log 实况：当前录制 Log 视频，套用 LUT 导出实况照片在 P5 交付
[23:31:10.681] INF [session] 切换模式 照片 → Log 实况
[23:31:10.843] DBG [ui] toast: Log 实况：当前录制 Log 视频，套用 LUT 导出实况照片在 P5 交付
[23:31:10.843] INF [session] 切换模式 照片 → Log 实况
[23:31:11.010] DBG [ui] toast: Log 实况：当前录制 Log 视频，套用 LUT 导出实况照片在 P5 交付
[23:31:11.010] INF [session] 切换模式 照片 → Log 实况
[23:31:11.112] INF [resource] 资源：模式 照片 · input 活 2 · output 活 1 · 内存 31.4MB
[23:31:11.161] INF [session] 切模式 commit 后瞬间档位：曝光=手动 / 白平衡=手动 / 快照=曝光手动·白平衡手动
[23:31:11.161] INF [photo] 照片编码格式：hvc1
[23:31:11.161] INF [device] 手动曝光档：ISO 843 快门 1/45s
[23:31:11.161] INF [session] 切模式：手动曝光已按快照重放（ISO 843）
[23:31:11.161] INF [device] 手动白平衡档：5808K（色调跟随当前值 -8）
[23:31:11.162] INF [session] 切模式：手动白平衡已按快照重放（5808K）
[23:31:11.162] INF [session] 切模式后档位复查（实况）：曝光=手动 / 白平衡=手动 / 对焦意图=手动 / EV=+0.0
[23:31:11.164] INF [photo] Live Photo 采集 已开启
[23:31:11.180] DBG [ui] toast: Log 实况：当前录制 Log 视频，套用 LUT 导出实况照片在 P5 交付
[23:31:11.180] INF [session] 切换模式 实况 → Log 实况
[23:31:11.326] DBG [ui] toast: Log 实况：当前录制 Log 视频，套用 LUT 导出实况照片在 P5 交付
[23:31:11.326] INF [session] 切换模式 实况 → Log 实况
[23:31:11.476] DBG [ui] toast: Log 实况：当前录制 Log 视频，套用 LUT 导出实况照片在 P5 交付
[23:31:11.477] INF [session] 切换模式 实况 → Log 实况
[23:31:11.492] INF [session] 切模式 commit 后瞬间档位：曝光=手动 / 白平衡=手动 / 快照=曝光手动·白平衡手动
[23:31:11.492] INF [photo] 照片编码格式：hvc1
[23:31:11.492] INF [device] 手动曝光档：ISO 495 快门 1/60s
[23:31:11.492] INF [session] 切模式：手动曝光已按快照重放（ISO 495）
[23:31:11.493] INF [device] 手动白平衡档：5628K（色调跟随当前值 -9）
[23:31:11.493] INF [session] 切模式：手动白平衡已按快照重放（5628K）
[23:31:11.493] INF [session] 切模式后档位复查（实况）：曝光=手动 / 白平衡=手动 / 对焦意图=手动 / EV=+0.0
[23:31:11.855] INF [session] 切模式 commit 后瞬间档位：曝光=手动 / 白平衡=手动 / 快照=曝光手动·白平衡手动
[23:31:11.855] DBG [photo] Log 实况：录制链路不挂照片输出，跳过照片模板准备
[23:31:11.856] INF [device] 手动曝光档：ISO 863 快门 1/50s
[23:31:11.856] INF [session] 切模式：手动曝光已按快照重放（ISO 863）
[23:31:11.856] INF [device] 手动白平衡档：5628K（色调跟随当前值 -9）
[23:31:11.856] INF [session] 切模式：手动白平衡已按快照重放（5628K）
[23:31:11.857] INF [session] 切模式后档位复查（Log 实况）：曝光=手动 / 白平衡=手动 / 对焦意图=手动 / EV=+0.0
[23:31:11.913] INF [session] 切换模式 Log 实况 → 照片
[23:31:12.081] INF [session] 切换模式 Log 实况 → 照片
[23:31:12.197] INF [session] 切模式 commit 后瞬间档位：曝光=手动 / 白平衡=手动 / 快照=曝光手动·白平衡手动
[23:31:12.198] DBG [photo] Log 实况：录制链路不挂照片输出，跳过照片模板准备
[23:31:12.198] INF [device] 手动曝光档：ISO 207 快门 1/36s
[23:31:12.198] INF [session] 切模式：手动曝光已按快照重放（ISO 207）
[23:31:12.198] INF [device] 手动白平衡档：5628K（色调跟随当前值 -9）
[23:31:12.198] INF [session] 切模式：手动白平衡已按快照重放（5628K）
[23:31:12.199] INF [session] 切模式后档位复查（Log 实况）：曝光=手动 / 白平衡=手动 / 对焦意图=手动 / EV=+0.0
[23:31:12.260] INF [session] 切换模式 Log 实况 → 实况
[23:31:12.546] INF [session] 切模式 commit 后瞬间档位：曝光=手动 / 白平衡=手动 / 快照=曝光手动·白平衡手动
[23:31:12.547] DBG [photo] Log 实况：录制链路不挂照片输出，跳过照片模板准备
[23:31:12.547] INF [device] 手动曝光档：ISO 194 快门 1/36s
[23:31:12.547] INF [session] 切模式：手动曝光已按快照重放（ISO 194）
[23:31:12.547] INF [device] 手动白平衡档：5999K（色调跟随当前值 -6）
[23:31:12.547] INF [session] 切模式：手动白平衡已按快照重放（5999K）
[23:31:12.548] INF [session] 切模式后档位复查（Log 实况）：曝光=手动 / 白平衡=手动 / 对焦意图=手动 / EV=+0.0
[23:31:12.896] INF [session] 切模式 commit 后瞬间档位：曝光=手动 / 白平衡=手动 / 快照=曝光手动·白平衡手动
[23:31:12.896] DBG [photo] Log 实况：录制链路不挂照片输出，跳过照片模板准备
[23:31:12.896] INF [device] 手动曝光档：ISO 195 快门 1/36s
[23:31:12.896] INF [session] 切模式：手动曝光已按快照重放（ISO 195）
[23:31:12.896] INF [device] 手动白平衡档：6422K（色调跟随当前值 -5）
[23:31:12.897] INF [session] 切模式：手动白平衡已按快照重放（6422K）
[23:31:12.897] INF [session] 切模式后档位复查（Log 实况）：曝光=手动 / 白平衡=手动 / 对焦意图=手动 / EV=+0.0
[23:31:12.899] INF [photo] Live Photo 采集 已开启
[23:31:12.938] INF [session] 切换模式 Log 实况 → 视频
[23:31:13.072] INF [session] 切换模式 Log 实况 → 视频
[23:31:13.411] INF [session] 切模式 commit 后瞬间档位：曝光=手动 / 白平衡=手动 / 快照=曝光手动·白平衡手动
[23:31:13.411] INF [photo] 照片编码格式：hvc1
[23:31:13.411] INF [device] 手动曝光档：ISO 197 快门 1/36s
[23:31:13.411] INF [session] 切模式：手动曝光已按快照重放（ISO 197）
[23:31:13.411] INF [device] 手动白平衡档：6832K（色调跟随当前值 -5）
[23:31:13.411] INF [session] 切模式：手动白平衡已按快照重放（6832K）
[23:31:13.412] INF [session] 切模式后档位复查（实况）：曝光=手动 / 白平衡=手动 / 对焦意图=手动 / EV=+0.0
[23:31:13.413] INF [session] 已移除麦克风输入
[23:31:13.495] INF [audio] 音频会话已释放
[23:31:13.901] INF [session] 切模式 commit 后瞬间档位：曝光=手动 / 白平衡=手动 / 快照=曝光手动·白平衡手动
[23:31:13.901] INF [photo] 照片编码格式：hvc1
[23:31:13.902] INF [device] 手动曝光档：ISO 329 快门 1/60s
[23:31:13.902] INF [session] 切模式：手动曝光已按快照重放（ISO 329）
[23:31:13.902] INF [device] 手动白平衡档：7274K（色调跟随当前值 -4）
[23:31:13.902] INF [session] 切模式：手动白平衡已按快照重放（7274K）
[23:31:13.903] INF [session] 切模式后档位复查（照片）：曝光=手动 / 白平衡=手动 / 对焦意图=手动 / EV=+0.0
[23:31:14.231] INF [session] 切模式 commit 后瞬间档位：曝光=手动 / 白平衡=手动 / 快照=曝光手动·白平衡手动
[23:31:14.231] INF [photo] 照片编码格式：hvc1
[23:31:14.232] INF [device] 手动曝光档：ISO 437 快门 1/60s
[23:31:14.232] INF [session] 切模式：手动曝光已按快照重放（ISO 437）
[23:31:14.232] INF [device] 手动白平衡档：7400K（色调跟随当前值 -4）
[23:31:14.232] INF [session] 切模式：手动白平衡已按快照重放（7400K）
[23:31:14.232] INF [session] 切模式后档位复查（照片）：曝光=手动 / 白平衡=手动 / 对焦意图=手动 / EV=+0.0
[23:31:14.233] INF [session] 已加入麦克风输入
[23:31:14.251] INF [audio] 音频会话已激活（active=true category=AVAudioSessionCategoryPlayAndRecord mode=AVAudioSessionModeVideoRecording 48000Hz ch=1）
[23:31:14.252] INF [photo] Live Photo 采集 已开启
[23:31:14.742] INF [session] 切模式 commit 后瞬间档位：曝光=手动 / 白平衡=手动 / 快照=曝光手动·白平衡手动
[23:31:14.742] INF [photo] 照片编码格式：hvc1
[23:31:14.743] INF [device] 手动曝光档：ISO 861 快门 1/57s
[23:31:14.743] INF [session] 切模式：手动曝光已按快照重放（ISO 861）
[23:31:14.743] INF [device] 手动白平衡档：7161K（色调跟随当前值 -4）
[23:31:14.743] INF [session] 切模式：手动白平衡已按快照重放（7161K）
[23:31:14.744] INF [session] 切模式后档位复查（实况）：曝光=手动 / 白平衡=手动 / 对焦意图=手动 / EV=+0.0
[23:31:15.123] INF [session] 切模式 commit 后瞬间档位：曝光=手动 / 白平衡=手动 / 快照=曝光手动·白平衡手动
[23:31:15.123] DBG [photo] Log 实况：录制链路不挂照片输出，跳过照片模板准备
[23:31:15.123] INF [device] 手动曝光档：ISO 454 快门 1/60s
[23:31:15.123] INF [session] 切模式：手动曝光已按快照重放（ISO 454）
[23:31:15.124] INF [device] 手动白平衡档：6938K（色调跟随当前值 -5）
[23:31:15.124] INF [session] 切模式：手动白平衡已按快照重放（6938K）
[23:31:15.125] INF [session] 切模式后档位复查（Log 实况）：曝光=手动 / 白平衡=手动 / 对焦意图=手动 / EV=+0.0
[23:31:15.369] DBG [ui] 刻度条展开（白平衡）
[23:31:15.369] DBG [ui] toast: 白平衡：手动 6832K（左右滑动刻度）
[23:31:15.464] INF [session] 切模式 commit 后瞬间档位：曝光=手动 / 白平衡=手动 / 快照=曝光手动·白平衡手动
[23:31:15.464] DBG [photo] Log 实况：录制链路不挂照片输出，跳过照片模板准备
[23:31:15.464] INF [device] 手动曝光档：ISO 193 快门 1/36s
[23:31:15.464] INF [session] 切模式：手动曝光已按快照重放（ISO 193）
[23:31:15.464] INF [device] 手动白平衡档：6832K（色调跟随当前值 -5）
[23:31:15.464] INF [session] 切模式：手动白平衡已按快照重放（6832K）
[23:31:15.465] INF [session] 切模式后档位复查（Log 实况）：曝光=手动 / 白平衡=手动 / 对焦意图=手动 / EV=+0.0
[23:31:15.815] INF [session] 切模式 commit 后瞬间档位：曝光=手动 / 白平衡=手动 / 快照=曝光手动·白平衡手动
[23:31:15.815] DBG [photo] Log 实况：录制链路不挂照片输出，跳过照片模板准备
[23:31:15.815] INF [device] 手动曝光档：ISO 190 快门 1/36s
[23:31:15.815] INF [session] 切模式：手动曝光已按快照重放（ISO 190）
[23:31:15.815] INF [device] 手动白平衡档：6832K（色调跟随当前值 -5）
[23:31:15.815] INF [session] 切模式：手动白平衡已按快照重放（6832K）
[23:31:15.816] INF [session] 切模式后档位复查（Log 实况）：曝光=手动 / 白平衡=手动 / 对焦意图=手动 / EV=+0.0
[23:31:16.109] INF [resource] 资源：模式 Log 实况 · input 活 2 · output 活 1 · 内存 32.4MB
[23:31:16.164] INF [session] 切模式 commit 后瞬间档位：曝光=手动 / 白平衡=手动 / 快照=曝光手动·白平衡手动
[23:31:16.164] DBG [photo] Log 实况：录制链路不挂照片输出，跳过照片模板准备
[23:31:16.164] INF [device] 手动曝光档：ISO 198 快门 1/36s
[23:31:16.164] INF [session] 切模式：手动曝光已按快照重放（ISO 198）
[23:31:16.164] INF [device] 手动白平衡档：7048K（色调跟随当前值 -4）
[23:31:16.164] INF [session] 切模式：手动白平衡已按快照重放（7048K）
[23:31:16.165] INF [session] 切模式后档位复查（Log 实况）：曝光=手动 / 白平衡=手动 / 对焦意图=手动 / EV=+0.0
[23:31:16.261] DBG [ui] 刻度条展开（ISO）
[23:31:16.261] DBG [ui] toast: ISO：手动 197（左右滑动刻度）
[23:31:16.506] INF [session] 切模式 commit 后瞬间档位：曝光=手动 / 白平衡=手动 / 快照=曝光手动·白平衡手动
[23:31:16.506] DBG [photo] Log 实况：录制链路不挂照片输出，跳过照片模板准备
[23:31:16.506] INF [device] 手动曝光档：ISO 197 快门 1/36s
[23:31:16.506] INF [session] 切模式：手动曝光已按快照重放（ISO 197）
[23:31:16.506] INF [device] 手动白平衡档：7044K（色调跟随当前值 -4）
[23:31:16.506] INF [session] 切模式：手动白平衡已按快照重放（7044K）
[23:31:16.507] INF [session] 切模式后档位复查（Log 实况）：曝光=手动 / 白平衡=手动 / 对焦意图=手动 / EV=+0.0
[23:31:16.862] DBG [ui] 刻度条展开（快门）
[23:31:16.862] DBG [ui] toast: 快门：手动 1/36s（左右滑动刻度）
[23:31:16.862] INF [session] 切模式 commit 后瞬间档位：曝光=手动 / 白平衡=手动 / 快照=曝光手动·白平衡手动
[23:31:16.862] DBG [photo] Log 实况：录制链路不挂照片输出，跳过照片模板准备
[23:31:16.863] INF [device] 手动曝光档：ISO 188 快门 1/36s
[23:31:16.863] INF [session] 切模式：手动曝光已按快照重放（ISO 188）
[23:31:16.863] INF [device] 手动白平衡档：7279K（色调跟随当前值 -4）
[23:31:16.863] INF [session] 切模式：手动白平衡已按快照重放（7279K）
[23:31:16.864] INF [session] 切模式后档位复查（Log 实况）：曝光=手动 / 白平衡=手动 / 对焦意图=手动 / EV=+0.0
[23:31:17.206] INF [session] 切模式 commit 后瞬间档位：曝光=手动 / 白平衡=手动 / 快照=曝光手动·白平衡手动
[23:31:17.206] DBG [photo] Log 实况：录制链路不挂照片输出，跳过照片模板准备
[23:31:17.207] INF [device] 手动曝光档：ISO 196 快门 1/36s
[23:31:17.207] INF [session] 切模式：手动曝光已按快照重放（ISO 196）
[23:31:17.207] INF [device] 手动白平衡档：7279K（色调跟随当前值 -4）
[23:31:17.207] INF [session] 切模式：手动白平衡已按快照重放（7279K）
[23:31:17.208] INF [session] 切模式后档位复查（Log 实况）：曝光=手动 / 白平衡=手动 / 对焦意图=手动 / EV=+0.0
[23:31:17.561] INF [session] 切模式 commit 后瞬间档位：曝光=手动 / 白平衡=手动 / 快照=曝光手动·白平衡手动
[23:31:17.561] DBG [photo] Log 实况：录制链路不挂照片输出，跳过照片模板准备
[23:31:17.562] INF [device] 手动曝光档：ISO 190 快门 1/36s
[23:31:17.562] INF [session] 切模式：手动曝光已按快照重放（ISO 190）
[23:31:17.562] INF [device] 手动白平衡档：7279K（色调跟随当前值 -4）
[23:31:17.562] INF [session] 切模式：手动白平衡已按快照重放（7279K）
[23:31:17.563] INF [session] 切模式后档位复查（Log 实况）：曝光=手动 / 白平衡=手动 / 对焦意图=手动 / EV=+0.0
[23:31:17.563] INF [session] 已移除麦克风输入
[23:31:17.592] DBG [ui] 对焦圆盘展开（入口：图标行「对焦」） · 连带收起 快门 刻度条
[23:31:17.592] DBG [ui] toast: 手动对焦：拖动圆盘调焦（0.0 近 → ∞ 远） · 快门 刻度条已收起
[23:31:17.635] INF [audio] 音频会话已释放
[23:31:18.066] INF [session] 切模式 commit 后瞬间档位：曝光=手动 / 白平衡=手动 / 快照=曝光手动·白平衡手动
[23:31:18.066] INF [photo] 照片编码格式：hvc1
[23:31:18.066] INF [device] 手动曝光档：ISO 192 快门 1/36s
[23:31:18.066] INF [session] 切模式：手动曝光已按快照重放（ISO 192）
[23:31:18.067] INF [device] 手动白平衡档：7161K（色调跟随当前值 -4）
[23:31:18.067] INF [session] 切模式：手动白平衡已按快照重放（7161K）
[23:31:18.068] INF [session] 切模式后档位复查（照片）：曝光=手动 / 白平衡=手动 / 对焦意图=手动 / EV=+0.0
[23:31:18.396] INF [session] 切模式 commit 后瞬间档位：曝光=手动 / 白平衡=手动 / 快照=曝光手动·白平衡手动
[23:31:18.396] INF [photo] 照片编码格式：hvc1
[23:31:18.396] INF [device] 手动曝光档：ISO 532 快门 1/60s
[23:31:18.396] INF [session] 切模式：手动曝光已按快照重放（ISO 532）
[23:31:18.397] INF [device] 手动白平衡档：7048K（色调跟随当前值 -4）
[23:31:18.397] INF [session] 切模式：手动白平衡已按快照重放（7048K）
[23:31:18.397] INF [session] 切模式后档位复查（照片）：曝光=手动 / 白平衡=手动 / 对焦意图=手动 / EV=+0.0
[23:31:18.398] INF [session] 已加入麦克风输入
[23:31:18.416] INF [audio] 音频会话已激活（active=true category=AVAudioSessionCategoryPlayAndRecord mode=AVAudioSessionModeVideoRecording 48000Hz ch=1）
[23:31:18.417] INF [photo] Live Photo 采集 已开启
[23:31:18.586] DBG [preview] 点按对焦 view=(313,510) device=(0.66,0.31)
[23:31:18.586] DBG [ui] 对焦圆盘收起（点别处）
[23:31:18.586] DBG [ui] 手动对焦锁定中 + 对焦盘开着 → 点按仅测光（不解除手动档，防误触）
[23:31:18.912] INF [session] 切模式 commit 后瞬间档位：曝光=手动 / 白平衡=手动 / 快照=曝光手动·白平衡手动
[23:31:18.912] INF [photo] 照片编码格式：hvc1
[23:31:18.912] INF [device] 手动曝光档：ISO 853 快门 1/41s
[23:31:18.912] INF [session] 切模式：手动曝光已按快照重放（ISO 853）
[23:31:18.912] INF [device] 手动白平衡档：6310K（色调跟随当前值 -6）
[23:31:18.912] INF [session] 切模式：手动白平衡已按快照重放（6310K）
[23:31:18.913] INF [session] 切模式后档位复查（实况）：曝光=手动 / 白平衡=手动 / 对焦意图=手动 / EV=+0.0
[23:31:19.292] INF [session] 切模式 commit 后瞬间档位：曝光=手动 / 白平衡=手动 / 快照=曝光手动·白平衡手动
[23:31:19.292] DBG [photo] 视频：录制链路不挂照片输出，跳过照片模板准备
[23:31:19.292] INF [device] 手动曝光档：ISO 487 快门 1/60s
[23:31:19.292] INF [session] 切模式：手动曝光已按快照重放（ISO 487）
[23:31:19.292] INF [device] 手动白平衡档：5809K（色调跟随当前值 -6）
[23:31:19.292] INF [session] 切模式：手动白平衡已按快照重放（5809K）
[23:31:19.293] INF [session] 切模式后档位复查（视频）：曝光=手动 / 白平衡=手动 / 对焦意图=手动 / EV=+0.0
[23:31:19.639] INF [session] 切模式 commit 后瞬间档位：曝光=手动 / 白平衡=手动 / 快照=曝光手动·白平衡手动
[23:31:19.639] DBG [photo] 视频：录制链路不挂照片输出，跳过照片模板准备
[23:31:19.639] INF [device] 手动曝光档：ISO 192 快门 1/36s
[23:31:19.639] INF [session] 切模式：手动曝光已按快照重放（ISO 192）
[23:31:19.639] INF [device] 手动白平衡档：5634K（色调跟随当前值 -6）
[23:31:19.639] INF [session] 切模式：手动白平衡已按快照重放（5634K）
[23:31:19.640] INF [session] 切模式后档位复查（视频）：曝光=手动 / 白平衡=手动 / 对焦意图=手动 / EV=+0.0
[23:31:19.640] DBG [device] 点按测光（对焦已锁定，不动焦）→ (0.66, 0.31)
[23:31:20.098] INF [session] 换设备开始（模糊淡入中）→ 物理单摄（120 mm）
[23:31:20.963] INF [device] 格式已应用 Back Telephoto Camera 1920x1440 1-30fps 4:3 photoMax=1920x1440/4032x3024 fps=30
[23:31:20.966] INF [session] 选用采集格式 1920x1440 1-30fps 4:3 photoMax=1920x1440/4032x3024，Live Photo 能力=false（候选共 35 个，已缓存并落盘）
[23:31:20.966] INF [device] 手动曝光档：ISO 192 快门 1/36s
[23:31:20.966] INF [session] 搬运：手动曝光已重放（ISO 192）
[23:31:20.966] INF [device] 手动白平衡档：5633K（色调跟随当前值 -6）
[23:31:20.966] INF [session] 搬运：手动白平衡已重放（5633K）
[23:31:20.966] INF [session] 搬运：手动曝光档激活 → 跳过 EV 重放（值保留 +0.0，回自动档生效）
[23:31:20.966] INF [session] 搬运：对焦显式降级 → 连续自动（预检 ⑤）
[23:31:20.967] INF [session] 换设备后新设备档位复查：曝光=手动 / 白平衡=手动 / 对焦=自动（显式降级） / EV=+0.0
[23:31:20.968] INF [session] 换设备完成（转场）→ 物理单摄（120 mm）；当前档位 120 mm；Live Photo 能力=false
[23:31:21.109] INF [resource] 资源：模式 视频 · input 活 2 · output 活 1 · 内存 31.8MB
[23:31:22.015] INF [session] 换设备开始（模糊淡入中）→ 物理单摄（13 mm）
[23:31:22.699] INF [device] 格式已应用 Back Ultra Wide Camera 1920x1440 1-30fps 4:3 photoMax=1920x1440/4032x3024 fps=30
[23:31:22.700] INF [session] 选用采集格式 1920x1440 1-30fps 4:3 photoMax=1920x1440/4032x3024，Live Photo 能力=false（候选共 35 个，已缓存并落盘）
[23:31:22.700] INF [device] 手动曝光档：ISO 192 快门 1/36s
[23:31:22.700] INF [session] 搬运：手动曝光已重放（ISO 192）
[23:31:22.700] INF [device] 手动白平衡档：5633K（色调跟随当前值 -6）
[23:31:22.700] INF [session] 搬运：手动白平衡已重放（5633K）
[23:31:22.700] INF [session] 搬运：手动曝光档激活 → 跳过 EV 重放（值保留 +0.0，回自动档生效）
[23:31:22.700] INF [session] 搬运：对焦显式降级 → 连续自动（预检 ⑤）
[23:31:22.701] INF [session] 换设备后新设备档位复查：曝光=手动 / 白平衡=手动 / 对焦=自动（显式降级） / EV=+0.0
[23:31:22.701] INF [session] 换设备完成（转场）→ 物理单摄（13 mm）；当前档位 13 mm；Live Photo 能力=false
[23:31:23.545] DBG [ui] toast: Log 实况：当前录制 Log 视频，套用 LUT 导出实况照片在 P5 交付
[23:31:23.545] INF [session] 切换模式 视频 → Log 实况
[23:31:23.697] INF [session] 切模式 commit 后瞬间档位：曝光=手动 / 白平衡=手动 / 快照=曝光手动·白平衡手动
[23:31:23.697] DBG [photo] Log 实况：录制链路不挂照片输出，跳过照片模板准备
[23:31:23.698] INF [device] 手动曝光档：ISO 192 快门 1/36s
[23:31:23.698] INF [session] 切模式：手动曝光已按快照重放（ISO 192）
[23:31:23.698] INF [device] 手动白平衡档：5633K（色调跟随当前值 -6）
[23:31:23.698] INF [session] 切模式：手动白平衡已按快照重放（5633K）
[23:31:23.699] INF [session] 切模式后档位复查（Log 实况）：曝光=手动 / 白平衡=手动 / 对焦意图=自动 / EV=+0.0
[23:31:23.937] INF [session] 切换模式 Log 实况 → 实况
[23:31:23.940] INF [photo] Live Photo 采集 不被支持，已保持关闭
[23:31:24.095] INF [session] 切换模式 Log 实况 → 实况
[23:31:24.238] INF [session] 切模式 commit 后瞬间档位：曝光=手动 / 白平衡=手动 / 快照=曝光手动·白平衡手动
[23:31:24.238] INF [photo] 照片编码格式：hvc1
[23:31:24.239] INF [device] 手动曝光档：ISO 712 快门 1/31s
[23:31:24.239] INF [session] 切模式：手动曝光已按快照重放（ISO 712）
[23:31:24.239] INF [device] 手动白平衡档：5632K（色调跟随当前值 -6）
[23:31:24.239] INF [session] 切模式：手动白平衡已按快照重放（5632K）
[23:31:24.241] INF [session] 切模式后档位复查（实况）：曝光=手动 / 白平衡=手动 / 对焦意图=自动 / EV=+0.0
[23:31:24.244] INF [photo] Live Photo 采集 不被支持，已保持关闭
[23:31:24.412] INF [session] 切换模式 实况 → 照片
[23:31:24.465] INF [session] 切模式 commit 后瞬间档位：曝光=手动 / 白平衡=手动 / 快照=曝光手动·白平衡手动
[23:31:24.465] INF [photo] 照片编码格式：hvc1
[23:31:24.466] INF [device] 手动曝光档：ISO 348 快门 1/49s
[23:31:24.466] INF [session] 切模式：手动曝光已按快照重放（ISO 348）
[23:31:24.466] INF [device] 手动白平衡档：5632K（色调跟随当前值 -6）
[23:31:24.466] INF [session] 切模式：手动白平衡已按快照重放（5632K）
[23:31:24.469] INF [session] 切模式后档位复查（实况）：曝光=手动 / 白平衡=手动 / 对焦意图=自动 / EV=+0.0
[23:31:24.470] INF [session] 已移除麦克风输入
[23:31:24.546] INF [audio] 音频会话已释放
[23:31:24.558] INF [session] 切换模式 实况 → 照片
[23:31:24.665] INF [session] 切模式 commit 后瞬间档位：曝光=手动 / 白平衡=手动 / 快照=曝光手动·白平衡手动
[23:31:24.665] INF [photo] 照片编码格式：hvc1
[23:31:24.665] INF [device] 手动曝光档：ISO 808 快门 1/31s
[23:31:24.665] INF [session] 切模式：手动曝光已按快照重放（ISO 808）
[23:31:24.665] INF [device] 手动白平衡档：6947K（色调跟随当前值 -11）
[23:31:24.665] INF [session] 切模式：手动白平衡已按快照重放（6947K）
[23:31:24.666] INF [session] 切模式后档位复查（照片）：曝光=手动 / 白平衡=手动 / 对焦意图=自动 / EV=+0.0
[23:31:24.832] INF [session] 切模式 commit 后瞬间档位：曝光=手动 / 白平衡=手动 / 快照=曝光手动·白平衡手动
[23:31:24.833] INF [photo] 照片编码格式：hvc1
[23:31:24.833] INF [device] 手动曝光档：ISO 952 快门 1/31s
[23:31:24.833] INF [session] 切模式：手动曝光已按快照重放（ISO 952）
[23:31:24.833] INF [device] 手动白平衡档：6637K（色调跟随当前值 -12）
[23:31:24.833] INF [session] 切模式：手动白平衡已按快照重放（6637K）
[23:31:24.834] INF [session] 切模式后档位复查（照片）：曝光=手动 / 白平衡=手动 / 对焦意图=自动 / EV=+0.0
[23:31:26.067] DBG [ui] toast: Log 实况：当前录制 Log 视频，套用 LUT 导出实况照片在 P5 交付
[23:31:26.067] INF [session] 切换模式 照片 → Log 实况
[23:31:26.071] INF [session] 已加入麦克风输入
[23:31:26.109] INF [resource] 资源：模式 照片 · input 活 2 · output 活 1 · 内存 31.5MB
[23:31:26.165] INF [audio] 音频会话已激活（active=true category=AVAudioSessionCategoryPlayAndRecord mode=AVAudioSessionModeVideoRecording 48000Hz ch=1）
[23:31:26.250] DBG [ui] toast: Log 实况：当前录制 Log 视频，套用 LUT 导出实况照片在 P5 交付
[23:31:26.250] INF [session] 切换模式 照片 → Log 实况
[23:31:26.399] INF [session] 切模式 commit 后瞬间档位：曝光=手动 / 白平衡=手动 / 快照=曝光手动·白平衡手动
[23:31:26.399] DBG [photo] Log 实况：录制链路不挂照片输出，跳过照片模板准备
[23:31:26.399] INF [device] 手动曝光档：ISO 952 快门 1/31s
[23:31:26.399] INF [session] 切模式：手动曝光已按快照重放（ISO 952）
[23:31:26.399] INF [device] 手动白平衡档：6639K（色调跟随当前值 -12）
[23:31:26.399] INF [session] 切模式：手动白平衡已按快照重放（6639K）
[23:31:26.401] INF [session] 切模式后档位复查（Log 实况）：曝光=手动 / 白平衡=手动 / 对焦意图=自动 / EV=+0.0
[23:31:26.441] INF [session] 切换模式 Log 实况 → 视频
[23:31:26.583] INF [session] 切换模式 Log 实况 → 视频
[23:31:26.629] INF [session] 切模式 commit 后瞬间档位：曝光=手动 / 白平衡=手动 / 快照=曝光手动·白平衡手动
[23:31:26.629] DBG [photo] Log 实况：录制链路不挂照片输出，跳过照片模板准备
[23:31:26.629] INF [device] 手动曝光档：ISO 706 快门 1/49s
[23:31:26.629] INF [session] 切模式：手动曝光已按快照重放（ISO 706）
[23:31:26.629] INF [device] 手动白平衡档：6639K（色调跟随当前值 -12）
[23:31:26.629] INF [session] 切模式：手动白平衡已按快照重放（6639K）
[23:31:26.630] INF [session] 切模式后档位复查（Log 实况）：曝光=手动 / 白平衡=手动 / 对焦意图=自动 / EV=+0.0
[23:31:26.758] INF [session] 切换模式 Log 实况 → 视频
[23:31:26.796] INF [session] 切模式 commit 后瞬间档位：曝光=手动 / 白平衡=手动 / 快照=曝光手动·白平衡手动
[23:31:26.796] DBG [photo] 视频：录制链路不挂照片输出，跳过照片模板准备
[23:31:26.796] INF [device] 手动曝光档：ISO 795 快门 1/31s
[23:31:26.796] INF [session] 切模式：手动曝光已按快照重放（ISO 795）
[23:31:26.796] INF [device] 手动白平衡档：6431K（色调跟随当前值 -10）
[23:31:26.796] INF [session] 切模式：手动白平衡已按快照重放（6431K）
[23:31:26.797] INF [session] 切模式后档位复查（视频）：曝光=手动 / 白平衡=手动 / 对焦意图=自动 / EV=+0.0
[23:31:26.964] INF [session] 切模式 commit 后瞬间档位：曝光=手动 / 白平衡=手动 / 快照=曝光手动·白平衡手动
[23:31:26.964] DBG [photo] 视频：录制链路不挂照片输出，跳过照片模板准备
[23:31:26.964] INF [device] 手动曝光档：ISO 876 快门 1/31s
[23:31:26.964] INF [session] 切模式：手动曝光已按快照重放（ISO 876）
[23:31:26.964] INF [device] 手动白平衡档：6430K（色调跟随当前值 -12）
[23:31:26.964] INF [session] 切模式：手动白平衡已按快照重放（6430K）
[23:31:26.965] INF [session] 切模式后档位复查（视频）：曝光=手动 / 白平衡=手动 / 对焦意图=自动 / EV=+0.0
[23:31:27.091] DBG [ui] toast: Log 实况：当前录制 Log 视频，套用 LUT 导出实况照片在 P5 交付
[23:31:27.091] INF [session] 切换模式 视频 → Log 实况
[23:31:27.130] INF [session] 切模式 commit 后瞬间档位：曝光=手动 / 白平衡=手动 / 快照=曝光手动·白平衡手动
[23:31:27.130] DBG [photo] 视频：录制链路不挂照片输出，跳过照片模板准备
[23:31:27.130] INF [device] 手动曝光档：ISO 906 快门 1/31s
[23:31:27.130] INF [session] 切模式：手动曝光已按快照重放（ISO 906）
[23:31:27.130] INF [device] 手动白平衡档：6312K（色调跟随当前值 -15）
[23:31:27.130] INF [session] 切模式：手动白平衡已按快照重放（6312K）
[23:31:27.131] INF [session] 切模式后档位复查（视频）：曝光=手动 / 白平衡=手动 / 对焦意图=自动 / EV=+0.0
[23:31:27.258] INF [session] 切换模式 视频 → 实况
[23:31:27.297] INF [session] 切模式 commit 后瞬间档位：曝光=手动 / 白平衡=手动 / 快照=曝光手动·白平衡手动
[23:31:27.297] DBG [photo] Log 实况：录制链路不挂照片输出，跳过照片模板准备
[23:31:27.297] INF [device] 手动曝光档：ISO 922 快门 1/31s
[23:31:27.297] INF [session] 切模式：手动曝光已按快照重放（ISO 922）
[23:31:27.297] INF [device] 手动白平衡档：6194K（色调跟随当前值 -16）
[23:31:27.297] INF [session] 切模式：手动白平衡已按快照重放（6194K）
[23:31:27.298] INF [session] 切模式后档位复查（Log 实况）：曝光=手动 / 白平衡=手动 / 对焦意图=自动 / EV=+0.0
[23:31:27.299] INF [photo] Live Photo 采集 不被支持，已保持关闭
[23:31:27.412] INF [session] 切换模式 Log 实况 → 实况
[23:31:27.562] INF [session] 切换模式 Log 实况 → 实况
[23:31:27.667] INF [session] 切模式 commit 后瞬间档位：曝光=手动 / 白平衡=手动 / 快照=曝光手动·白平衡手动
[23:31:27.667] INF [photo] 照片编码格式：hvc1
[23:31:27.667] INF [device] 手动曝光档：ISO 943 快门 1/31s
[23:31:27.667] INF [session] 切模式：手动曝光已按快照重放（ISO 943）
[23:31:27.668] INF [device] 手动白平衡档：6081K（色调跟随当前值 -18）
[23:31:27.668] INF [session] 切模式：手动白平衡已按快照重放（6081K）
[23:31:27.669] INF [session] 切模式后档位复查（实况）：曝光=手动 / 白平衡=手动 / 对焦意图=自动 / EV=+0.0
[23:31:27.670] INF [photo] Live Photo 采集 不被支持，已保持关闭
[23:31:27.729] INF [session] 切换模式 实况 → 照片
[23:31:27.862] INF [session] 切模式 commit 后瞬间档位：曝光=手动 / 白平衡=手动 / 快照=曝光手动·白平衡手动
[23:31:27.862] INF [photo] 照片编码格式：hvc1
[23:31:27.863] INF [device] 手动曝光档：ISO 460 快门 1/49s
[23:31:27.863] INF [session] 切模式：手动曝光已按快照重放（ISO 460）
[23:31:27.863] INF [device] 手动白平衡档：5973K（色调跟随当前值 -20）
[23:31:27.863] INF [session] 切模式：手动白平衡已按快照重放（5973K）
[23:31:27.864] INF [session] 切模式后档位复查（实况）：曝光=手动 / 白平衡=手动 / 对焦意图=自动 / EV=+0.0
[23:31:27.865] INF [photo] Live Photo 采集 不被支持，已保持关闭
[23:31:28.030] INF [session] 切模式 commit 后瞬间档位：曝光=手动 / 白平衡=手动 / 快照=曝光手动·白平衡手动
[23:31:28.030] INF [photo] 照片编码格式：hvc1
[23:31:28.030] INF [device] 手动曝光档：ISO 1182 快门 1/49s
[23:31:28.030] INF [session] 切模式：手动曝光已按快照重放（ISO 1182）
[23:31:28.030] INF [device] 手动白平衡档：6540K（色调跟随当前值 -18）
[23:31:28.030] INF [session] 切模式：手动白平衡已按快照重放（6540K）
[23:31:28.031] INF [session] 切模式后档位复查（实况）：曝光=手动 / 白平衡=手动 / 对焦意图=自动 / EV=+0.0
[23:31:28.032] INF [session] 已移除麦克风输入
[23:31:28.108] INF [audio] 音频会话已释放
[23:31:28.147] DBG [ui] toast: Log 实况：当前录制 Log 视频，套用 LUT 导出实况照片在 P5 交付
[23:31:28.147] INF [session] 切换模式 实况 → Log 实况
[23:31:28.263] INF [session] 切模式 commit 后瞬间档位：曝光=手动 / 白平衡=手动 / 快照=曝光手动·白平衡手动
[23:31:28.263] INF [photo] 照片编码格式：hvc1
[23:31:28.263] INF [device] 手动曝光档：ISO 859 快门 1/31s
[23:31:28.263] INF [session] 切模式：手动曝光已按快照重放（ISO 859）
[23:31:28.263] INF [device] 手动白平衡档：6641K（色调跟随当前值 -18）
[23:31:28.263] INF [session] 切模式：手动白平衡已按快照重放（6641K）
[23:31:28.264] INF [session] 切模式后档位复查（照片）：曝光=手动 / 白平衡=手动 / 对焦意图=自动 / EV=+0.0
[23:31:28.265] INF [session] 已加入麦克风输入
[23:31:28.272] DBG [ui] toast: Log 实况：当前录制 Log 视频，套用 LUT 导出实况照片在 P5 交付
[23:31:28.272] INF [session] 切换模式 照片 → Log 实况
[23:31:28.337] INF [audio] 音频会话已激活（active=true category=AVAudioSessionCategoryPlayAndRecord mode=AVAudioSessionModeVideoRecording 48000Hz ch=1）
[23:31:28.438] INF [session] 切换模式 照片 → 视频
[23:31:28.596] INF [session] 切模式 commit 后瞬间档位：曝光=手动 / 白平衡=手动 / 快照=曝光手动·白平衡手动
[23:31:28.596] DBG [photo] Log 实况：录制链路不挂照片输出，跳过照片模板准备
[23:31:28.596] INF [device] 手动曝光档：ISO 1202 快门 1/49s
[23:31:28.596] INF [session] 切模式：手动曝光已按快照重放（ISO 1202）
[23:31:28.596] INF [device] 手动白平衡档：6163K（色调跟随当前值 -20）
[23:31:28.596] INF [session] 切模式：手动白平衡已按快照重放（6163K）
[23:31:28.598] INF [session] 切模式后档位复查（Log 实况）：曝光=手动 / 白平衡=手动 / 对焦意图=自动 / EV=+0.0
[23:31:28.632] INF [session] 切换模式 Log 实况 → 视频
[23:31:28.747] INF [session] 切换模式 Log 实况 → 视频
[23:31:28.825] INF [session] 切模式 commit 后瞬间档位：曝光=手动 / 白平衡=手动 / 快照=曝光手动·白平衡手动
[23:31:28.825] DBG [photo] Log 实况：录制链路不挂照片输出，跳过照片模板准备
[23:31:28.825] INF [device] 手动曝光档：ISO 646 快门 1/49s
[23:31:28.825] INF [session] 切模式：手动曝光已按快照重放（ISO 646）
[23:31:28.825] INF [device] 手动白平衡档：6164K（色调跟随当前值 -20）
[23:31:28.825] INF [session] 切模式：手动白平衡已按快照重放（6164K）
[23:31:28.826] INF [session] 切模式后档位复查（Log 实况）：曝光=手动 / 白平衡=手动 / 对焦意图=自动 / EV=+0.0
[23:31:28.993] INF [session] 切模式 commit 后瞬间档位：曝光=手动 / 白平衡=手动 / 快照=曝光手动·白平衡手动
[23:31:28.993] DBG [photo] 视频：录制链路不挂照片输出，跳过照片模板准备
[23:31:28.993] INF [device] 手动曝光档：ISO 844 快门 1/31s
[23:31:28.993] INF [session] 切模式：手动曝光已按快照重放（ISO 844）
[23:31:28.993] INF [device] 手动白平衡档：6165K（色调跟随当前值 -19）
[23:31:28.993] INF [session] 切模式：手动白平衡已按快照重放（6165K）
[23:31:28.994] INF [session] 切模式后档位复查（视频）：曝光=手动 / 白平衡=手动 / 对焦意图=自动 / EV=+0.0
[23:31:29.071] DBG [ui] toast: Log 实况：当前录制 Log 视频，套用 LUT 导出实况照片在 P5 交付
[23:31:29.071] INF [session] 切换模式 视频 → Log 实况
[23:31:29.124] INF [session] 切模式 commit 后瞬间档位：曝光=手动 / 白平衡=手动 / 快照=曝光手动·白平衡手动
[23:31:29.124] DBG [photo] 视频：录制链路不挂照片输出，跳过照片模板准备
[23:31:29.124] INF [device] 手动曝光档：ISO 930 快门 1/31s
[23:31:29.125] INF [session] 切模式：手动曝光已按快照重放（ISO 930）
[23:31:29.125] INF [device] 手动白平衡档：6054K（色调跟随当前值 -20）
[23:31:29.125] INF [session] 切模式：手动白平衡已按快照重放（6054K）
[23:31:29.125] INF [session] 切模式后档位复查（视频）：曝光=手动 / 白平衡=手动 / 对焦意图=自动 / EV=+0.0
[23:31:29.237] INF [session] 切换模式 视频 → 实况
[23:31:29.329] INF [session] 切模式 commit 后瞬间档位：曝光=手动 / 白平衡=手动 / 快照=曝光手动·白平衡手动
[23:31:29.329] DBG [photo] 视频：录制链路不挂照片输出，跳过照片模板准备
[23:31:29.330] INF [device] 手动曝光档：ISO 961 快门 1/31s
[23:31:29.330] INF [session] 切模式：手动曝光已按快照重放（ISO 961）
[23:31:29.330] INF [device] 手动白平衡档：5947K（色调跟随当前值 -21）
[23:31:29.330] INF [session] 切模式：手动白平衡已按快照重放（5947K）
[23:31:29.330] INF [session] 切模式后档位复查（视频）：曝光=手动 / 白平衡=手动 / 对焦意图=自动 / EV=+0.0
[23:31:29.392] INF [session] 切换模式 视频 → 照片
[23:31:29.526] INF [session] 切模式 commit 后瞬间档位：曝光=手动 / 白平衡=手动 / 快照=曝光手动·白平衡手动
[23:31:29.526] DBG [photo] Log 实况：录制链路不挂照片输出，跳过照片模板准备
[23:31:29.526] INF [device] 手动曝光档：ISO 930 快门 1/31s
[23:31:29.526] INF [session] 切模式：手动曝光已按快照重放（ISO 930）
[23:31:29.526] INF [device] 手动白平衡档：5924K（色调跟随当前值 -18）
[23:31:29.526] INF [session] 切模式：手动白平衡已按快照重放（5924K）
[23:31:29.527] INF [session] 切模式后档位复查（Log 实况）：曝光=手动 / 白平衡=手动 / 对焦意图=自动 / EV=+0.0
[23:31:29.528] INF [photo] Live Photo 采集 不被支持，已保持关闭
[23:31:29.550] INF [session] 切换模式 Log 实况 → 照片
[23:31:29.696] INF [session] 切换模式 Log 实况 → 照片
[23:31:29.984] INF [session] 切模式 commit 后瞬间档位：曝光=手动 / 白平衡=手动 / 快照=曝光手动·白平衡手动
[23:31:29.984] INF [photo] 照片编码格式：hvc1
[23:31:29.984] INF [device] 手动曝光档：ISO 955 快门 1/31s
[23:31:29.984] INF [session] 切模式：手动曝光已按快照重放（ISO 955）
[23:31:29.985] INF [device] 手动白平衡档：5815K（色调跟随当前值 -21）
[23:31:29.985] INF [session] 切模式：手动白平衡已按快照重放（5815K）
[23:31:29.987] INF [session] 切模式后档位复查（实况）：曝光=手动 / 白平衡=手动 / 对焦意图=自动 / EV=+0.0
[23:31:29.988] INF [session] 已移除麦克风输入
[23:31:30.071] INF [audio] 音频会话已释放
[23:31:30.096] DBG [ui] toast: Log 实况：当前录制 Log 视频，套用 LUT 导出实况照片在 P5 交付
[23:31:30.105] INF [session] 切换模式 实况 → Log 实况
[23:31:30.188] DBG [ui] toast: Log 实况：当前录制 Log 视频，套用 LUT 导出实况照片在 P5 交付
[23:31:30.188] INF [session] 切换模式 实况 → Log 实况
[23:31:30.209] INF [session] 切模式 commit 后瞬间档位：曝光=手动 / 白平衡=手动 / 快照=曝光手动·白平衡手动
[23:31:30.209] INF [photo] 照片编码格式：hvc1
[23:31:30.210] INF [device] 手动曝光档：ISO 473 快门 1/49s
[23:31:30.210] INF [session] 切模式：手动曝光已按快照重放（ISO 473）
[23:31:30.210] INF [device] 手动白平衡档：5811K（色调跟随当前值 -22）
[23:31:30.210] INF [session] 切模式：手动白平衡已按快照重放（5811K）
[23:31:30.210] INF [session] 切模式后档位复查（照片）：曝光=手动 / 白平衡=手动 / 对焦意图=自动 / EV=+0.0
[23:31:30.354] INF [session] 切换模式 照片 → 视频
[23:31:30.412] INF [session] 切模式 commit 后瞬间档位：曝光=手动 / 白平衡=手动 / 快照=曝光手动·白平衡手动
[23:31:30.412] INF [photo] 照片编码格式：hvc1
[23:31:30.412] INF [device] 手动曝光档：ISO 813 快门 1/31s
[23:31:30.412] INF [session] 切模式：手动曝光已按快照重放（ISO 813）
[23:31:30.412] INF [device] 手动白平衡档：6484K（色调跟随当前值 -19）
[23:31:30.412] INF [session] 切模式：手动白平衡已按快照重放（6484K）
[23:31:30.413] INF [session] 切模式后档位复查（照片）：曝光=手动 / 白平衡=手动 / 对焦意图=自动 / EV=+0.0
[23:31:30.525] INF [session] 切换模式 照片 → 视频
[23:31:30.577] INF [session] 切模式 commit 后瞬间档位：曝光=手动 / 白平衡=手动 / 快照=曝光手动·白平衡手动
[23:31:30.578] INF [photo] 照片编码格式：hvc1
[23:31:30.578] INF [device] 手动曝光档：ISO 933 快门 1/31s
[23:31:30.578] INF [session] 切模式：手动曝光已按快照重放（ISO 933）
[23:31:30.578] INF [device] 手动白平衡档：6796K（色调跟随当前值 -18）
[23:31:30.578] INF [session] 切模式：手动白平衡已按快照重放（6796K）
[23:31:30.579] INF [session] 切模式后档位复查（照片）：曝光=手动 / 白平衡=手动 / 对焦意图=自动 / EV=+0.0
[23:31:30.579] INF [session] 已加入麦克风输入
[23:31:30.607] INF [audio] 音频会话已激活（active=true category=AVAudioSessionCategoryPlayAndRecord mode=AVAudioSessionModeVideoRecording 48000Hz ch=1）
[23:31:30.710] INF [session] 切换模式 照片 → 视频
[23:31:30.890] INF [session] 切模式 commit 后瞬间档位：曝光=手动 / 白平衡=手动 / 快照=曝光手动·白平衡手动
[23:31:30.891] DBG [photo] Log 实况：录制链路不挂照片输出，跳过照片模板准备
[23:31:30.891] INF [device] 手动曝光档：ISO 965 快门 1/31s
[23:31:30.891] INF [session] 切模式：手动曝光已按快照重放（ISO 965）
[23:31:30.891] INF [device] 手动白平衡档：6483K（色调跟随当前值 -19）
[23:31:30.891] INF [session] 切模式：手动白平衡已按快照重放（6483K）
[23:31:30.893] INF [session] 切模式后档位复查（Log 实况）：曝光=手动 / 白平衡=手动 / 对焦意图=自动 / EV=+0.0
[23:31:31.086] INF [session] 切模式 commit 后瞬间档位：曝光=手动 / 白平衡=手动 / 快照=曝光手动·白平衡手动
[23:31:31.086] DBG [photo] Log 实况：录制链路不挂照片输出，跳过照片模板准备
[23:31:31.086] INF [device] 手动曝光档：ISO 663 快门 1/49s
[23:31:31.086] INF [session] 切模式：手动曝光已按快照重放（ISO 663）
[23:31:31.087] INF [device] 手动白平衡档：6243K（色调跟随当前值 -20）
[23:31:31.087] INF [session] 切模式：手动白平衡已按快照重放（6243K）
[23:31:31.087] INF [session] 切模式后档位复查（Log 实况）：曝光=手动 / 白平衡=手动 / 对焦意图=自动 / EV=+0.0
[23:31:31.131] INF [resource] 资源：模式 Log 实况 · input 活 2 · output 活 1 · 内存 32.1MB
[23:31:31.254] INF [session] 切模式 commit 后瞬间档位：曝光=手动 / 白平衡=手动 / 快照=曝光手动·白平衡手动
[23:31:31.254] DBG [photo] 视频：录制链路不挂照片输出，跳过照片模板准备
[23:31:31.254] INF [device] 手动曝光档：ISO 1327 快门 1/49s
[23:31:31.254] INF [session] 切模式：手动曝光已按快照重放（ISO 1327）
[23:31:31.254] INF [device] 手动白平衡档：6361K（色调跟随当前值 -20）
[23:31:31.254] INF [session] 切模式：手动白平衡已按快照重放（6361K）
[23:31:31.255] INF [session] 切模式后档位复查（视频）：曝光=手动 / 白平衡=手动 / 对焦意图=自动 / EV=+0.0
[23:31:31.413] INF [session] 切换模式 视频 → 实况
[23:31:31.420] INF [session] 切模式 commit 后瞬间档位：曝光=手动 / 白平衡=手动 / 快照=曝光手动·白平衡手动
[23:31:31.420] DBG [photo] 视频：录制链路不挂照片输出，跳过照片模板准备
[23:31:31.420] INF [device] 手动曝光档：ISO 939 快门 1/31s
[23:31:31.420] INF [session] 切模式：手动曝光已按快照重放（ISO 939）
[23:31:31.420] INF [device] 手动白平衡档：6128K（色调跟随当前值 -20）
[23:31:31.420] INF [session] 切模式：手动白平衡已按快照重放（6128K）
[23:31:31.421] INF [session] 切模式后档位复查（视频）：曝光=手动 / 白平衡=手动 / 对焦意图=自动 / EV=+0.0
[23:31:31.563] INF [session] 切换模式 视频 → 实况
[23:31:31.587] INF [session] 切模式 commit 后瞬间档位：曝光=手动 / 白平衡=手动 / 快照=曝光手动·白平衡手动
[23:31:31.587] DBG [photo] 视频：录制链路不挂照片输出，跳过照片模板准备
[23:31:31.587] INF [device] 手动曝光档：ISO 966 快门 1/31s
[23:31:31.587] INF [session] 切模式：手动曝光已按快照重放（ISO 966）
[23:31:31.587] INF [device] 手动白平衡档：6018K（色调跟随当前值 -21）
[23:31:31.587] INF [session] 切模式：手动白平衡已按快照重放（6018K）
[23:31:31.588] INF [session] 切模式后档位复查（视频）：曝光=手动 / 白平衡=手动 / 对焦意图=自动 / EV=+0.0
[23:31:31.589] INF [photo] Live Photo 采集 不被支持，已保持关闭
[23:31:31.796] INF [session] 切换模式 视频 → 照片
[23:31:31.946] INF [session] 切模式 commit 后瞬间档位：曝光=手动 / 白平衡=手动 / 快照=曝光手动·白平衡手动
[23:31:31.947] INF [session] 切换模式 视频 → 照片
[23:31:31.948] INF [photo] 照片编码格式：hvc1
[23:31:31.949] INF [device] 手动曝光档：ISO 992 快门 1/31s
[23:31:31.949] INF [session] 切模式：手动曝光已按快照重放（ISO 992）
[23:31:31.949] INF [device] 手动白平衡档：5913K（色调跟随当前值 -21）
[23:31:31.949] INF [session] 切模式：手动白平衡已按快照重放（5913K）
[23:31:31.951] INF [session] 切模式后档位复查（实况）：曝光=手动 / 白平衡=手动 / 对焦意图=自动 / EV=+0.0
[23:31:31.952] INF [photo] Live Photo 采集 不被支持，已保持关闭
[23:31:32.209] INF [session] 切模式 commit 后瞬间档位：曝光=手动 / 白平衡=手动 / 快照=曝光手动·白平衡手动
[23:31:32.209] INF [photo] 照片编码格式：hvc1
[23:31:32.210] INF [device] 手动曝光档：ISO 476 快门 1/49s
[23:31:32.210] INF [session] 切模式：手动曝光已按快照重放（ISO 476）
[23:31:32.210] INF [device] 手动白平衡档：5913K（色调跟随当前值 -21）
[23:31:32.210] INF [session] 切模式：手动白平衡已按快照重放（5913K）
[23:31:32.212] INF [session] 切模式后档位复查（实况）：曝光=手动 / 白平衡=手动 / 对焦意图=自动 / EV=+0.0
[23:31:32.213] INF [session] 已移除麦克风输入
[23:31:32.294] INF [audio] 音频会话已释放
[23:31:32.346] DBG [ui] toast: Log 实况：当前录制 Log 视频，套用 LUT 导出实况照片在 P5 交付
[23:31:32.347] INF [session] 切换模式 实况 → Log 实况
[23:31:32.442] INF [session] 切模式 commit 后瞬间档位：曝光=手动 / 白平衡=手动 / 快照=曝光手动·白平衡手动
[23:31:32.442] INF [photo] 照片编码格式：hvc1
[23:31:32.442] INF [device] 手动曝光档：ISO 920 快门 1/31s
[23:31:32.442] INF [session] 切模式：手动曝光已按快照重放（ISO 920）
[23:31:32.443] INF [device] 手动白平衡档：6691K（色调跟随当前值 -19）
[23:31:32.443] INF [session] 切模式：手动白平衡已按快照重放（6691K）
[23:31:32.443] INF [session] 切模式后档位复查（照片）：曝光=手动 / 白平衡=手动 / 对焦意图=自动 / EV=+0.0
[23:31:32.530] DBG [ui] toast: Log 实况：当前录制 Log 视频，套用 LUT 导出实况照片在 P5 交付
[23:31:32.530] INF [session] 切换模式 照片 → Log 实况
[23:31:32.676] INF [session] 切模式 commit 后瞬间档位：曝光=手动 / 白平衡=手动 / 快照=曝光手动·白平衡手动
[23:31:32.677] INF [photo] 照片编码格式：hvc1
[23:31:32.677] INF [device] 手动曝光档：ISO 988 快门 1/31s
[23:31:32.677] INF [session] 切模式：手动曝光已按快照重放（ISO 988）
[23:31:32.678] INF [device] 手动白平衡档：6484K（色调跟随当前值 -20）
[23:31:32.678] INF [session] 切模式：手动白平衡已按快照重放（6484K）
[23:31:32.678] INF [session] 切模式后档位复查（照片）：曝光=手动 / 白平衡=手动 / 对焦意图=自动 / EV=+0.0
[23:31:32.680] INF [session] 已加入麦克风输入
[23:31:32.709] INF [audio] 音频会话已激活（active=true category=AVAudioSessionCategoryPlayAndRecord mode=AVAudioSessionModeVideoRecording 48000Hz ch=1）
[23:31:32.718] INF [session] 切换模式 照片 → 视频
[23:31:32.863] INF [session] 切换模式 照片 → 视频
[23:31:32.952] INF [session] 切模式 commit 后瞬间档位：曝光=手动 / 白平衡=手动 / 快照=曝光手动·白平衡手动
[23:31:32.952] DBG [photo] Log 实况：录制链路不挂照片输出，跳过照片模板准备
[23:31:32.952] INF [device] 手动曝光档：ISO 1022 快门 1/31s
[23:31:32.952] INF [session] 切模式：手动曝光已按快照重放（ISO 1022）
[23:31:32.953] INF [device] 手动白平衡档：6127K（色调跟随当前值 -21）
[23:31:32.953] INF [session] 切模式：手动白平衡已按快照重放（6127K）
[23:31:32.953] INF [session] 切模式后档位复查（Log 实况）：曝光=手动 / 白平衡=手动 / 对焦意图=自动 / EV=+0.0
[23:31:33.046] INF [session] 切换模式 Log 实况 → 视频
[23:31:33.146] INF [session] 切模式 commit 后瞬间档位：曝光=手动 / 白平衡=手动 / 快照=曝光手动·白平衡手动
[23:31:33.146] DBG [photo] Log 实况：录制链路不挂照片输出，跳过照片模板准备
[23:31:33.146] INF [device] 手动曝光档：ISO 691 快门 1/49s
[23:31:33.146] INF [session] 切模式：手动曝光已按快照重放（ISO 691）
[23:31:33.146] INF [device] 手动白平衡档：6126K（色调跟随当前值 -21）
[23:31:33.147] INF [session] 切模式：手动白平衡已按快照重放（6126K）
[23:31:33.147] INF [session] 切模式后档位复查（Log 实况）：曝光=手动 / 白平衡=手动 / 对焦意图=自动 / EV=+0.0
[23:31:33.317] INF [session] 切模式 commit 后瞬间档位：曝光=手动 / 白平衡=手动 / 快照=曝光手动·白平衡手动
[23:31:33.317] DBG [photo] 视频：录制链路不挂照片输出，跳过照片模板准备
[23:31:33.317] INF [device] 手动曝光档：ISO 1428 快门 1/49s
[23:31:33.317] INF [session] 切模式：手动曝光已按快照重放（ISO 1428）
[23:31:33.317] INF [device] 手动白平衡档：6483K（色调跟随当前值 -21）
[23:31:33.317] INF [session] 切模式：手动白平衡已按快照重放（6483K）
[23:31:33.318] INF [session] 切模式后档位复查（视频）：曝光=手动 / 白平衡=手动 / 对焦意图=自动 / EV=+0.0
[23:31:33.380] DBG [ui] toast: Log 实况：当前录制 Log 视频，套用 LUT 导出实况照片在 P5 交付
[23:31:33.380] INF [session] 切换模式 视频 → Log 实况
[23:31:33.450] INF [session] 切模式 commit 后瞬间档位：曝光=手动 / 白平衡=手动 / 快照=曝光手动·白平衡手动
[23:31:33.450] DBG [photo] 视频：录制链路不挂照片输出，跳过照片模板准备
[23:31:33.450] INF [device] 手动曝光档：ISO 938 快门 1/31s
[23:31:33.450] INF [session] 切模式：手动曝光已按快照重放（ISO 938）
[23:31:33.450] INF [device] 手动白平衡档：6359K（色调跟随当前值 -21）
[23:31:33.450] INF [session] 切模式：手动白平衡已按快照重放（6359K）
[23:31:33.451] INF [session] 切模式后档位复查（视频）：曝光=手动 / 白平衡=手动 / 对焦意图=自动 / EV=+0.0
[23:31:33.559] INF [session] 切换模式 视频 → 实况
[23:31:33.647] INF [session] 切模式 commit 后瞬间档位：曝光=手动 / 白平衡=手动 / 快照=曝光手动·白平衡手动
[23:31:33.647] DBG [photo] 视频：录制链路不挂照片输出，跳过照片模板准备
[23:31:33.647] INF [device] 手动曝光档：ISO 973 快门 1/31s
[23:31:33.647] INF [session] 切模式：手动曝光已按快照重放（ISO 973）
[23:31:33.647] INF [device] 手动白平衡档：6239K（色调跟随当前值 -21）
[23:31:33.647] INF [session] 切模式：手动白平衡已按快照重放（6239K）
[23:31:33.648] INF [session] 切模式后档位复查（视频）：曝光=手动 / 白平衡=手动 / 对焦意图=自动 / EV=+0.0
[23:31:33.709] INF [session] 切换模式 视频 → 实况
[23:31:33.845] INF [session] 切模式 commit 后瞬间档位：曝光=手动 / 白平衡=手动 / 快照=曝光手动·白平衡手动
[23:31:33.846] DBG [photo] Log 实况：录制链路不挂照片输出，跳过照片模板准备
[23:31:33.846] INF [device] 手动曝光档：ISO 999 快门 1/31s
[23:31:33.846] INF [session] 切模式：手动曝光已按快照重放（ISO 999）
[23:31:33.846] INF [device] 手动白平衡档：6016K（色调跟随当前值 -22）
[23:31:33.846] INF [session] 切模式：手动白平衡已按快照重放（6016K）
[23:31:33.847] INF [session] 切模式后档位复查（Log 实况）：曝光=手动 / 白平衡=手动 / 对焦意图=自动 / EV=+0.0
[23:31:33.847] INF [photo] Live Photo 采集 不被支持，已保持关闭
[23:31:33.997] INF [session] 切换模式 Log 实况 → 照片
[23:31:34.159] INF [session] 切模式 commit 后瞬间档位：曝光=手动 / 白平衡=手动 / 快照=曝光手动·白平衡手动
[23:31:34.159] INF [session] 切换模式 Log 实况 → 照片
[23:31:34.159] INF [photo] 照片编码格式：hvc1
[23:31:34.160] INF [device] 手动曝光档：ISO 1022 快门 1/31s
[23:31:34.160] INF [session] 切模式：手动曝光已按快照重放（ISO 1022）
[23:31:34.160] INF [device] 手动白平衡档：5911K（色调跟随当前值 -22）
[23:31:34.160] INF [session] 切模式：手动白平衡已按快照重放（5911K）
[23:31:34.162] INF [session] 切模式后档位复查（实况）：曝光=手动 / 白平衡=手动 / 对焦意图=自动 / EV=+0.0
[23:31:34.164] INF [photo] Live Photo 采集 不被支持，已保持关闭
[23:31:34.391] INF [session] 切模式 commit 后瞬间档位：曝光=手动 / 白平衡=手动 / 快照=曝光手动·白平衡手动
[23:31:34.391] INF [photo] 照片编码格式：hvc1
[23:31:34.392] INF [device] 手动曝光档：ISO 467 快门 1/49s
[23:31:34.392] INF [session] 切模式：手动曝光已按快照重放（ISO 467）
[23:31:34.392] INF [device] 手动白平衡档：5811K（色调跟随当前值 -22）
[23:31:34.392] INF [session] 切模式：手动白平衡已按快照重放（5811K）
[23:31:34.394] INF [session] 切模式后档位复查（实况）：曝光=手动 / 白平衡=手动 / 对焦意图=自动 / EV=+0.0
[23:31:34.394] INF [session] 已移除麦克风输入
[23:31:34.478] INF [audio] 音频会话已释放
[23:31:34.510] DBG [ui] toast: Log 实况：当前录制 Log 视频，套用 LUT 导出实况照片在 P5 交付
[23:31:34.510] INF [session] 切换模式 实况 → Log 实况
[23:31:34.622] INF [session] 切模式 commit 后瞬间档位：曝光=手动 / 白平衡=手动 / 快照=曝光手动·白平衡手动
[23:31:34.622] INF [photo] 照片编码格式：hvc1
[23:31:34.622] INF [device] 手动曝光档：ISO 824 快门 1/31s
[23:31:34.622] INF [session] 切模式：手动曝光已按快照重放（ISO 824）
[23:31:34.622] INF [device] 手动白平衡档：6484K（色调跟随当前值 -19）
[23:31:34.622] INF [session] 切模式：手动白平衡已按快照重放（6484K）
[23:31:34.624] INF [session] 切模式后档位复查（照片）：曝光=手动 / 白平衡=手动 / 对焦意图=自动 / EV=+0.0
[23:31:34.672] INF [session] 切换模式 照片 → 视频
[23:31:34.838] INF [session] 切换模式 照片 → 视频
[23:31:34.855] INF [session] 切模式 commit 后瞬间档位：曝光=手动 / 白平衡=手动 / 快照=曝光手动·白平衡手动
[23:31:34.855] INF [photo] 照片编码格式：hvc1
[23:31:34.855] INF [device] 手动曝光档：ISO 875 快门 1/31s
[23:31:34.855] INF [session] 切模式：手动曝光已按快照重放（ISO 875）
[23:31:34.856] INF [device] 手动白平衡档：6688K（色调跟随当前值 -17）
[23:31:34.856] INF [session] 切模式：手动白平衡已按快照重放（6688K）
[23:31:34.857] INF [session] 切模式后档位复查（照片）：曝光=手动 / 白平衡=手动 / 对焦意图=自动 / EV=+0.0
[23:31:34.858] INF [session] 已加入麦克风输入
[23:31:34.913] INF [audio] 音频会话已激活（active=true category=AVAudioSessionCategoryPlayAndRecord mode=AVAudioSessionModeVideoRecording 48000Hz ch=1）
[23:31:35.022] DBG [ui] toast: Log 实况：当前录制 Log 视频，套用 LUT 导出实况照片在 P5 交付
[23:31:35.022] INF [session] 切换模式 照片 → Log 实况
[23:31:35.196] INF [session] 切模式 commit 后瞬间档位：曝光=手动 / 白平衡=手动 / 快照=曝光手动·白平衡手动
[23:31:35.196] DBG [photo] Log 实况：录制链路不挂照片输出，跳过照片模板准备
[23:31:35.196] INF [device] 手动曝光档：ISO 813 快门 1/31s
[23:31:35.196] INF [session] 切模式：手动曝光已按快照重放（ISO 813）
[23:31:35.196] INF [device] 手动白平衡档：6032K（色调跟随当前值 -16）
[23:31:35.196] INF [session] 切模式：手动白平衡已按快照重放（6032K）
[23:31:35.197] INF [session] 切模式后档位复查（Log 实况）：曝光=手动 / 白平衡=手动 / 对焦意图=自动 / EV=+0.0
[23:31:35.359] INF [session] 切模式 commit 后瞬间档位：曝光=手动 / 白平衡=手动 / 快照=曝光手动·白平衡手动
[23:31:35.359] DBG [photo] 视频：录制链路不挂照片输出，跳过照片模板准备
[23:31:35.359] INF [device] 手动曝光档：ISO 338 快门 1/49s
[23:31:35.359] INF [session] 切模式：手动曝光已按快照重放（ISO 338）
[23:31:35.359] INF [device] 手动白平衡档：5738K（色调跟随当前值 -17）
[23:31:35.359] INF [session] 切模式：手动白平衡已按快照重放（5738K）
[23:31:35.360] INF [session] 切模式后档位复查（视频）：曝光=手动 / 白平衡=手动 / 对焦意图=自动 / EV=+0.0
[23:31:35.406] DBG [ui] toast: Log 实况：当前录制 Log 视频，套用 LUT 导出实况照片在 P5 交付
[23:31:35.406] INF [session] 切换模式 视频 → Log 实况
[23:31:35.559] INF [session] 切模式 commit 后瞬间档位：曝光=手动 / 白平衡=手动 / 快照=曝光手动·白平衡手动
[23:31:35.559] DBG [photo] 视频：录制链路不挂照片输出，跳过照片模板准备
[23:31:35.559] INF [device] 手动曝光档：ISO 643 快门 1/49s
[23:31:35.559] INF [session] 切模式：手动曝光已按快照重放（ISO 643）
[23:31:35.559] INF [device] 手动白平衡档：5744K（色调跟随当前值 -15）
[23:31:35.559] INF [session] 切模式：手动白平衡已按快照重放（5744K）
[23:31:35.560] INF [session] 切模式后档位复查（视频）：曝光=手动 / 白平衡=手动 / 对焦意图=自动 / EV=+0.0
[23:31:35.603] INF [session] 切换模式 视频 → 实况
[23:31:35.759] INF [session] 切换模式 视频 → 实况
[23:31:35.761] INF [session] 切模式 commit 后瞬间档位：曝光=手动 / 白平衡=手动 / 快照=曝光手动·白平衡手动
[23:31:35.761] DBG [photo] Log 实况：录制链路不挂照片输出，跳过照片模板准备
[23:31:35.761] INF [device] 手动曝光档：ISO 762 快门 1/49s
[23:31:35.761] INF [session] 切模式：手动曝光已按快照重放（ISO 762）
[23:31:35.762] INF [device] 手动白平衡档：5399K（色调跟随当前值 -15）
[23:31:35.762] INF [session] 切模式：手动白平衡已按快照重放（5399K）
[23:31:35.763] INF [session] 切模式后档位复查（Log 实况）：曝光=手动 / 白平衡=手动 / 对焦意图=自动 / EV=+0.0
[23:31:35.959] INF [session] 切换模式 Log 实况 → 视频
[23:31:35.961] INF [session] 切模式 commit 后瞬间档位：曝光=手动 / 白平衡=手动 / 快照=曝光手动·白平衡手动
[23:31:35.961] DBG [photo] Log 实况：录制链路不挂照片输出，跳过照片模板准备
[23:31:35.962] INF [device] 手动曝光档：ISO 898 快门 1/49s
[23:31:35.962] INF [session] 切模式：手动曝光已按快照重放（ISO 898）
[23:31:35.962] INF [device] 手动白平衡档：5172K（色调跟随当前值 -15）
[23:31:35.962] INF [session] 切模式：手动白平衡已按快照重放（5172K）
[23:31:35.963] INF [session] 切模式后档位复查（Log 实况）：曝光=手动 / 白平衡=手动 / 对焦意图=自动 / EV=+0.0
[23:31:35.963] INF [photo] Live Photo 采集 不被支持，已保持关闭
[23:31:36.109] INF [resource] 资源：模式 Log 实况 · input 活 2 · output 活 1 · 内存 31.9MB
[23:31:36.114] INF [session] 切换模式 Log 实况 → 视频
[23:31:36.280] INF [session] 切模式 commit 后瞬间档位：曝光=手动 / 白平衡=手动 / 快照=曝光手动·白平衡手动
[23:31:36.280] INF [photo] 照片编码格式：hvc1
[23:31:36.280] INF [device] 手动曝光档：ISO 937 快门 1/49s
[23:31:36.280] INF [session] 切模式：手动曝光已按快照重放（ISO 937）
[23:31:36.280] INF [device] 手动白平衡档：5036K（色调跟随当前值 -15）
[23:31:36.280] INF [session] 切模式：手动白平衡已按快照重放（5036K）
[23:31:36.282] INF [session] 切模式后档位复查（实况）：曝光=手动 / 白平衡=手动 / 对焦意图=自动 / EV=+0.0
[23:31:36.283] INF [photo] Live Photo 采集 不被支持，已保持关闭
[23:31:36.510] INF [session] 切模式 commit 后瞬间档位：曝光=手动 / 白平衡=手动 / 快照=曝光手动·白平衡手动
[23:31:36.511] INF [photo] 照片编码格式：hvc1
[23:31:36.511] INF [device] 手动曝光档：ISO 307 快门 1/49s
[23:31:36.511] INF [session] 切模式：手动曝光已按快照重放（ISO 307）
[23:31:36.511] INF [device] 手动白平衡档：4973K（色调跟随当前值 -14）
[23:31:36.511] INF [session] 切模式：手动白平衡已按快照重放（4973K）
[23:31:36.513] INF [session] 切模式后档位复查（实况）：曝光=手动 / 白平衡=手动 / 对焦意图=自动 / EV=+0.0
[23:31:36.866] INF [session] 切模式 commit 后瞬间档位：曝光=手动 / 白平衡=手动 / 快照=曝光手动·白平衡手动
[23:31:36.867] DBG [photo] 视频：录制链路不挂照片输出，跳过照片模板准备
[23:31:36.867] INF [device] 手动曝光档：ISO 849 快门 1/49s
[23:31:36.867] INF [session] 切模式：手动曝光已按快照重放（ISO 849）
[23:31:36.867] INF [device] 手动白平衡档：5176K（色调跟随当前值 -15）
[23:31:36.867] INF [session] 切模式：手动白平衡已按快照重放（5176K）
[23:31:36.869] INF [session] 切模式后档位复查（视频）：曝光=手动 / 白平衡=手动 / 对焦意图=自动 / EV=+0.0
[23:31:37.029] INF [session] 切模式 commit 后瞬间档位：曝光=手动 / 白平衡=手动 / 快照=曝光手动·白平衡手动
[23:31:37.029] DBG [photo] 视频：录制链路不挂照片输出，跳过照片模板准备
[23:31:37.029] INF [device] 手动曝光档：ISO 304 快门 1/49s
[23:31:37.030] INF [session] 切模式：手动曝光已按快照重放（ISO 304）
[23:31:37.030] INF [device] 手动白平衡档：5036K（色调跟随当前值 -15）
[23:31:37.030] INF [session] 切模式：手动白平衡已按快照重放（5036K）
[23:31:37.030] INF [session] 切模式后档位复查（视频）：曝光=手动 / 白平衡=手动 / 对焦意图=自动 / EV=+0.0
[23:31:37.822] INF [session] 切换模式 视频 → 照片
[23:31:37.826] INF [session] 已移除麦克风输入
[23:31:37.961] INF [audio] 音频会话已释放
[23:31:38.244] INF [session] 切模式 commit 后瞬间档位：曝光=手动 / 白平衡=手动 / 快照=曝光手动·白平衡手动
[23:31:38.244] INF [photo] 照片编码格式：hvc1
[23:31:38.245] INF [device] 手动曝光档：ISO 304 快门 1/49s
[23:31:38.245] INF [session] 切模式：手动曝光已按快照重放（ISO 304）
[23:31:38.245] INF [device] 手动白平衡档：5035K（色调跟随当前值 -15）
[23:31:38.245] INF [session] 切模式：手动白平衡已按快照重放（5035K）
[23:31:38.246] INF [session] 切模式后档位复查（照片）：曝光=手动 / 白平衡=手动 / 对焦意图=自动 / EV=+0.0
[23:31:41.110] INF [resource] 资源：模式 照片 · input 活 1 · output 活 1 · 内存 31.3MB
[23:31:46.110] INF [resource] 资源：模式 照片 · input 活 1 · output 活 1 · 内存 31.1MB
[23:31:51.109] INF [resource] 资源：模式 照片 · input 活 1 · output 活 1 · 内存 31.1MB
[23:31:51.996] DBG [ui] toast: 已呼出滤镜条 · 再上划一次呼出场景与风格
[23:31:53.131] DBG [ui] toast: 已呼出场景与风格 · 下划收起

