[22:23:34.126] INF [session] startRunning()
[22:23:35.017] INF [session] 预热跳过：3 颗镜头的格式都已在缓存里
[22:23:35.037] DBG [ui] 会话就绪 · 焦段 24mm 已对齐（变焦 2.00×）
[22:23:35.529] DBG [ui] 刻度条展开 → 后台预切换物理设备（为手动档铺路 · 无转场）
[22:23:35.529] DBG [ui] 刻度条展开（白平衡）
[22:23:35.529] DBG [ui] toast: 白平衡：自动（点右侧开关切手动）
[22:23:35.530] INF [session] 静默换形态（后台挂设备 · 无转场）→ 物理单摄（24 mm）
[22:23:35.941] INF [device] 格式已应用 Back Camera 4032x3024 1-30fps 4:3 photoMax=4032x3024/8064x6048 fps=30
[22:23:35.941] INF [session] 采集格式命中**缓存**（跳过探测循环）：4032x3024 1-30fps 4:3 photoMax=4032x3024/8064x6048
[22:23:35.941] INF [session] 搬运：EV 已重放（+0.0）
[22:23:35.941] INF [session] 搬运：对焦显式降级 → 连续自动（预检 ⑤）
[22:23:35.941] INF [session] 换设备后新设备档位复查：曝光=自动 / 白平衡=自动 / 对焦=自动（显式降级） / EV=+0.0
[22:23:35.942] INF [session] 换设备完成（静默·无转场）→ 物理单摄（24 mm）；当前档位 24 mm；Live Photo 能力=true；耗时 0.41s
[22:23:35.942] INF [session] 静默换形态耗时 0.41s（命中格式缓存 ≈0.3~0.8s；每设备首次冷探测 4~5s）
[22:23:36.839] DBG [ui] 刻度条收起（白平衡）
[22:23:36.839] DBG [ui] toast: 白平衡 刻度条已收起
[22:23:37.479] DBG [ui] 全手动档退出但参数界面开着 → 暂不回切（保预切换成果）
[22:23:37.479] DBG [ui] 刻度条展开（ISO）
[22:23:37.479] DBG [ui] toast: ISO：自动（点右侧开关切手动）
[22:23:38.031] INF [resource] 模式 照片 · input 活 1（累计增/删 2/1） · output 活 1（累计增/删 1/0） · 内存 31.4MB
[22:23:38.189] DBG [ui] 刻度条收起（ISO）
[22:23:38.189] DBG [ui] toast: ISO 刻度条已收起
[22:23:38.747] DBG [ui] 全手动档退出但参数界面开着 → 暂不回切（保预切换成果）
[22:23:38.747] DBG [ui] 刻度条展开（ISO）
[22:23:38.747] DBG [ui] toast: ISO：自动（点右侧开关切手动）
[22:23:39.371] DBG [ui] 切手动曝光档：初值 ISO 340 / 1/60s（设备当前值）
[22:23:39.371] DBG [ui] toast: ISO 已切手动（初值取当前画面值）· 左右滑动刻度调节
[22:23:39.372] INF [device] 手动曝光档：ISO 340 快门 1/60s
[22:23:39.922] DBG [ui] 刻度条收起（ISO）
[22:23:39.922] DBG [ui] toast: ISO 刻度条已收起
[22:23:40.384] DBG [ui] 对焦圆盘展开（入口：图标行「对焦」）
[22:23:40.384] DBG [ui] toast: 手动对焦：拖动圆盘调焦（0.0 近 → ∞ 远） · 再点收起
[22:23:41.429] WRN [ui] 关自动对焦被拒：对焦读数无效（0.00，0.00 端点 / 非有限值不当「当前值」锁定）→ 保持自动对焦
[22:23:41.429] DBG [ui] toast: 对焦读数尚未就绪（0.00）→ 保持自动对焦；先点按取景器对焦，或直接拖动圆盘手动调
[22:23:42.060] INF [resource] 模式 照片 · input 活 1（累计增/删 2/1） · output 活 1（累计增/删 1/0） · 内存 31.2MB
[22:23:42.638] WRN [ui] 关自动对焦被拒：对焦读数无效（0.00，0.00 端点 / 非有限值不当「当前值」锁定）→ 保持自动对焦
[22:23:42.638] DBG [ui] toast: 对焦读数尚未就绪（0.00）→ 保持自动对焦；先点按取景器对焦，或直接拖动圆盘手动调
[22:23:43.554] WRN [ui] 关自动对焦被拒：对焦读数无效（0.00，0.00 端点 / 非有限值不当「当前值」锁定）→ 保持自动对焦
[22:23:43.554] DBG [ui] toast: 对焦读数尚未就绪（0.00）→ 保持自动对焦；先点按取景器对焦，或直接拖动圆盘手动调
[22:23:43.921] WRN [ui] 关自动对焦被拒：对焦读数无效（0.00，0.00 端点 / 非有限值不当「当前值」锁定）→ 保持自动对焦
[22:23:43.921] DBG [ui] toast: 对焦读数尚未就绪（0.00）→ 保持自动对焦；先点按取景器对焦，或直接拖动圆盘手动调
[22:23:44.121] WRN [ui] 关自动对焦被拒：对焦读数无效（0.00，0.00 端点 / 非有限值不当「当前值」锁定）→ 保持自动对焦
[22:23:44.121] DBG [ui] toast: 对焦读数尚未就绪（0.00）→ 保持自动对焦；先点按取景器对焦，或直接拖动圆盘手动调
[22:23:44.305] WRN [ui] 关自动对焦被拒：对焦读数无效（0.00，0.00 端点 / 非有限值不当「当前值」锁定）→ 保持自动对焦
[22:23:44.305] DBG [ui] toast: 对焦读数尚未就绪（0.00）→ 保持自动对焦；先点按取景器对焦，或直接拖动圆盘手动调
[22:23:44.505] WRN [ui] 关自动对焦被拒：对焦读数无效（0.00，0.00 端点 / 非有限值不当「当前值」锁定）→ 保持自动对焦
[22:23:44.505] DBG [ui] toast: 对焦读数尚未就绪（0.00）→ 保持自动对焦；先点按取景器对焦，或直接拖动圆盘手动调
[22:23:44.705] WRN [ui] 关自动对焦被拒：对焦读数无效（0.00，0.00 端点 / 非有限值不当「当前值」锁定）→ 保持自动对焦
[22:23:44.705] DBG [ui] toast: 对焦读数尚未就绪（0.00）→ 保持自动对焦；先点按取景器对焦，或直接拖动圆盘手动调
[22:23:44.921] WRN [ui] 关自动对焦被拒：对焦读数无效（0.00，0.00 端点 / 非有限值不当「当前值」锁定）→ 保持自动对焦
[22:23:44.922] DBG [ui] toast: 对焦读数尚未就绪（0.00）→ 保持自动对焦；先点按取景器对焦，或直接拖动圆盘手动调
[22:23:45.205] WRN [ui] 关自动对焦被拒：对焦读数无效（0.00，0.00 端点 / 非有限值不当「当前值」锁定）→ 保持自动对焦
[22:23:45.206] DBG [ui] toast: 对焦读数尚未就绪（0.00）→ 保持自动对焦；先点按取景器对焦，或直接拖动圆盘手动调
[22:23:46.972] WRN [ui] 关自动对焦被拒：对焦读数无效（0.00，0.00 端点 / 非有限值不当「当前值」锁定）→ 保持自动对焦
[22:23:46.972] DBG [ui] toast: 对焦读数尚未就绪（0.00）→ 保持自动对焦；先点按取景器对焦，或直接拖动圆盘手动调
[22:23:47.031] INF [resource] 模式 照片 · input 活 1（累计增/删 2/1） · output 活 1（累计增/删 1/0） · 内存 30.0MB
[22:23:47.739] WRN [ui] 关自动对焦被拒：对焦读数无效（0.00，0.00 端点 / 非有限值不当「当前值」锁定）→ 保持自动对焦
[22:23:47.739] DBG [ui] toast: 对焦读数尚未就绪（0.00）→ 保持自动对焦；先点按取景器对焦，或直接拖动圆盘手动调
[22:23:48.306] DBG [preview] 点按对焦 view=(89,723) device=(0.93,0.69)
[22:23:48.306] DBG [ui] 对焦圆盘收起（点别处）
[22:23:48.311] DBG [device] 对焦点 → (0.93, 0.69)
[22:23:48.312] INF [device] 手动曝光档：ISO 340 快门 1/60s
[22:23:48.312] INF [session] 点按对焦后按意图重放手动曝光（ISO 340 / 1/60s）
[22:23:48.313] INF [session] 点按对焦后档位：曝光=手动 / 白平衡=自动 / 意图=曝光手动·白平衡自动
[22:23:48.614] DBG [preview] 点按对焦 view=(89,729) device=(0.94,0.69)
[22:23:48.618] DBG [device] 对焦点 → (0.94, 0.69)
[22:23:48.618] INF [device] 手动曝光档：ISO 340 快门 1/60s
[22:23:48.618] INF [session] 点按对焦后按意图重放手动曝光（ISO 340 / 1/60s）
[22:23:48.619] INF [session] 点按对焦后档位：曝光=手动 / 白平衡=自动 / 意图=曝光手动·白平衡自动
[22:23:49.382] DBG [ui] 对焦圆盘展开（入口：图标行「对焦」）
[22:23:49.383] DBG [ui] toast: 手动对焦：拖动圆盘调焦（0.0 近 → ∞ 远） · 再点收起
[22:23:50.061] INF [resource] 模式 照片 · input 活 1（累计增/删 2/1） · output 活 1（累计增/删 1/0） · 内存 30.0MB
[22:23:50.947] DBG [ui] 自动对焦已关 → 手动（当前值 0.60 锁定）
[22:23:50.948] DBG [ui] toast: 自动对焦已关：现在可以拖动圆盘手动调焦
[22:23:53.082] INF [resource] 模式 照片 · input 活 1（累计增/删 2/1） · output 活 1（累计增/删 1/0） · 内存 30.0MB
[22:23:53.146] INF [resource] 模式 照片 · input 活 1（累计增/删 2/1） · output 活 1（累计增/删 1/0） · 内存 30.0MB
[22:23:53.355] INF [resource] 模式 照片 · input 活 1（累计增/删 2/1） · output 活 1（累计增/删 1/0） · 内存 30.1MB
[22:23:54.365] DBG [preview] 点按对焦 view=(57,389) device=(0.50,0.75)
[22:23:54.365] DBG [ui] 对焦圆盘收起（点别处）
[22:23:54.365] DBG [ui] 手动对焦锁定中 + 对焦盘开着 → 点按仅测光（不解除手动档，防误触）
[22:23:54.367] DBG [device] 点按测光（对焦已锁定，不动焦）→ (0.50, 0.75)
[22:23:55.320] DBG [ui] 刻度条展开（白平衡）
[22:23:55.320] DBG [ui] toast: 白平衡：自动（点右侧开关切手动）
[22:23:56.429] DBG [ui] 切手动白平衡档：初值取设备当前值 5231K
[22:23:56.429] DBG [ui] toast: 白平衡 已切手动（初值取当前画面值）· 左右滑动刻度调节
[22:23:56.430] INF [device] 手动白平衡档：5231K（色调跟随当前值 23）
[22:23:56.471] INF [resource] 模式 照片 · input 活 1（累计增/删 2/1） · output 活 1（累计增/删 1/0） · 内存 31.4MB
[22:23:56.996] DBG [ui] 刻度条展开（ISO）
[22:23:56.996] DBG [ui] toast: ISO：手动 340（左右滑动刻度）
[22:23:57.696] DBG [ui] 刻度条展开（快门）
[22:23:57.696] DBG [ui] toast: 快门：手动 1/60s（左右滑动刻度）
[22:23:58.428] DBG [ui] 手动曝光档下点「曝光补偿」→ 已拦下并说明 EV 不生效
[22:23:58.428] DBG [ui] toast: 手动 ISO / 快门 档下 EV 不生效 —— 先点刻度条右端开关切回自动
[22:23:59.546] DBG [ui] 刻度条收起（快门）
[22:23:59.546] DBG [ui] toast: 快门 刻度条已收起
[22:24:00.138] DBG [ui] 手动曝光档下点「曝光补偿」→ 已拦下并说明 EV 不生效
[22:24:00.138] DBG [ui] toast: 手动 ISO / 快门 档下 EV 不生效 —— 先点刻度条右端开关切回自动
[22:24:01.031] INF [resource] 模式 照片 · input 活 1（累计增/删 2/1） · output 活 1（累计增/删 1/0） · 内存 31.7MB
[22:24:01.121] DBG [ui] 手动曝光档下点「曝光补偿」→ 已拦下并说明 EV 不生效
[22:24:01.121] DBG [ui] toast: 手动 ISO / 快门 档下 EV 不生效 —— 先点刻度条右端开关切回自动
[22:24:01.806] DBG [ui] 手动曝光档下点「曝光补偿」→ 已拦下并说明 EV 不生效
[22:24:01.806] DBG [ui] toast: 手动 ISO / 快门 档下 EV 不生效 —— 先点刻度条右端开关切回自动
[22:24:02.639] DBG [ui] 手动曝光档下点「曝光补偿」→ 已拦下并说明 EV 不生效
[22:24:02.639] DBG [ui] toast: 手动 ISO / 快门 档下 EV 不生效 —— 先点刻度条右端开关切回自动
[22:24:03.054] DBG [ui] 手动曝光档下点「曝光补偿」→ 已拦下并说明 EV 不生效
[22:24:03.054] DBG [ui] toast: 手动 ISO / 快门 档下 EV 不生效 —— 先点刻度条右端开关切回自动
[22:24:03.307] DBG [ui] 手动曝光档下点「曝光补偿」→ 已拦下并说明 EV 不生效
[22:24:03.307] DBG [ui] toast: 手动 ISO / 快门 档下 EV 不生效 —— 先点刻度条右端开关切回自动
[22:24:03.473] DBG [ui] 手动曝光档下点「曝光补偿」→ 已拦下并说明 EV 不生效
[22:24:03.473] DBG [ui] toast: 手动 ISO / 快门 档下 EV 不生效 —— 先点刻度条右端开关切回自动
[22:24:03.672] DBG [ui] 手动曝光档下点「曝光补偿」→ 已拦下并说明 EV 不生效
[22:24:03.672] DBG [ui] toast: 手动 ISO / 快门 档下 EV 不生效 —— 先点刻度条右端开关切回自动
[22:24:03.840] DBG [ui] 手动曝光档下点「曝光补偿」→ 已拦下并说明 EV 不生效
[22:24:03.840] DBG [ui] toast: 手动 ISO / 快门 档下 EV 不生效 —— 先点刻度条右端开关切回自动
[22:24:04.421] DBG [ui] 手动曝光档下点「曝光补偿」→ 已拦下并说明 EV 不生效
[22:24:04.421] DBG [ui] toast: 手动 ISO / 快门 档下 EV 不生效 —— 先点刻度条右端开关切回自动
[22:24:04.787] DBG [ui] 手动曝光档下点「曝光补偿」→ 已拦下并说明 EV 不生效
[22:24:04.787] DBG [ui] toast: 手动 ISO / 快门 档下 EV 不生效 —— 先点刻度条右端开关切回自动
[22:24:05.240] DBG [ui] 手动曝光档下点「曝光补偿」→ 已拦下并说明 EV 不生效
[22:24:05.240] DBG [ui] toast: 手动 ISO / 快门 档下 EV 不生效 —— 先点刻度条右端开关切回自动
[22:24:05.455] DBG [ui] 手动曝光档下点「曝光补偿」→ 已拦下并说明 EV 不生效
[22:24:05.455] DBG [ui] toast: 手动 ISO / 快门 档下 EV 不生效 —— 先点刻度条右端开关切回自动
[22:24:05.607] DBG [ui] 手动曝光档下点「曝光补偿」→ 已拦下并说明 EV 不生效
[22:24:05.607] DBG [ui] toast: 手动 ISO / 快门 档下 EV 不生效 —— 先点刻度条右端开关切回自动
[22:24:05.773] DBG [ui] 手动曝光档下点「曝光补偿」→ 已拦下并说明 EV 不生效
[22:24:05.773] DBG [ui] toast: 手动 ISO / 快门 档下 EV 不生效 —— 先点刻度条右端开关切回自动
[22:24:06.061] INF [resource] 模式 照片 · input 活 1（累计增/删 2/1） · output 活 1（累计增/删 1/0） · 内存 30.3MB
[22:24:07.272] DBG [ui] 手动曝光档下点「曝光补偿」→ 已拦下并说明 EV 不生效
[22:24:07.273] DBG [ui] toast: 手动 ISO / 快门 档下 EV 不生效 —— 先点刻度条右端开关切回自动
[22:24:07.940] DBG [ui] 手动曝光档下点「曝光补偿」→ 已拦下并说明 EV 不生效
[22:24:07.940] DBG [ui] toast: 手动 ISO / 快门 档下 EV 不生效 —— 先点刻度条右端开关切回自动
[22:24:11.032] INF [resource] 模式 照片 · input 活 1（累计增/删 2/1） · output 活 1（累计增/删 1/0） · 内存 30.2MB
[22:24:11.291] INF [perm] 申请麦克风权限结果：true
[22:24:11.291] DBG [perm] 刷新权限 camera=已授权 mic=已授权 albumAdd=未决定 albumRead=未决定
[22:24:11.291] INF [session] 切换模式 照片 → 实况
[22:24:11.319] WRN [resource] ⚠️ 资源超出预期（多出来的那个就是泄漏的形状）：模式 照片 · input 活 2（累计增/删 3/1） · output 活 1（累计增/删 1/0） · 内存 30.2MB · 预期 input ≤ 1 / output ≤ 1
[22:24:11.319] INF [session] 已加入麦克风输入
[22:24:11.401] INF [audio] 音频会话已激活（active=true category=AVAudioSessionCategoryPlayAndRecord mode=AVAudioSessionModeVideoRecording 48000Hz ch=1）
[22:24:11.402] WRN [resource] ⚠️ 资源超出预期（多出来的那个就是泄漏的形状）：模式 照片 · input 活 2（累计增/删 3/1） · output 活 0（累计增/删 1/1） · 内存 30.3MB · 预期 input ≤ 1 / output ≤ 1
[22:24:11.403] WRN [resource] ⚠️ 资源超出预期（多出来的那个就是泄漏的形状）：模式 照片 · input 活 2（累计增/删 3/1） · output 活 1（累计增/删 2/1） · 内存 30.3MB · 预期 input ≤ 1 / output ≤ 1
[22:24:11.403] INF [photo] Live Photo 采集 已开启
[22:24:11.818] INF [session] 切模式 commit 后瞬间档位：曝光=手动 / 白平衡=手动 / 快照=曝光手动·白平衡手动
[22:24:11.818] INF [photo] 照片编码格式：hvc1
[22:24:11.818] INF [device] 手动曝光档：ISO 340 快门 1/60s
[22:24:11.818] INF [session] 切模式：手动曝光已按快照重放（ISO 340）
[22:24:11.819] INF [device] 手动白平衡档：5231K（色调跟随当前值 23）
[22:24:11.819] INF [session] 切模式：手动白平衡已按快照重放（5231K）
[22:24:11.819] INF [session] 切模式后档位复查（实况）：曝光=手动 / 白平衡=手动 / 对焦意图=手动 / EV=+0.0
[22:24:11.819] INF [session] 切模式耗时 0.53s（实况；含 outputs 重配与参数重放）
[22:24:11.819] WRN [resource] ⚠️ 资源超出预期（多出来的那个就是泄漏的形状）：模式 照片 · input 活 2（累计增/删 3/1） · output 活 1（累计增/删 2/1） · 内存 30.3MB · 预期 input ≤ 1 / output ≤ 1
[22:24:11.820] INF [session] 预热决策：开始预热，待探 3 颗（Back Ultra Wide Camera / Back Camera / Back Telephoto Camera）—— 串行逐颗，一旦打断直播会话就整体放弃
[22:24:12.318] DBG [ui] toast: Log 实况：当前录制 Log 视频，套用 LUT 导出实况照片在 P5 交付
[22:24:12.318] INF [session] 切换模式 实况 → Log 实况
[22:24:12.636] INF [session] 切模式 commit 后瞬间档位：曝光=手动 / 白平衡=手动 / 快照=曝光手动·白平衡手动
[22:24:12.636] DBG [photo] Log 实况：录制链路不挂照片输出，跳过照片模板准备
[22:24:12.636] INF [device] 手动曝光档：ISO 340 快门 1/60s
[22:24:12.636] INF [session] 切模式：手动曝光已按快照重放（ISO 340）
[22:24:12.637] INF [device] 手动白平衡档：5231K（色调跟随当前值 23）
[22:24:12.637] INF [session] 切模式：手动白平衡已按快照重放（5231K）
[22:24:12.637] INF [session] 切模式后档位复查（Log 实况）：曝光=手动 / 白平衡=手动 / 对焦意图=手动 / EV=+0.0
[22:24:12.637] INF [session] 切模式耗时 0.32s（Log 实况；含 outputs 重配与参数重放）
[22:24:12.886] WRN [session] ⚠️ 直播会话被打断：视频设备被另一个客户端占用（raw 3）
[22:24:13.342] INF [session] 切换模式 Log 实况 → 视频
[22:24:13.344] INF [session] 切模式 commit 后瞬间档位：曝光=手动 / 白平衡=手动 / 快照=曝光手动·白平衡手动
[22:24:13.344] DBG [photo] 视频：录制链路不挂照片输出，跳过照片模板准备
[22:24:13.344] INF [device] 手动曝光档：ISO 1049 快门 1/35s
[22:24:13.344] INF [session] 切模式：手动曝光已按快照重放（ISO 1049）
[22:24:13.344] INF [device] 手动白平衡档：5230K（色调跟随当前值 23）
[22:24:13.344] INF [session] 切模式：手动白平衡已按快照重放（5230K）
[22:24:13.345] INF [session] 切模式后档位复查（视频）：曝光=手动 / 白平衡=手动 / 对焦意图=手动 / EV=+0.0
[22:24:13.345] INF [session] 切模式耗时 0.00s（视频；含 outputs 重配与参数重放）
[22:24:13.372] INF [resource] 模式 视频 · input 活 2（累计增/删 3/1） · output 活 1（累计增/删 4/3） · 内存 30.5MB
[22:24:13.517] INF [device] 格式已应用 Back Ultra Wide Camera 1920x1440 1-30fps 4:3 photoMax=1920x1440/4032x3024 fps=30
[22:24:14.042] INF [device] 格式已应用 Back Ultra Wide Camera 1920x1440 1-60fps 4:3 photoMax=1920x1440/4032x3024 fps=30
[22:24:14.510] INF [device] 格式已应用 Back Ultra Wide Camera 1920x1440 1-60fps 4:3 photoMax=1920x1440/4032x3024 fps=30
[22:24:14.781] INF [device] 格式已应用 Back Ultra Wide Camera 1920x1440 1-60fps 4:3 photoMax=1920x1440/4032x3024 fps=30
[22:24:14.902] INF [device] 格式已应用 Back Ultra Wide Camera 1920x1440 1-60fps 4:3 photoMax=1920x1440/4032x3024 fps=30
[22:24:15.149] INF [device] 格式已应用 Back Ultra Wide Camera 1920x1440 1-60fps binned 4:3 photoMax=1920x1440/2016x1512 fps=30
[22:24:15.267] INF [device] 格式已应用 Back Ultra Wide Camera 1920x1440 1-60fps binned 4:3 photoMax=1920x1440/2016x1512 fps=30
[22:24:15.601] INF [device] 格式已应用 Back Ultra Wide Camera 2592x1944 1-30fps 4:3 photoMax=2592x1944/4032x3024 fps=30
[22:24:15.955] INF [device] 格式已应用 Back Ultra Wide Camera 2592x1944 1-30fps 4:3 photoMax=2592x1944/4032x3024 fps=30
[22:24:16.314] INF [device] 格式已应用 Back Ultra Wide Camera 3264x2448 1-30fps 4:3 photoMax=3264x2448/4032x3024 fps=30
[22:24:16.668] INF [device] 格式已应用 Back Ultra Wide Camera 3264x2448 1-30fps 4:3 photoMax=3264x2448/4032x3024 fps=30
[22:24:17.195] INF [device] 格式已应用 Back Ultra Wide Camera 4032x3024 1-30fps 4:3 photoMax=4032x3024/8064x6048 fps=30
[22:24:17.195] INF [session] 预热探到格式：Back Ultra Wide Camera 4032x3024 1-30fps 4:3 photoMax=4032x3024/8064x6048（候选 35 个）
[22:24:17.415] WRN [session] ⚠️ 直播会话被打断：视频设备被另一个客户端占用（raw 3）
[22:24:17.419] WRN [session] ⚠️ 直播会话被打断：视频设备被另一个客户端占用（raw 3）
[22:24:17.829] INF [resource] 模式 视频 · input 活 2（累计增/删 3/1） · output 活 1（累计增/删 4/3） · 内存 30.4MB
[22:24:18.087] INF [device] 格式已应用 Back Camera 1920x1440 1-30fps 4:3 photoMax=1920x1440/4032x3024 fps=30
[22:24:18.131] DBG [ui] toast: Log 实况：当前录制 Log 视频，套用 LUT 导出实况照片在 P5 交付
[22:24:18.132] INF [session] 切换模式 视频 → Log 实况
[22:24:18.137] INF [session] 切模式 commit 后瞬间档位：曝光=手动 / 白平衡=手动 / 快照=曝光手动·白平衡手动
[22:24:18.137] DBG [photo] Log 实况：录制链路不挂照片输出，跳过照片模板准备
[22:24:18.225] INF [device] 手动曝光档：ISO 261 快门 1/35s
[22:24:18.226] INF [session] 切模式：手动曝光已按快照重放（ISO 261）
[22:24:18.486] INF [device] 手动白平衡档：5755K（色调跟随当前值 21）
[22:24:18.495] INF [session] 切模式：手动白平衡已按快照重放（5755K）
[22:24:18.496] INF [session] 切模式后档位复查（Log 实况）：曝光=手动 / 白平衡=手动 / 对焦意图=手动 / EV=+0.0
[22:24:18.496] INF [session] 切模式耗时 0.36s（Log 实况；含 outputs 重配与参数重放）
[22:24:18.551] INF [device] 格式已应用 Back Camera 1920x1440 1-60fps 4:3 photoMax=1920x1440/4032x3024 fps=30
[22:24:18.553] INF [device] 格式已应用 Back Camera 1920x1440 1-60fps 4:3 photoMax=1920x1440/4032x3024 fps=30
[22:24:18.556] INF [device] 格式已应用 Back Camera 1920x1440 1-60fps 4:3 photoMax=1920x1440/4032x3024 fps=30
[22:24:18.558] INF [device] 格式已应用 Back Camera 1920x1440 1-60fps 4:3 photoMax=1920x1440/4032x3024 fps=30
[22:24:18.560] INF [device] 格式已应用 Back Camera 1920x1440 1-60fps binned 4:3 photoMax=1920x1440/2016x1512 fps=30
[22:24:18.561] INF [device] 格式已应用 Back Camera 1920x1440 1-60fps binned 4:3 photoMax=1920x1440/2016x1512 fps=30
[22:24:18.563] INF [device] 格式已应用 Back Camera 2592x1944 1-30fps 4:3 photoMax=2592x1944/4032x3024 fps=30
[22:24:18.564] INF [device] 格式已应用 Back Camera 2592x1944 1-30fps 4:3 photoMax=2592x1944/4032x3024 fps=30
[22:24:18.565] INF [device] 格式已应用 Back Camera 3264x2448 1-30fps 4:3 photoMax=3264x2448/4032x3024 fps=30
[22:24:18.566] INF [device] 格式已应用 Back Camera 3264x2448 1-30fps 4:3 photoMax=3264x2448/4032x3024 fps=30
[22:24:18.567] INF [device] 格式已应用 Back Camera 4032x3024 1-30fps 4:3 photoMax=4032x3024/8064x6048 fps=30
[22:24:18.567] INF [session] 预热探到格式：Back Camera 4032x3024 1-30fps 4:3 photoMax=4032x3024/8064x6048（候选 41 个）
[22:24:19.309] INF [device] 格式已应用 Back Telephoto Camera 1920x1440 1-30fps 4:3 photoMax=1920x1440/4032x3024 fps=30
[22:24:19.769] INF [device] 格式已应用 Back Telephoto Camera 1920x1440 1-60fps 4:3 photoMax=1920x1440/4032x3024 fps=30
[22:24:20.208] INF [device] 格式已应用 Back Telephoto Camera 1920x1440 1-60fps 4:3 photoMax=1920x1440/4032x3024 fps=30
[22:24:20.573] INF [device] 格式已应用 Back Telephoto Camera 1920x1440 1-60fps 4:3 photoMax=1920x1440/4032x3024 fps=30
[22:24:20.666] INF [device] 格式已应用 Back Telephoto Camera 1920x1440 1-60fps 4:3 photoMax=1920x1440/4032x3024 fps=30
[22:24:20.981] INF [device] 格式已应用 Back Telephoto Camera 1920x1440 1-60fps binned 4:3 photoMax=1920x1440/2016x1512 fps=30
[22:24:21.081] INF [device] 格式已应用 Back Telephoto Camera 1920x1440 1-60fps binned 4:3 photoMax=1920x1440/2016x1512 fps=30
[22:24:21.459] INF [device] 格式已应用 Back Telephoto Camera 2592x1944 1-30fps 4:3 photoMax=2592x1944/4032x3024 fps=30
[22:24:21.852] INF [resource] 模式 Log 实况 · input 活 2（累计增/删 3/1） · output 活 1（累计增/删 5/4） · 内存 31.8MB
[22:24:21.853] INF [device] 格式已应用 Back Telephoto Camera 2592x1944 1-30fps 4:3 photoMax=2592x1944/4032x3024 fps=30
[22:24:22.213] INF [device] 格式已应用 Back Telephoto Camera 3264x2448 1-30fps 4:3 photoMax=3264x2448/4032x3024 fps=30
[22:24:22.569] INF [session] 切换模式 Log 实况 → 视频
[22:24:22.576] INF [session] 切模式 commit 后瞬间档位：曝光=手动 / 白平衡=手动 / 快照=曝光手动·白平衡手动
[22:24:22.576] DBG [photo] 视频：录制链路不挂照片输出，跳过照片模板准备
[22:24:22.576] INF [device] 手动曝光档：ISO 54 快门 1/30s
[22:24:22.576] INF [session] 切模式：手动曝光已按快照重放（ISO 50）
[22:24:22.576] INF [device] 手动白平衡档：3796K（色调跟随当前值 -3）
[22:24:22.576] INF [session] 切模式：手动白平衡已按快照重放（3796K）
[22:24:22.577] INF [session] 切模式后档位复查（视频）：曝光=手动 / 白平衡=手动 / 对焦意图=手动 / EV=+0.0
[22:24:22.577] INF [session] 切模式耗时 0.01s（视频；含 outputs 重配与参数重放）
[22:24:22.626] INF [device] 格式已应用 Back Telephoto Camera 3264x2448 1-30fps 4:3 photoMax=3264x2448/4032x3024 fps=30
[22:24:23.119] INF [device] 格式已应用 Back Telephoto Camera 4032x3024 1-30fps 4:3 photoMax=4032x3024 fps=30
[22:24:23.119] INF [session] 预热探到格式：Back Telephoto Camera 4032x3024 1-30fps 4:3 photoMax=4032x3024（候选 35 个）
[22:24:23.205] INF [session] 预热结束：耗时 11.39s
[22:24:23.885] INF [session] 切换模式 视频 → 照片
[22:24:23.886] INF [session] 已移除麦克风输入
[22:24:23.950] INF [audio] 音频会话已释放
[22:24:23.954] INF [session] 切模式 commit 后瞬间档位：曝光=手动 / 白平衡=手动 / 快照=曝光手动·白平衡手动
[22:24:23.954] INF [photo] 照片编码格式：hvc1
[22:24:23.954] INF [device] 手动曝光档：ISO 54 快门 1/30s
[22:24:23.954] INF [session] 切模式：手动曝光已按快照重放（ISO 50）
[22:24:23.954] INF [device] 手动白平衡档：3796K（色调跟随当前值 -3）
[22:24:23.954] INF [session] 切模式：手动白平衡已按快照重放（3796K）
[22:24:23.955] INF [session] 切模式后档位复查（照片）：曝光=手动 / 白平衡=手动 / 对焦意图=手动 / EV=+0.0
[22:24:23.955] INF [session] 切模式耗时 0.07s（照片；含 outputs 重配与参数重放）
[22:24:24.830] INF [resource] 模式 照片 · input 活 1（累计增/删 3/2） · output 活 1（累计增/删 7/6） · 内存 32.0MB
[22:24:29.859] INF [resource] 模式 照片 · input 活 1（累计增/删 3/2） · output 活 1（累计增/删 7/6） · 内存 31.6MB
[22:24:34.829] INF [resource] 模式 照片 · input 活 1（累计增/删 3/2） · output 活 1（累计增/删 7/6） · 内存 31.6MB
[22:24:39.858] INF [resource] 模式 照片 · input 活 1（累计增/删 3/2） · output 活 1（累计增/删 7/6） · 内存 31.6MB
[22:24:44.830] INF [resource] 模式 照片 · input 活 1（累计增/删 3/2） · output 活 1（累计增/删 7/6） · 内存 31.6MB
[22:24:49.858] INF [resource] 模式 照片 · input 活 1（累计增/删 3/2） · output 活 1（累计增/删 7/6） · 内存 31.6MB
[22:24:54.830] INF [resource] 模式 照片 · input 活 1（累计增/删 3/2） · output 活 1（累计增/删 7/6） · 内存 31.6MB
[22:24:59.164] INF [resource] 模式 照片 · input 活 1（累计增/删 3/2） · output 活 1（累计增/删 7/6） · 内存 31.7MB

============================================================
